Archive member included to satisfy reference by file (symbol)

../Middlewares/ST/AI/Lib\NetworkRuntime500_CM7_GCC.a(ai_network_inspector.o)
                              X-CUBE-AI/App/aiValidation.o (ai_inspector_bind_network)
../Middlewares/ST/AI/Lib\NetworkRuntime500_CM7_GCC.a(ai_platform_interface.o)
                              X-CUBE-AI/App/network.o (ai_platform_api_get_network_report)
../Middlewares/ST/AI/Lib\NetworkRuntime500_CM7_GCC.a(core_common.o)
                              ../Middlewares/ST/AI/Lib\NetworkRuntime500_CM7_GCC.a(ai_platform_interface.o) (core_get_error)
../Middlewares/ST/AI/Lib\NetworkRuntime500_CM7_GCC.a(core_mem_manager.o)
                              ../Middlewares/ST/AI/Lib\NetworkRuntime500_CM7_GCC.a(ai_network_inspector.o) (core_mem_alloc)
../Middlewares/ST/AI/Lib\NetworkRuntime500_CM7_GCC.a(core_net_inspect.o)
                              ../Middlewares/ST/AI/Lib\NetworkRuntime500_CM7_GCC.a(ai_network_inspector.o) (ai_network_inspect_destroy)
../Middlewares/ST/AI/Lib\NetworkRuntime500_CM7_GCC.a(core_utils.o)
                              ../Middlewares/ST/AI/Lib\NetworkRuntime500_CM7_GCC.a(core_net_inspect.o) (core_utils_generate_network_signature)
../Middlewares/ST/AI/Lib\NetworkRuntime500_CM7_GCC.a(layers.o)
                              ../Middlewares/ST/AI/Lib\NetworkRuntime500_CM7_GCC.a(ai_platform_interface.o) (ai_check_custom_types)
../Middlewares/ST/AI/Lib\NetworkRuntime500_CM7_GCC.a(layers_conv2d_generic_float.o)
                              X-CUBE-AI/App/network.o (forward_dense)
../Middlewares/ST/AI/Lib\NetworkRuntime500_CM7_GCC.a(layers_nl_generic_float.o)
                              X-CUBE-AI/App/network.o (forward_relu)
../Middlewares/ST/AI/Lib\NetworkRuntime500_CM7_GCC.a(ai_datatypes_format.o)
                              ../Middlewares/ST/AI/Lib\NetworkRuntime500_CM7_GCC.a(ai_platform_interface.o) (ai_array_get_byte_size)
../Middlewares/ST/AI/Lib\NetworkRuntime500_CM7_GCC.a(ai_math_helpers.o)
                              ../Middlewares/ST/AI/Lib\NetworkRuntime500_CM7_GCC.a(layers_nl_generic_float.o) (ai_math_sqrt)
../Middlewares/ST/AI/Lib\NetworkRuntime500_CM7_GCC.a(arm_mat_init_f32.o)
                              ../Middlewares/ST/AI/Lib\NetworkRuntime500_CM7_GCC.a(layers_conv2d_generic_float.o) (arm_mat_init_f32)
../Middlewares/ST/AI/Lib\NetworkRuntime500_CM7_GCC.a(core_benchmark.o)
                              ../Middlewares/ST/AI/Lib\NetworkRuntime500_CM7_GCC.a(core_net_inspect.o) (core_timer_init)
c:/st/stm32cubeide_1.3.0/stm32cubeide/plugins/com.st.stm32cube.ide.mcu.externaltools.gnu-tools-for-stm32.7-2018-q2-update.win32_1.0.0.201904181610/tools/bin/../lib/gcc/arm-none-eabi/7.3.1/../../../../arm-none-eabi/lib/thumb/v7e-m/fpv5/hard\libc_nano.a(lib_a-aeabi_memclr.o)
                              ../Middlewares/ST/AI/Lib\NetworkRuntime500_CM7_GCC.a(layers_nl_generic_float.o) (__aeabi_memclr)
c:/st/stm32cubeide_1.3.0/stm32cubeide/plugins/com.st.stm32cube.ide.mcu.externaltools.gnu-tools-for-stm32.7-2018-q2-update.win32_1.0.0.201904181610/tools/bin/../lib/gcc/arm-none-eabi/7.3.1/../../../../arm-none-eabi/lib/thumb/v7e-m/fpv5/hard\libc_nano.a(lib_a-aeabi_memcpy.o)
                              ../Middlewares/ST/AI/Lib\NetworkRuntime500_CM7_GCC.a(ai_platform_interface.o) (__aeabi_memcpy)
c:/st/stm32cubeide_1.3.0/stm32cubeide/plugins/com.st.stm32cube.ide.mcu.externaltools.gnu-tools-for-stm32.7-2018-q2-update.win32_1.0.0.201904181610/tools/bin/../lib/gcc/arm-none-eabi/7.3.1/../../../../arm-none-eabi/lib/thumb/v7e-m/fpv5/hard\libc_nano.a(lib_a-aeabi_memset-soft.o)
                              c:/st/stm32cubeide_1.3.0/stm32cubeide/plugins/com.st.stm32cube.ide.mcu.externaltools.gnu-tools-for-stm32.7-2018-q2-update.win32_1.0.0.201904181610/tools/bin/../lib/gcc/arm-none-eabi/7.3.1/../../../../arm-none-eabi/lib/thumb/v7e-m/fpv5/hard\libc_nano.a(lib_a-aeabi_memclr.o) (__aeabi_memset)
c:/st/stm32cubeide_1.3.0/stm32cubeide/plugins/com.st.stm32cube.ide.mcu.externaltools.gnu-tools-for-stm32.7-2018-q2-update.win32_1.0.0.201904181610/tools/bin/../lib/gcc/arm-none-eabi/7.3.1/../../../../arm-none-eabi/lib/thumb/v7e-m/fpv5/hard\libc_nano.a(lib_a-errno.o)
                              Core/Src/syscalls.o (__errno)
c:/st/stm32cubeide_1.3.0/stm32cubeide/plugins/com.st.stm32cube.ide.mcu.externaltools.gnu-tools-for-stm32.7-2018-q2-update.win32_1.0.0.201904181610/tools/bin/../lib/gcc/arm-none-eabi/7.3.1/../../../../arm-none-eabi/lib/thumb/v7e-m/fpv5/hard\libc_nano.a(lib_a-exit.o)
                              c:/st/stm32cubeide_1.3.0/stm32cubeide/plugins/com.st.stm32cube.ide.mcu.externaltools.gnu-tools-for-stm32.7-2018-q2-update.win32_1.0.0.201904181610/tools/bin/../lib/gcc/arm-none-eabi/7.3.1/../../../../arm-none-eabi/lib/thumb/v7e-m/fpv5/hard/crt0.o (exit)
[...]
Memory Configuration

Name             Origin             Length             Attributes
RAM              0x0000000020000000 0x0000000000080000 xrw
FLASH            0x0000000008000000 0x0000000000200000 xr
*default*        0x0000000000000000 0xffffffffffffffff

Linker script and memory map

LOAD c:/st/stm32cubeide_1.3.0/stm32cubeide/plugins/com.st.stm32cube.ide.mcu.externaltools.gnu-tools-for-stm32.7-2018-q2-update.win32_1.0.0.201904181610/tools/bin/../lib/gcc/arm-none-eabi/7.3.1/thumb/v7e-m/fpv5/hard/crti.o
LOAD c:/st/stm32cubeide_1.3.0/stm32cubeide/plugins/com.st.stm32cube.ide.mcu.externaltools.gnu-tools-for-stm32.7-2018-q2-update.win32_1.0.0.201904181610/tools/bin/../lib/gcc/arm-none-eabi/7.3.1/thumb/v7e-m/fpv5/hard/crtbegin.o
LOAD c:/st/stm32cubeide_1.3.0/stm32cubeide/plugins/com.st.stm32cube.ide.mcu.externaltools.gnu-tools-for-stm32.7-2018-q2-update.win32_1.0.0.201904181610/tools/bin/../lib/gcc/arm-none-eabi/7.3.1/../../../../arm-none-eabi/lib/thumb/v7e-m/fpv5/hard/crt0.o
LOAD Core/Src/main.o
LOAD Core/Src/stm32f7xx_hal_msp.o
LOAD Core/Src/stm32f7xx_it.o
LOAD Core/Src/syscalls.o
LOAD Core/Src/sysmem.o
LOAD Core/Src/system_stm32f7xx.o
LOAD Core/Startup/startup_stm32f767zitx.o
LOAD Drivers/STM32F7xx_HAL_Driver/Src/stm32f7xx_hal.o
LOAD Drivers/STM32F7xx_HAL_Driver/Src/stm32f7xx_hal_cortex.o
LOAD Drivers/STM32F7xx_HAL_Driver/Src/stm32f7xx_hal_crc.o
LOAD Drivers/STM32F7xx_HAL_Driver/Src/stm32f7xx_hal_crc_ex.o
LOAD Drivers/STM32F7xx_HAL_Driver/Src/stm32f7xx_hal_dma.o
LOAD Drivers/STM32F7xx_HAL_Driver/Src/stm32f7xx_hal_dma_ex.o
LOAD Drivers/STM32F7xx_HAL_Driver/Src/stm32f7xx_hal_exti.o
LOAD Drivers/STM32F7xx_HAL_Driver/Src/stm32f7xx_hal_flash.o
LOAD Drivers/STM32F7xx_HAL_Driver/Src/stm32f7xx_hal_flash_ex.o
LOAD Drivers/STM32F7xx_HAL_Driver/Src/stm32f7xx_hal_gpio.o
LOAD Drivers/STM32F7xx_HAL_Driver/Src/stm32f7xx_hal_i2c.o
LOAD Drivers/STM32F7xx_HAL_Driver/Src/stm32f7xx_hal_i2c_ex.o
LOAD Drivers/STM32F7xx_HAL_Driver/Src/stm32f7xx_hal_pwr.o
LOAD Drivers/STM32F7xx_HAL_Driver/Src/stm32f7xx_hal_pwr_ex.o
LOAD Drivers/STM32F7xx_HAL_Driver/Src/stm32f7xx_hal_rcc.o
LOAD Drivers/STM32F7xx_HAL_Driver/Src/stm32f7xx_hal_rcc_ex.o
LOAD Drivers/STM32F7xx_HAL_Driver/Src/stm32f7xx_hal_tim.o
LOAD Drivers/STM32F7xx_HAL_Driver/Src/stm32f7xx_hal_tim_ex.o
LOAD Drivers/STM32F7xx_HAL_Driver/Src/stm32f7xx_hal_uart.o
LOAD Drivers/STM32F7xx_HAL_Driver/Src/stm32f7xx_hal_uart_ex.o
LOAD X-CUBE-AI/App/aiPbMgr.o
LOAD X-CUBE-AI/App/aiTestUtility.o
LOAD X-CUBE-AI/App/aiValidation.o
LOAD X-CUBE-AI/App/app_x-cube-ai.o
LOAD X-CUBE-AI/App/network.o
LOAD X-CUBE-AI/App/network_1582985458502.o
LOAD X-CUBE-AI/App/network_1582985458502_data.o
LOAD X-CUBE-AI/App/network_data.o
LOAD X-CUBE-AI/App/pb_common.o
LOAD X-CUBE-AI/App/pb_decode.o
LOAD X-CUBE-AI/App/pb_encode.o
LOAD X-CUBE-AI/App/stm32msg.pb.o
LOAD ../Middlewares/ST/AI/Lib\NetworkRuntime500_CM7_GCC.a
START GROUP
LOAD c:/st/stm32cubeide_1.3.0/stm32cubeide/plugins/com.st.stm32cube.ide.mcu.externaltools.gnu-tools-for-stm32.7-2018-q2-update.win32_1.0.0.201904181610/tools/bin/../lib/gcc/arm-none-eabi/7.3.1/../../../../arm-none-eabi/lib/thumb/v7e-m/fpv5/hard\libc_nano.a
LOAD c:/st/stm32cubeide_1.3.0/stm32cubeide/plugins/com.st.stm32cube.ide.mcu.externaltools.gnu-tools-for-stm32.7-2018-q2-update.win32_1.0.0.201904181610/tools/bin/../lib/gcc/arm-none-eabi/7.3.1/../../../../arm-none-eabi/lib/thumb/v7e-m/fpv5/hard\libm.a
END GROUP
START GROUP
LOAD c:/st/stm32cubeide_1.3.0/stm32cubeide/plugins/com.st.stm32cube.ide.mcu.externaltools.gnu-tools-for-stm32.7-2018-q2-update.win32_1.0.0.201904181610/tools/bin/../lib/gcc/arm-none-eabi/7.3.1/thumb/v7e-m/fpv5/hard\libgcc.a
LOAD c:/st/stm32cubeide_1.3.0/stm32cubeide/plugins/com.st.stm32cube.ide.mcu.externaltools.gnu-tools-for-stm32.7-2018-q2-update.win32_1.0.0.201904181610/tools/bin/../lib/gcc/arm-none-eabi/7.3.1/../../../../arm-none-eabi/lib/thumb/v7e-m/fpv5/hard\libc_nano.a
END GROUP
START GROUP
LOAD c:/st/stm32cubeide_1.3.0/stm32cubeide/plugins/com.st.stm32cube.ide.mcu.externaltools.gnu-tools-for-stm32.7-2018-q2-update.win32_1.0.0.201904181610/tools/bin/../lib/gcc/arm-none-eabi/7.3.1/thumb/v7e-m/fpv5/hard\libgcc.a
LOAD c:/st/stm32cubeide_1.3.0/stm32cubeide/plugins/com.st.stm32cube.ide.mcu.externaltools.gnu-tools-for-stm32.7-2018-q2-update.win32_1.0.0.201904181610/tools/bin/../lib/gcc/arm-none-eabi/7.3.1/../../../../arm-none-eabi/lib/thumb/v7e-m/fpv5/hard\libc_nano.a
LOAD c:/st/stm32cubeide_1.3.0/stm32cubeide/plugins/com.st.stm32cube.ide.mcu.externaltools.gnu-tools-for-stm32.7-2018-q2-update.win32_1.0.0.201904181610/tools/bin/../lib/gcc/arm-none-eabi/7.3.1/../../../../arm-none-eabi/lib/thumb/v7e-m/fpv5/hard\libnosys.a
END GROUP
START GROUP
LOAD c:/st/stm32cubeide_1.3.0/stm32cubeide/plugins/com.st.stm32cube.ide.mcu.externaltools.gnu-tools-for-stm32.7-2018-q2-update.win32_1.0.0.201904181610/tools/bin/../lib/gcc/arm-none-eabi/7.3.1/thumb/v7e-m/fpv5/hard\libgcc.a
LOAD c:/st/stm32cubeide_1.3.0/stm32cubeide/plugins/com.st.stm32cube.ide.mcu.externaltools.gnu-tools-for-stm32.7-2018-q2-update.win32_1.0.0.201904181610/tools/bin/../lib/gcc/arm-none-eabi/7.3.1/../../../../arm-none-eabi/lib/thumb/v7e-m/fpv5/hard\libc_nano.a
LOAD c:/st/stm32cubeide_1.3.0/stm32cubeide/plugins/com.st.stm32cube.ide.mcu.externaltools.gnu-tools-for-stm32.7-2018-q2-update.win32_1.0.0.201904181610/tools/bin/../lib/gcc/arm-none-eabi/7.3.1/../../../../arm-none-eabi/lib/thumb/v7e-m/fpv5/hard\libnosys.a
END GROUP
LOAD c:/st/stm32cubeide_1.3.0/stm32cubeide/plugins/com.st.stm32cube.ide.mcu.externaltools.gnu-tools-for-stm32.7-2018-q2-update.win32_1.0.0.201904181610/tools/bin/../lib/gcc/arm-none-eabi/7.3.1/thumb/v7e-m/fpv5/hard/crtend.o
LOAD c:/st/stm32cubeide_1.3.0/stm32cubeide/plugins/com.st.stm32cube.ide.mcu.externaltools.gnu-tools-for-stm32.7-2018-q2-update.win32_1.0.0.201904181610/tools/bin/../lib/gcc/arm-none-eabi/7.3.1/thumb/v7e-m/fpv5/hard/crtn.o
                0x0000000020080000                _estack = (ORIGIN (RAM) + LENGTH (RAM))
                0x0000000000002000                _Min_Heap_Size = 0x2000
                0x0000000000000800                _Min_Stack_Size = 0x800

.isr_vector     0x0000000008000000      0x1f8
                0x0000000008000000                . = ALIGN (0x4)
 *(.isr_vector)
 .isr_vector    0x0000000008000000      0x1f8 Core/Startup/startup_stm32f767zitx.o
                0x0000000008000000                g_pfnVectors
                0x00000000080001f8                . = ALIGN (0x4)

.text           0x0000000008000200    0x15528
                0x0000000008000200                . = ALIGN (0x4)
 *(.text)
 .text          0x0000000008000200       0x40 c:/st/stm32cubeide_1.3.0/stm32cubeide/plugins/com.st.stm32cube.ide.mcu.externaltools.gnu-tools-for-stm32.7-2018-q2-update.win32_1.0.0.201904181610/tools/bin/../lib/gcc/arm-none-eabi/7.3.1/thumb/v7e-m/fpv5/hard/crtbegin.o
 .text          0x0000000008000240      0x2ee ../Middlewares/ST/AI/Lib\NetworkRuntime500_CM7_GCC.a(ai_network_inspector.o)
                0x0000000008000240                ai_inspector_default_config
                0x000000000800026c                ai_inspector_create
                0x00000000080002d0                ai_inspector_destroy
                0x0000000008000326                ai_inspector_bind_network
                0x00000000080003a6                ai_inspector_unbind_network
                0x0000000008000434                ai_inspector_get_report
                0x00000000080004b2                ai_inspector_run
 *fill*         0x000000000800052e        0x2 
 .text          0x0000000008000530      0xd88 ../Middlewares/ST/AI/Lib\NetworkRuntime500_CM7_GCC.a(ai_platform_interface.o)
                0x00000000080006ae                ai_platform_runtime_get_revision
                0x0000000008000748                ai_platform_runtime_get_version
                0x00000000080007e6                ai_platform_api_get_version
                0x0000000008000884                ai_platform_interface_api_get_version
                0x0000000008000922                ai_platform_context_acquire
                0x00000000080009cc                ai_platform_context_release
                0x00000000080009d8                ai_platform_network_get_error
                0x0000000008000a92                ai_platform_network_set_error
                0x0000000008000a9e                ai_platform_api_get_network_report
                0x0000000008000c18                ai_platform_network_create
                0x0000000008000c84                ai_platform_network_destroy
                0x0000000008000d24                ai_platform_network_init
                0x0000000008000e54                ai_platform_network_process
 .text          0x00000000080012b8       0x24 ../Middlewares/ST/AI/Lib\NetworkRuntime500_CM7_GCC.a(core_common.o)
                0x00000000080012b8                core_init
                0x00000000080012bc                core_get_error
                0x00000000080012c6                core_set_error
 .text          0x00000000080012dc       0x7e ../Middlewares/ST/AI/Lib\NetworkRuntime500_CM7_GCC.a(core_mem_manager.o)
                0x00000000080012dc                core_mem_alloc
                0x00000000080012f6                core_mem_free
                0x000000000800131c                core_mem_realloc
 *fill*         0x000000000800135a        0x2 
 .text          0x000000000800135c      0xa68 ../Middlewares/ST/AI/Lib\NetworkRuntime500_CM7_GCC.a(core_net_inspect.o)
                0x00000000080013bc                _core_inspect_forward_validate
                0x0000000008001b94                ai_network_inspect_init
                0x0000000008001d14                ai_network_inspect_get_report
                0x0000000008001d44                ai_network_inspect_destroy
 .text          0x0000000008001dc4      0x3d0 ../Middlewares/ST/AI/Lib\NetworkRuntime500_CM7_GCC.a(core_utils.o)
                0x0000000008001e7c                core_utils_compute_crc32
                0x0000000008001f28                core_utils_generate_network_signature
                0x0000000008001f70                core_get_broadcasted_shape
                0x000000000800201c                core_compute_offsets
                0x00000000080020b4                core_tensor_clone
                0x0000000008002186                core_array_clone
 .text          0x0000000008002194      0x260 ../Middlewares/ST/AI/Lib\NetworkRuntime500_CM7_GCC.a(layers.o)
                0x0000000008002194                ai_layers_forward_layer
                0x00000000080021a8                ai_check_custom_types
                0x00000000080021d0                ai_layer_type_name
                0x00000000080022e0                ai_layer_type_is_valid
                0x00000000080022fc                ai_layers_forward_all
 .text          0x00000000080023f4     0x19c4 ../Middlewares/ST/AI/Lib\NetworkRuntime500_CM7_GCC.a(layers_conv2d_generic_float.o)
                0x00000000080029d8                ai_dict8_dot_array_f32
                0x0000000008002cb8                ai_dict4_dot_array_f32
                0x0000000008002e20                ai_dict_decompress_f32
                0x0000000008002ef6                forward_conv2d
                0x00000000080031ac                forward_conv2d_nl_pool
                0x00000000080036a4                forward_dense
                0x0000000008003954                forward_gemm
                0x0000000008003c18                forward_matmul
 .text          0x0000000008003db8     0x2528 ../Middlewares/ST/AI/Lib\NetworkRuntime500_CM7_GCC.a(layers_nl_generic_float.o)
                0x0000000008003e0c                nl_func_acos_array_f32
                0x0000000008003e3c                forward_acos
                0x0000000008003ef4                nl_func_acosh_array_f32
                0x0000000008003f24                forward_acosh
                0x0000000008003fdc                nl_func_asin_array_f32
                0x000000000800400c                forward_asin
                0x00000000080040c4                nl_func_asinh_array_f32
                0x00000000080040f4                forward_asinh
                0x00000000080041ac                nl_func_atan_array_f32
                0x00000000080041dc                forward_atan
                0x0000000008004294                nl_func_atanh_array_f32
                0x00000000080042c4                forward_atanh
                0x000000000800437c                nl_func_cos_array_f32
                0x00000000080043ac                forward_cos
                0x0000000008004464                nl_func_cosh_array_f32
                0x0000000008004494                forward_cosh
                0x000000000800454c                nl_func_erf_array_f32
                0x000000000800457c                forward_erf
                0x0000000008004634                nl_func_log_array_f32
                0x0000000008004664                forward_log
                0x000000000800471c                nl_func_rsqrt_array_f32
                0x0000000008004754                forward_rsqrt
                0x0000000008004818                nl_func_sin_array_f32
                0x0000000008004848                forward_sin
                0x0000000008004900                nl_func_sinh_array_f32
                0x0000000008004930                forward_sinh
                0x00000000080049e8                nl_func_tan_array_f32
                0x0000000008004a18                forward_tan
                0x0000000008004ad0                nl_func_abs_array_f32
                0x0000000008004af8                forward_abs
                0x0000000008004ba8                nl_func_ceil_array_f32
                0x0000000008004bd8                forward_ceil
                0x0000000008004c90                nl_func_floor_array_f32
                0x0000000008004cc0                forward_floor
                0x0000000008004d78                nl_func_round_array_f32
                0x0000000008004da8                forward_round
                0x0000000008004e60                nl_func_neg_array_f32
                0x0000000008004ed0                forward_neg
                0x0000000008004fc8                nl_func_reciprocal_array_f32
                0x0000000008005044                forward_reciprocal
                0x0000000008005148                nl_func_exp_array_f32
                0x0000000008005178                forward_exp
                0x0000000008005230                nl_func_sigmoid_array_f32
                0x0000000008005274                forward_sigmoid
                0x0000000008005340                nl_func_sign_array_f32
                0x0000000008005380                forward_sign
                0x0000000008005450                nl_func_sqrt_array_f32
                0x0000000008005480                forward_sqrt
                0x000000000800553c                nl_func_soft_plus_array_f32
                0x0000000008005578                forward_soft_plus
                0x000000000800563c                nl_func_soft_sign_array_f32
                0x0000000008005674                forward_soft_sign
                0x0000000008005734                nl_func_tanh_array_f32
                0x0000000008005764                forward_tanh
                0x000000000800581c                nl_func_relu_array_f32
                0x0000000008005850                nl_func_sm_channel_f32
                0x0000000008005974                nl_func_sm_array_f32
                0x00000000080059d4                nl_func_hard_sigmoid_array_f32
                0x0000000008005a34                nl_func_clip_array_f32
                0x0000000008005a80                nl_func_hardmax_array_f32
                0x0000000008005b68                nl_func_relu_generic_array_f32
                0x0000000008005c24                nl_func_relu_thresholded_array_f32
                0x0000000008005c5c                nl_func_elu_array_f32
                0x0000000008005ce0                nl_func_selu_array_f32
                0x0000000008005d64                nl_func_prelu_array_f32
                0x0000000008005dc4                forward_relu
                0x0000000008005e78                forward_relu_thresholded
                0x0000000008005f44                forward_elu
                0x0000000008005f94                forward_selu
                0x0000000008005fe4                forward_prelu
                0x0000000008006104                forward_clip
                0x0000000008006154                forward_hard_sigmoid
                0x0000000008006244                forward_sm
                0x0000000008006298                forward_hardmax
 .text          0x00000000080062e0      0x8f0 ../Middlewares/ST/AI/Lib\NetworkRuntime500_CM7_GCC.a(ai_datatypes_format.o)
                0x00000000080062e0                ai_array_fmt_name
                0x000000000800648a                ai_array_fmt_exported
                0x000000000800656e                ai_array_fmt_valid
                0x0000000008006654                ai_array_fmt_get_formats
                0x0000000008006664                ai_buffer_fmt_name
                0x000000000800672a                ai_buffer_fmt_valid
                0x0000000008006798                ai_buffer_fmt_get_formats
                0x00000000080067a0                ai_array_to_buffer_fmt
                0x000000000800684c                ai_buffer_to_array_fmt
                0x0000000008006950                ai_array_get_byte_size
                0x00000000080069a6                ai_array_get_data_byte_size
                0x00000000080069ce                ai_array_get_elems_from_size
 .text          0x0000000008006bd0      0x10c ../Middlewares/ST/AI/Lib\NetworkRuntime500_CM7_GCC.a(ai_math_helpers.o)
                0x0000000008006bd0                ai_math_sqrt
                0x0000000008006be8                ai_math_exp
                0x0000000008006bec                ai_math_pow
                0x0000000008006bf0                ai_math_tanh
                0x0000000008006bf4                ai_math_cosh
                0x0000000008006bf8                ai_math_relu
                0x0000000008006c08                ai_math_prelu
                0x0000000008006c18                ai_math_sigmoid
                0x0000000008006c38                ai_math_hard_sigmoid
                0x0000000008006c6c                ai_math_sign
                0x0000000008006c98                ai_div
                0x0000000008006c9e                ai_floor_div
                0x0000000008006ca6                ai_floor_mod
                0x0000000008006caa                ai_max
                0x0000000008006cba                ai_min
                0x0000000008006cca                ai_mul
                0x0000000008006cd0                ai_sub
                0x0000000008006cd6                ai_sum
 .text          0x0000000008006cdc        0x8 ../Middlewares/ST/AI/Lib\NetworkRuntime500_CM7_GCC.a(arm_mat_init_f32.o)
                0x0000000008006cdc                arm_mat_init_f32
 .text          0x0000000008006ce4        0x2 ../Middlewares/ST/AI/Lib\NetworkRuntime500_CM7_GCC.a(core_benchmark.o)
                0x0000000008006ce4                core_timer_init_
 .text          0x0000000008006ce6        0x4 ../Middlewares/ST/AI/Lib\NetworkRuntime500_CM7_GCC.a(core_benchmark.o)
                0x0000000008006ce6                core_timer_ticks_
 *fill*         0x0000000008006cea        0x2 
 .text          0x0000000008006cec       0xe0 ../Middlewares/ST/AI/Lib\NetworkRuntime500_CM7_GCC.a(core_benchmark.o)
                0x0000000008006cec                core_timer_init
                0x0000000008006d16                core_timer_reset
                0x0000000008006d22                core_timer_start
                0x0000000008006d36                core_timer_stop
                0x0000000008006d50                core_timer_main_test_unit
 .text          0x0000000008006dcc       0x9a c:/st/stm32cubeide_1.3.0/stm32cubeide/plugins/com.st.stm32cube.ide.mcu.externaltools.gnu-tools-for-stm32.7-2018-q2-update.win32_1.0.0.201904181610/tools/bin/../lib/gcc/arm-none-eabi/7.3.1/../../../../arm-none-eabi/lib/thumb/v7e-m/fpv5/hard\libc_nano.a(lib_a-aeabi_memset-soft.o)
                0x0000000008006dcc                __aeabi_memset8
                0x0000000008006dcc                __aeabi_memset4
                0x0000000008006dcc                __aeabi_memset
 .text          0x0000000008006e66       0x10 c:/st/stm32cubeide_1.3.0/stm32cubeide/plugins/com.st.stm32cube.ide.mcu.externaltools.gnu-tools-for-stm32.7-2018-q2-update.win32_1.0.0.201904181610/tools/bin/../lib/gcc/arm-none-eabi/7.3.1/../../../../arm-none-eabi/lib/thumb/v7e-m/fpv5/hard\libc_nano.a(lib_a-strlen.o)
                0x0000000008006e66                strlen
 *fill*         0x0000000008006e76        0xa 
 .text          0x0000000008006e80       0xa0 c:/st/stm32cubeide_1.3.0/stm32cubeide/plugins/com.st.stm32cube.ide.mcu.externaltools.gnu-tools-for-stm32.7-2018-q2-update.win32_1.0.0.201904181610/tools/bin/../lib/gcc/arm-none-eabi/7.3.1/../../../../arm-none-eabi/lib/thumb/v7e-m/fpv5/hard\libc_nano.a(lib_a-memchr.o)
                0x0000000008006e80                memchr
 .text          0x0000000008006f20      0x378 c:/st/stm32cubeide_1.3.0/stm32cubeide/plugins/com.st.stm32cube.ide.mcu.externaltools.gnu-tools-for-stm32.7-2018-q2-update.win32_1.0.0.201904181610/tools/bin/../lib/gcc/arm-none-eabi/7.3.1/thumb/v7e-m/fpv5/hard\libgcc.a(_arm_addsubdf3.o)
                0x0000000008006f20                __aeabi_drsub
                0x0000000008006f28                __aeabi_dsub
                0x0000000008006f28                __subdf3
                0x0000000008006f2c                __aeabi_dadd
                0x0000000008006f2c                __adddf3
                0x00000000080071a4                __floatunsidf
                0x00000000080071a4                __aeabi_ui2d
                0x00000000080071c4                __floatsidf
                0x00000000080071c4                __aeabi_i2d
                0x00000000080071e8                __aeabi_f2d
                0x00000000080071e8                __extendsfdf2
                0x000000000800722c                __floatundidf
                0x000000000800722c                __aeabi_ul2d
                0x000000000800723c                __floatdidf
                0x000000000800723c                __aeabi_l2d
 .text          0x0000000008007298      0x21c c:/st/stm32cubeide_1.3.0/stm32cubeide/plugins/com.st.stm32cube.ide.mcu.externaltools.gnu-tools-for-stm32.7-2018-q2-update.win32_1.0.0.201904181610/tools/bin/../lib/gcc/arm-none-eabi/7.3.1/thumb/v7e-m/fpv5/hard\libgcc.a(_arm_addsubsf3.o)
                0x0000000008007298                __aeabi_frsub
                0x00000000080072a0                __subsf3
                0x00000000080072a0                __aeabi_fsub
                0x00000000080072a4                __aeabi_fadd
                0x00000000080072a4                __addsf3
                0x0000000008007404                __aeabi_ui2f
                0x0000000008007404                __floatunsisf
                0x000000000800740c                __aeabi_i2f
                0x000000000800740c                __floatsisf
                0x0000000008007428                __aeabi_ul2f
                0x0000000008007428                __floatundisf
                0x0000000008007438                __aeabi_l2f
                0x0000000008007438                __floatdisf
 .text          0x00000000080074b4       0x30 c:/st/stm32cubeide_1.3.0/stm32cubeide/plugins/com.st.stm32cube.ide.mcu.externaltools.gnu-tools-for-stm32.7-2018-q2-update.win32_1.0.0.201904181610/tools/bin/../lib/gcc/arm-none-eabi/7.3.1/thumb/v7e-m/fpv5/hard\libgcc.a(_aeabi_uldivmod.o)
                0x00000000080074b4                __aeabi_uldivmod
 .text          0x00000000080074e4      0x2cc c:/st/stm32cubeide_1.3.0/stm32cubeide/plugins/com.st.stm32cube.ide.mcu.externaltools.gnu-tools-for-stm32.7-2018-q2-update.win32_1.0.0.201904181610/tools/bin/../lib/gcc/arm-none-eabi/7.3.1/thumb/v7e-m/fpv5/hard\libgcc.a(_udivmoddi4.o)
                0x00000000080074e4                __udivmoddi4
 .text          0x00000000080077b0        0x4 c:/st/stm32cubeide_1.3.0/stm32cubeide/plugins/com.st.stm32cube.ide.mcu.externaltools.gnu-tools-for-stm32.7-2018-q2-update.win32_1.0.0.201904181610/tools/bin/../lib/gcc/arm-none-eabi/7.3.1/thumb/v7e-m/fpv5/hard\libgcc.a(_dvmd_tls.o)
                0x00000000080077b0                __aeabi_idiv0
                0x00000000080077b0                __aeabi_ldiv0
 *(.text*)
 .text.SCB_EnableICache
                0x00000000080077b4       0x40 Core/Src/main.o
 .text.SCB_EnableDCache
                0x00000000080077f4       0x80 Core/Src/main.o
 .text.main     0x0000000008007874       0xfc Core/Src/main.o
                0x0000000008007874                main
 .text.SystemClock_Config
                0x0000000008007970      0x120 Core/Src/main.o
                0x0000000008007970                SystemClock_Config
 .text.MX_CRC_Init
                0x0000000008007a90       0x44 Core/Src/main.o
 .text.MX_TIM2_Init
                0x0000000008007ad4       0x9c Core/Src/main.o
 .text.MX_USART3_UART_Init
                0x0000000008007b70       0x60 Core/Src/main.o
                0x0000000008007b70                MX_USART3_UART_Init
 .text.MX_GPIO_Init
                0x0000000008007bd0       0x80 Core/Src/main.o
 .text.timerCounterDiff
                0x0000000008007c50       0x58 Core/Src/main.o
                0x0000000008007c50                timerCounterDiff
 .text.Error_Handler
                0x0000000008007ca8        0xe Core/Src/main.o
                0x0000000008007ca8                Error_Handler
 *fill*         0x0000000008007cb6        0x2 
 .text.HAL_MspInit
                0x0000000008007cb8       0x48 Core/Src/stm32f7xx_hal_msp.o
                0x0000000008007cb8                HAL_MspInit
 .text.HAL_CRC_MspInit
                0x0000000008007d00       0x40 Core/Src/stm32f7xx_hal_msp.o
                0x0000000008007d00                HAL_CRC_MspInit
 .text.HAL_TIM_Base_MspInit
                0x0000000008007d40       0x3c Core/Src/stm32f7xx_hal_msp.o
                0x0000000008007d40                HAL_TIM_Base_MspInit
 .text.HAL_UART_MspInit
                0x0000000008007d7c       0x88 Core/Src/stm32f7xx_hal_msp.o
                0x0000000008007d7c                HAL_UART_MspInit
 .text.NMI_Handler
                0x0000000008007e04        0xe Core/Src/stm32f7xx_it.o
                0x0000000008007e04                NMI_Handler
 .text.HardFault_Handler
                0x0000000008007e12        0x6 Core/Src/stm32f7xx_it.o
                0x0000000008007e12                HardFault_Handler
 .text.MemManage_Handler
                0x0000000008007e18        0x6 Core/Src/stm32f7xx_it.o
                0x0000000008007e18                MemManage_Handler
 .text.BusFault_Handler
                0x0000000008007e1e        0x6 Core/Src/stm32f7xx_it.o
                0x0000000008007e1e                BusFault_Handler
 .text.UsageFault_Handler
                0x0000000008007e24        0x6 Core/Src/stm32f7xx_it.o
                0x0000000008007e24                UsageFault_Handler
 .text.SVC_Handler
                0x0000000008007e2a        0xe Core/Src/stm32f7xx_it.o
                0x0000000008007e2a                SVC_Handler
 .text.DebugMon_Handler
                0x0000000008007e38        0xe Core/Src/stm32f7xx_it.o
                0x0000000008007e38                DebugMon_Handler
 .text.PendSV_Handler
                0x0000000008007e46        0xe Core/Src/stm32f7xx_it.o
                0x0000000008007e46                PendSV_Handler
 .text.SysTick_Handler
                0x0000000008007e54        0xc Core/Src/stm32f7xx_it.o
                0x0000000008007e54                SysTick_Handler
 .text._read    0x0000000008007e60       0x3a Core/Src/syscalls.o
                0x0000000008007e60                _read
 .text._close   0x0000000008007e9a       0x18 Core/Src/syscalls.o
                0x0000000008007e9a                _close
 .text._fstat   0x0000000008007eb2       0x20 Core/Src/syscalls.o
                0x0000000008007eb2                _fstat
 .text._isatty  0x0000000008007ed2       0x16 Core/Src/syscalls.o
                0x0000000008007ed2                _isatty
 .text._lseek   0x0000000008007ee8       0x1a Core/Src/syscalls.o
                0x0000000008007ee8                _lseek
 *fill*         0x0000000008007f02        0x2 
 .text._sbrk    0x0000000008007f04       0x58 Core/Src/sysmem.o
                0x0000000008007f04                _sbrk
 .text.SystemInit
                0x0000000008007f5c       0x2c Core/Src/system_stm32f7xx.o
                0x0000000008007f5c                SystemInit
 .text.Reset_Handler
                0x0000000008007f88       0x50 Core/Startup/startup_stm32f767zitx.o
                0x0000000008007f88                Reset_Handler
 .text.Default_Handler
                0x0000000008007fd8        0x2 Core/Startup/startup_stm32f767zitx.o
                0x0000000008007fd8                RTC_Alarm_IRQHandler
                0x0000000008007fd8                EXTI2_IRQHandler
                0x0000000008007fd8                TIM8_CC_IRQHandler
                0x0000000008007fd8                UART8_IRQHandler
                0x0000000008007fd8                SPI4_IRQHandler
                0x0000000008007fd8                TIM1_CC_IRQHandler
                0x0000000008007fd8                DMA2_Stream5_IRQHandler
                0x0000000008007fd8                JPEG_IRQHandler
                0x0000000008007fd8                DMA1_Stream5_IRQHandler
                0x0000000008007fd8                CAN3_RX1_IRQHandler
                0x0000000008007fd8                PVD_IRQHandler
                0x0000000008007fd8                TAMP_STAMP_IRQHandler
                0x0000000008007fd8                CAN2_RX1_IRQHandler
                0x0000000008007fd8                EXTI3_IRQHandler
                0x0000000008007fd8                TIM8_TRG_COM_TIM14_IRQHandler
                0x0000000008007fd8                DFSDM1_FLT1_IRQHandler
                0x0000000008007fd8                TIM1_UP_TIM10_IRQHandler
                0x0000000008007fd8                TIM8_UP_TIM13_IRQHandler
                0x0000000008007fd8                I2C3_ER_IRQHandler
                0x0000000008007fd8                DFSDM1_FLT2_IRQHandler
                0x0000000008007fd8                EXTI0_IRQHandler
                0x0000000008007fd8                I2C2_EV_IRQHandler
                0x0000000008007fd8                DMA1_Stream2_IRQHandler
                0x0000000008007fd8                CAN1_RX0_IRQHandler
                0x0000000008007fd8                FPU_IRQHandler
                0x0000000008007fd8                OTG_HS_WKUP_IRQHandler
                0x0000000008007fd8                CAN3_SCE_IRQHandler
                0x0000000008007fd8                LTDC_ER_IRQHandler
                0x0000000008007fd8                CAN2_SCE_IRQHandler
                0x0000000008007fd8                DMA2_Stream2_IRQHandler
                0x0000000008007fd8                SPI1_IRQHandler
                0x0000000008007fd8                TIM6_DAC_IRQHandler
                0x0000000008007fd8                TIM1_BRK_TIM9_IRQHandler
                0x0000000008007fd8                DCMI_IRQHandler
                0x0000000008007fd8                CAN2_RX0_IRQHandler
                0x0000000008007fd8                DMA2_Stream3_IRQHandler
                0x0000000008007fd8                SAI2_IRQHandler
                0x0000000008007fd8                DFSDM1_FLT3_IRQHandler
                0x0000000008007fd8                USART6_IRQHandler
                0x0000000008007fd8                CAN3_RX0_IRQHandler
                0x0000000008007fd8                USART3_IRQHandler
                0x0000000008007fd8                CAN1_RX1_IRQHandler
                0x0000000008007fd8                UART5_IRQHandler
                0x0000000008007fd8                DMA2_Stream0_IRQHandler
                0x0000000008007fd8                TIM4_IRQHandler
                0x0000000008007fd8                QUADSPI_IRQHandler
                0x0000000008007fd8                I2C1_EV_IRQHandler
                0x0000000008007fd8                DMA1_Stream6_IRQHandler
                0x0000000008007fd8                DMA1_Stream1_IRQHandler
                0x0000000008007fd8                UART4_IRQHandler
                0x0000000008007fd8                TIM3_IRQHandler
                0x0000000008007fd8                RCC_IRQHandler
                0x0000000008007fd8                TIM8_BRK_TIM12_IRQHandler
                0x0000000008007fd8                Default_Handler
                0x0000000008007fd8                CEC_IRQHandler
                0x0000000008007fd8                EXTI15_10_IRQHandler
                0x0000000008007fd8                ADC_IRQHandler
                0x0000000008007fd8                DMA1_Stream7_IRQHandler
                0x0000000008007fd8                SPI5_IRQHandler
                0x0000000008007fd8                TIM7_IRQHandler
                0x0000000008007fd8                SDMMC1_IRQHandler
                0x0000000008007fd8                CAN2_TX_IRQHandler
                0x0000000008007fd8                TIM5_IRQHandler
                0x0000000008007fd8                DMA2_Stream7_IRQHandler
                0x0000000008007fd8                I2C3_EV_IRQHandler
                0x0000000008007fd8                EXTI9_5_IRQHandler
                0x0000000008007fd8                RTC_WKUP_IRQHandler
                0x0000000008007fd8                LTDC_IRQHandler
                0x0000000008007fd8                ETH_WKUP_IRQHandler
                0x0000000008007fd8                SPDIF_RX_IRQHandler
                0x0000000008007fd8                SPI2_IRQHandler
                0x0000000008007fd8                OTG_HS_EP1_IN_IRQHandler
                0x0000000008007fd8                DMA1_Stream0_IRQHandler
                0x0000000008007fd8                CAN1_TX_IRQHandler
                0x0000000008007fd8                EXTI4_IRQHandler
                0x0000000008007fd8                RNG_IRQHandler
                0x0000000008007fd8                ETH_IRQHandler
                0x0000000008007fd8                OTG_HS_EP1_OUT_IRQHandler
                0x0000000008007fd8                WWDG_IRQHandler
                0x0000000008007fd8                SPI6_IRQHandler
                0x0000000008007fd8                MDIOS_IRQHandler
                0x0000000008007fd8                I2C4_EV_IRQHandler
                0x0000000008007fd8                CAN3_TX_IRQHandler
                0x0000000008007fd8                TIM2_IRQHandler
                0x0000000008007fd8                OTG_FS_WKUP_IRQHandler
                0x0000000008007fd8                TIM1_TRG_COM_TIM11_IRQHandler
                0x0000000008007fd8                OTG_HS_IRQHandler
                0x0000000008007fd8                DMA2D_IRQHandler
                0x0000000008007fd8                EXTI1_IRQHandler
                0x0000000008007fd8                SDMMC2_IRQHandler
                0x0000000008007fd8                UART7_IRQHandler
                0x0000000008007fd8                USART2_IRQHandler
                0x0000000008007fd8                DFSDM1_FLT0_IRQHandler
                0x0000000008007fd8                I2C2_ER_IRQHandler
                0x0000000008007fd8                DMA2_Stream1_IRQHandler
                0x0000000008007fd8                CAN1_SCE_IRQHandler
                0x0000000008007fd8                FLASH_IRQHandler
                0x0000000008007fd8                DMA2_Stream4_IRQHandler
                0x0000000008007fd8                USART1_IRQHandler
                0x0000000008007fd8                OTG_FS_IRQHandler
                0x0000000008007fd8                SPI3_IRQHandler
                0x0000000008007fd8                DMA1_Stream4_IRQHandler
                0x0000000008007fd8                I2C1_ER_IRQHandler
                0x0000000008007fd8                FMC_IRQHandler
                0x0000000008007fd8                LPTIM1_IRQHandler
                0x0000000008007fd8                I2C4_ER_IRQHandler
                0x0000000008007fd8                DMA2_Stream6_IRQHandler
                0x0000000008007fd8                SAI1_IRQHandler
                0x0000000008007fd8                DMA1_Stream3_IRQHandler
 .text.HAL_Init
                0x0000000008007fda       0x1a Drivers/STM32F7xx_HAL_Driver/Src/stm32f7xx_hal.o
                0x0000000008007fda                HAL_Init
 .text.HAL_InitTick
                0x0000000008007ff4       0x60 Drivers/STM32F7xx_HAL_Driver/Src/stm32f7xx_hal.o
                0x0000000008007ff4                HAL_InitTick
 .text.HAL_IncTick
                0x0000000008008054       0x28 Drivers/STM32F7xx_HAL_Driver/Src/stm32f7xx_hal.o
                0x0000000008008054                HAL_IncTick
 .text.HAL_GetTick
                0x000000000800807c       0x18 Drivers/STM32F7xx_HAL_Driver/Src/stm32f7xx_hal.o
                0x000000000800807c                HAL_GetTick
 .text.HAL_GetHalVersion
                0x0000000008008094       0x14 Drivers/STM32F7xx_HAL_Driver/Src/stm32f7xx_hal.o
                0x0000000008008094                HAL_GetHalVersion
 .text.HAL_GetREVID
                0x00000000080080a8       0x18 Drivers/STM32F7xx_HAL_Driver/Src/stm32f7xx_hal.o
                0x00000000080080a8                HAL_GetREVID
 .text.HAL_GetDEVID
                0x00000000080080c0       0x1c Drivers/STM32F7xx_HAL_Driver/Src/stm32f7xx_hal.o
                0x00000000080080c0                HAL_GetDEVID
 .text.__NVIC_SetPriorityGrouping
                0x00000000080080dc       0x48 Drivers/STM32F7xx_HAL_Driver/Src/stm32f7xx_hal_cortex.o
 .text.__NVIC_GetPriorityGrouping
                0x0000000008008124       0x1c Drivers/STM32F7xx_HAL_Driver/Src/stm32f7xx_hal_cortex.o
 .text.__NVIC_SetPriority
                0x0000000008008140       0x54 Drivers/STM32F7xx_HAL_Driver/Src/stm32f7xx_hal_cortex.o
 .text.NVIC_EncodePriority
                0x0000000008008194       0x66 Drivers/STM32F7xx_HAL_Driver/Src/stm32f7xx_hal_cortex.o
 *fill*         0x00000000080081fa        0x2 
 .text.SysTick_Config
                0x00000000080081fc       0x44 Drivers/STM32F7xx_HAL_Driver/Src/stm32f7xx_hal_cortex.o
 .text.HAL_NVIC_SetPriorityGrouping
                0x0000000008008240       0x16 Drivers/STM32F7xx_HAL_Driver/Src/stm32f7xx_hal_cortex.o
                0x0000000008008240                HAL_NVIC_SetPriorityGrouping
 .text.HAL_NVIC_SetPriority
                0x0000000008008256       0x38 Drivers/STM32F7xx_HAL_Driver/Src/stm32f7xx_hal_cortex.o
                0x0000000008008256                HAL_NVIC_SetPriority
 .text.HAL_SYSTICK_Config
                0x000000000800828e       0x18 Drivers/STM32F7xx_HAL_Driver/Src/stm32f7xx_hal_cortex.o
                0x000000000800828e                HAL_SYSTICK_Config
 *fill*         0x00000000080082a6        0x2 
 .text.HAL_CRC_Init
                0x00000000080082a8       0xc8 Drivers/STM32F7xx_HAL_Driver/Src/stm32f7xx_hal_crc.o
                0x00000000080082a8                HAL_CRC_Init
 .text.HAL_CRCEx_Polynomial_Set
                0x0000000008008370      0x10c Drivers/STM32F7xx_HAL_Driver/Src/stm32f7xx_hal_crc_ex.o
                0x0000000008008370                HAL_CRCEx_Polynomial_Set
 .text.HAL_GPIO_Init
                0x000000000800847c      0x354 Drivers/STM32F7xx_HAL_Driver/Src/stm32f7xx_hal_gpio.o
                0x000000000800847c                HAL_GPIO_Init
 .text.HAL_GPIO_WritePin
                0x00000000080087d0       0x32 Drivers/STM32F7xx_HAL_Driver/Src/stm32f7xx_hal_gpio.o
                0x00000000080087d0                HAL_GPIO_WritePin
 *fill*         0x0000000008008802        0x2 
 .text.HAL_PWREx_EnableOverDrive
                0x0000000008008804       0xa0 Drivers/STM32F7xx_HAL_Driver/Src/stm32f7xx_hal_pwr_ex.o
                0x0000000008008804                HAL_PWREx_EnableOverDrive
 .text.HAL_RCC_OscConfig
                0x00000000080088a4      0x55c Drivers/STM32F7xx_HAL_Driver/Src/stm32f7xx_hal_rcc.o
                0x00000000080088a4                HAL_RCC_OscConfig
 .text.HAL_RCC_ClockConfig
                0x0000000008008e00      0x1d8 Drivers/STM32F7xx_HAL_Driver/Src/stm32f7xx_hal_rcc.o
                0x0000000008008e00                HAL_RCC_ClockConfig
 .text.HAL_RCC_GetSysClockFreq
                0x0000000008008fd8      0x164 Drivers/STM32F7xx_HAL_Driver/Src/stm32f7xx_hal_rcc.o
                0x0000000008008fd8                HAL_RCC_GetSysClockFreq
 .text.HAL_RCC_GetHCLKFreq
                0x000000000800913c       0x18 Drivers/STM32F7xx_HAL_Driver/Src/stm32f7xx_hal_rcc.o
                0x000000000800913c                HAL_RCC_GetHCLKFreq
 .text.HAL_RCC_GetPCLK1Freq
                0x0000000008009154       0x28 Drivers/STM32F7xx_HAL_Driver/Src/stm32f7xx_hal_rcc.o
                0x0000000008009154                HAL_RCC_GetPCLK1Freq
 .text.HAL_RCC_GetPCLK2Freq
                0x000000000800917c       0x28 Drivers/STM32F7xx_HAL_Driver/Src/stm32f7xx_hal_rcc.o
                0x000000000800917c                HAL_RCC_GetPCLK2Freq
 .text.HAL_RCCEx_PeriphCLKConfig
                0x00000000080091a4      0x84c Drivers/STM32F7xx_HAL_Driver/Src/stm32f7xx_hal_rcc_ex.o
                0x00000000080091a4                HAL_RCCEx_PeriphCLKConfig
 .text.HAL_TIM_Base_Init
                0x00000000080099f0       0x56 Drivers/STM32F7xx_HAL_Driver/Src/stm32f7xx_hal_tim.o
                0x00000000080099f0                HAL_TIM_Base_Init
 *fill*         0x0000000008009a46        0x2 
 .text.HAL_TIM_Base_Start
                0x0000000008009a48       0x54 Drivers/STM32F7xx_HAL_Driver/Src/stm32f7xx_hal_tim.o
                0x0000000008009a48                HAL_TIM_Base_Start
 .text.HAL_TIM_ConfigClockSource
                0x0000000008009a9c      0x174 Drivers/STM32F7xx_HAL_Driver/Src/stm32f7xx_hal_tim.o
                0x0000000008009a9c                HAL_TIM_ConfigClockSource
 .text.TIM_Base_SetConfig
                0x0000000008009c10      0x140 Drivers/STM32F7xx_HAL_Driver/Src/stm32f7xx_hal_tim.o
                0x0000000008009c10                TIM_Base_SetConfig
 .text.TIM_TI1_ConfigInputStage
                0x0000000008009d50       0x5e Drivers/STM32F7xx_HAL_Driver/Src/stm32f7xx_hal_tim.o
 .text.TIM_TI2_ConfigInputStage
                0x0000000008009dae       0x60 Drivers/STM32F7xx_HAL_Driver/Src/stm32f7xx_hal_tim.o
 .text.TIM_ITRx_SetConfig
                0x0000000008009e0e       0x36 Drivers/STM32F7xx_HAL_Driver/Src/stm32f7xx_hal_tim.o
 .text.TIM_ETR_SetConfig
                0x0000000008009e44       0x40 Drivers/STM32F7xx_HAL_Driver/Src/stm32f7xx_hal_tim.o
                0x0000000008009e44                TIM_ETR_SetConfig
 .text.HAL_TIMEx_MasterConfigSynchronization
                0x0000000008009e84      0x11c Drivers/STM32F7xx_HAL_Driver/Src/stm32f7xx_hal_tim_ex.o
                0x0000000008009e84                HAL_TIMEx_MasterConfigSynchronization
 .text.HAL_UART_Init
                0x0000000008009fa0       0x9c Drivers/STM32F7xx_HAL_Driver/Src/stm32f7xx_hal_uart.o
                0x0000000008009fa0                HAL_UART_Init
 .text.HAL_UART_Transmit
                0x000000000800a03c      0x122 Drivers/STM32F7xx_HAL_Driver/Src/stm32f7xx_hal_uart.o
                0x000000000800a03c                HAL_UART_Transmit
 .text.HAL_UART_Receive
                0x000000000800a15e      0x198 Drivers/STM32F7xx_HAL_Driver/Src/stm32f7xx_hal_uart.o
                0x000000000800a15e                HAL_UART_Receive
 *fill*         0x000000000800a2f6        0x2 
 .text.UART_SetConfig
                0x000000000800a2f8      0x554 Drivers/STM32F7xx_HAL_Driver/Src/stm32f7xx_hal_uart.o
                0x000000000800a2f8                UART_SetConfig
 .text.UART_AdvFeatureConfig
                0x000000000800a84c      0x144 Drivers/STM32F7xx_HAL_Driver/Src/stm32f7xx_hal_uart.o
                0x000000000800a84c                UART_AdvFeatureConfig
 .text.UART_CheckIdleState
                0x000000000800a990       0x8a Drivers/STM32F7xx_HAL_Driver/Src/stm32f7xx_hal_uart.o
                0x000000000800a990                UART_CheckIdleState
 .text.UART_WaitOnFlagUntilTimeout
                0x000000000800aa1a       0xf6 Drivers/STM32F7xx_HAL_Driver/Src/stm32f7xx_hal_uart.o
                0x000000000800aa1a                UART_WaitOnFlagUntilTimeout
 .text.aiPbMgrInit
                0x000000000800ab10       0x78 X-CUBE-AI/App/aiPbMgr.o
                0x000000000800ab10                aiPbMgrInit
 .text.aiPbMgrSendResp
                0x000000000800ab88       0x3c X-CUBE-AI/App/aiPbMgr.o
                0x000000000800ab88                aiPbMgrSendResp
 .text.aiPbMgrSendAck
                0x000000000800abc4       0x36 X-CUBE-AI/App/aiPbMgr.o
                0x000000000800abc4                aiPbMgrSendAck
 *fill*         0x000000000800abfa        0x2 
 .text.aiPbMgrWaitAck
                0x000000000800abfc       0x34 X-CUBE-AI/App/aiPbMgr.o
                0x000000000800abfc                aiPbMgrWaitAck
 .text.aiPbAiBufferSize
                0x000000000800ac30       0x3a X-CUBE-AI/App/aiPbMgr.o
                0x000000000800ac30                aiPbAiBufferSize
 .text.aiPbMsgFmtToAiFmt
                0x000000000800ac6a       0x16 X-CUBE-AI/App/aiPbMgr.o
 .text.aiPbAiFmtToMsgFmt
                0x000000000800ac80       0x16 X-CUBE-AI/App/aiPbMgr.o
 .text.aiPbBufferGetItemSize
                0x000000000800ac96       0x20 X-CUBE-AI/App/aiPbMgr.o
 .text.aiPbBuffer_read_cb3
                0x000000000800acb6      0x11e X-CUBE-AI/App/aiPbMgr.o
 .text.aiPbBuffer_write_cb3
                0x000000000800add4       0x8c X-CUBE-AI/App/aiPbMgr.o
 .text.aiPbMgrReceiveAiBuffer3
                0x000000000800ae60       0xac X-CUBE-AI/App/aiPbMgr.o
                0x000000000800ae60                aiPbMgrReceiveAiBuffer3
 .text.aiPbMgrSetMetaInfo
                0x000000000800af0c      0x26a X-CUBE-AI/App/aiPbMgr.o
 *fill*         0x000000000800b176        0x2 
 .text.aiPbMgrSendAiBuffer3
                0x000000000800b178       0xd8 X-CUBE-AI/App/aiPbMgr.o
                0x000000000800b178                aiPbMgrSendAiBuffer3
 .text.aiPbCmdSync
                0x000000000800b250       0x44 X-CUBE-AI/App/aiPbMgr.o
                0x000000000800b250                aiPbCmdSync
 .text.aiPbCmdSysInfo
                0x000000000800b294       0x4c X-CUBE-AI/App/aiPbMgr.o
                0x000000000800b294                aiPbCmdSysInfo
 .text.init_aibuffer_msg
                0x000000000800b2e0       0x66 X-CUBE-AI/App/aiPbMgr.o
 *fill*         0x000000000800b346        0x2 
 .text.nn_shape_w_cb
                0x000000000800b348       0x84 X-CUBE-AI/App/aiPbMgr.o
 .text.nn_inputs_w_cb
                0x000000000800b3cc       0x36 X-CUBE-AI/App/aiPbMgr.o
 .text.nn_outputs_w_cb
                0x000000000800b402       0x36 X-CUBE-AI/App/aiPbMgr.o
 .text.aiPbStrCopy
                0x000000000800b438       0x78 X-CUBE-AI/App/aiPbMgr.o
                0x000000000800b438                aiPbStrCopy
 .text.aiPbVersionToUint32
                0x000000000800b4b0       0x3a X-CUBE-AI/App/aiPbMgr.o
                0x000000000800b4b0                aiPbVersionToUint32
 *fill*         0x000000000800b4ea        0x2 
 .text.aiPbMgrSendNNInfo
                0x000000000800b4ec      0x170 X-CUBE-AI/App/aiPbMgr.o
                0x000000000800b4ec                aiPbMgrSendNNInfo
 .text.crcIpInit
                0x000000000800b65c       0x40 X-CUBE-AI/App/aiTestUtility.o
                0x000000000800b65c                crcIpInit
 .text.dwtIpInit
                0x000000000800b69c       0x44 X-CUBE-AI/App/aiTestUtility.o
                0x000000000800b69c                dwtIpInit
 .text.dwtReset
                0x000000000800b6e0       0x18 X-CUBE-AI/App/aiTestUtility.o
                0x000000000800b6e0                dwtReset
 .text.dwtGetCycles
                0x000000000800b6f8       0x18 X-CUBE-AI/App/aiTestUtility.o
                0x000000000800b6f8                dwtGetCycles
 .text.systemCoreClock
                0x000000000800b710        0xe X-CUBE-AI/App/aiTestUtility.o
                0x000000000800b710                systemCoreClock
 *fill*         0x000000000800b71e        0x2 
 .text.dwtCyclesToFloatMs
                0x000000000800b720       0x50 X-CUBE-AI/App/aiTestUtility.o
                0x000000000800b720                dwtCyclesToFloatMs
 .text.devIdToStr
                0x000000000800b770      0x218 X-CUBE-AI/App/aiTestUtility.o
 .text.bitToStr
                0x000000000800b988       0x28 X-CUBE-AI/App/aiTestUtility.o
 .text.getFlashCacheConf
                0x000000000800b9b0       0x18 X-CUBE-AI/App/aiTestUtility.o
                0x000000000800b9b0                getFlashCacheConf
 .text.logDeviceConf
                0x000000000800b9c8      0x188 X-CUBE-AI/App/aiTestUtility.o
                0x000000000800b9c8                logDeviceConf
 .text.disableInts
                0x000000000800bb50       0x20 X-CUBE-AI/App/aiTestUtility.o
                0x000000000800bb50                disableInts
 .text.restoreInts
                0x000000000800bb70       0x1e X-CUBE-AI/App/aiTestUtility.o
                0x000000000800bb70                restoreInts
 *fill*         0x000000000800bb8e        0x2 
 .text._write   0x000000000800bb90       0x6c X-CUBE-AI/App/aiTestUtility.o
                0x000000000800bb90                _write
 .text.aiLogErr
                0x000000000800bbfc       0x48 X-CUBE-AI/App/aiTestUtility.o
                0x000000000800bbfc                aiLogErr
 .text.aiBufferSize
                0x000000000800bc44       0x2c X-CUBE-AI/App/aiTestUtility.o
                0x000000000800bc44                aiBufferSize
 .text.aiPrintLayoutBuffer
                0x000000000800bc70      0x3e8 X-CUBE-AI/App/aiTestUtility.o
 .text.aiPrintNetworkInfo
                0x000000000800c058      0x17c X-CUBE-AI/App/aiTestUtility.o
                0x000000000800c058                aiPrintNetworkInfo
 .text.aiTestHeader
                0x000000000800c1d4       0x48 X-CUBE-AI/App/aiTestUtility.o
                0x000000000800c1d4                aiTestHeader
 .text.write_packet
                0x000000000800c21c       0x34 X-CUBE-AI/App/aiTestUtility.o
 .text.ioFlushWrite
                0x000000000800c250       0x24 X-CUBE-AI/App/aiTestUtility.o
                0x000000000800c250                ioFlushWrite
 .text.write_callback
                0x000000000800c274       0x78 X-CUBE-AI/App/aiTestUtility.o
 .text.read_packet
                0x000000000800c2ec       0x40 X-CUBE-AI/App/aiTestUtility.o
 .text.ioFlushRead
                0x000000000800c32c       0x24 X-CUBE-AI/App/aiTestUtility.o
                0x000000000800c32c                ioFlushRead
 .text.read_callback
                0x000000000800c350       0xc0 X-CUBE-AI/App/aiTestUtility.o
 .text.pb_ostream_to_uart
                0x000000000800c410       0x48 X-CUBE-AI/App/aiTestUtility.o
                0x000000000800c410                pb_ostream_to_uart
 .text.pb_istream_from_uart
                0x000000000800c458       0x44 X-CUBE-AI/App/aiTestUtility.o
                0x000000000800c458                pb_istream_from_uart
 .text.aiOnExecNode_cb
                0x000000000800c49c      0x106 X-CUBE-AI/App/aiValidation.o
 *fill*         0x000000000800c5a2        0x2 
 .text.aiExecCtx
                0x000000000800c5a4       0xb8 X-CUBE-AI/App/aiValidation.o
 .text.aiSetPbContext
                0x000000000800c65c       0x30 X-CUBE-AI/App/aiValidation.o
 .text.aiBootstrap
                0x000000000800c68c      0x214 X-CUBE-AI/App/aiValidation.o
 .text.aiInspectorGetReport
                0x000000000800c8a0       0x5a X-CUBE-AI/App/aiValidation.o
 .text.aiInspectorSendReport
                0x000000000800c8fa       0x7e X-CUBE-AI/App/aiValidation.o
 .text.aiInspectorUnBind
                0x000000000800c978       0x44 X-CUBE-AI/App/aiValidation.o
 .text.aiInspectorBind
                0x000000000800c9bc       0x68 X-CUBE-AI/App/aiValidation.o
 .text.aiInspectorInitAndBind
                0x000000000800ca24       0xac X-CUBE-AI/App/aiValidation.o
 .text.aiInspectorUnbindAndDestroy
                0x000000000800cad0       0x30 X-CUBE-AI/App/aiValidation.o
 .text.aiInit   0x000000000800cb00       0xc4 X-CUBE-AI/App/aiValidation.o
 .text.aiPbCmdNNInfo
                0x000000000800cbc4       0x4e X-CUBE-AI/App/aiValidation.o
                0x000000000800cbc4                aiPbCmdNNInfo
 *fill*         0x000000000800cc12        0x2 
 .text.aiPbCmdNNRun
                0x000000000800cc14      0x37c X-CUBE-AI/App/aiValidation.o
                0x000000000800cc14                aiPbCmdNNRun
 .text.aiValidationInit
                0x000000000800cf90       0x30 X-CUBE-AI/App/aiValidation.o
                0x000000000800cf90                aiValidationInit
 .text.prj_AI_init
                0x000000000800cfc0        0xc X-CUBE-AI/App/aiValidation.o
                0x000000000800cfc0                prj_AI_init
 .text.prj_AI_process
                0x000000000800cfcc      0x154 X-CUBE-AI/App/aiValidation.o
                0x000000000800cfcc                prj_AI_process
 .text.MX_X_CUBE_AI_Init
                0x000000000800d120       0x10 X-CUBE-AI/App/app_x-cube-ai.o
                0x000000000800d120                MX_X_CUBE_AI_Init
 .text.ai_mnetwork_is_valid
                0x000000000800d130       0x56 X-CUBE-AI/App/app_x-cube-ai.o
 *fill*         0x000000000800d186        0x2 
 .text.ai_mnetwork_handle
                0x000000000800d188       0x74 X-CUBE-AI/App/app_x-cube-ai.o
 .text.ai_mnetwork_release_handle
                0x000000000800d1fc       0x58 X-CUBE-AI/App/app_x-cube-ai.o
 .text.ai_mnetwork_find
                0x000000000800d254       0x60 X-CUBE-AI/App/app_x-cube-ai.o
                0x000000000800d254                ai_mnetwork_find
 .text.ai_mnetwork_create
                0x000000000800d2b4       0xd8 X-CUBE-AI/App/app_x-cube-ai.o
                0x000000000800d2b4                ai_mnetwork_create
 .text.ai_mnetwork_destroy
                0x000000000800d38c       0x44 X-CUBE-AI/App/app_x-cube-ai.o
                0x000000000800d38c                ai_mnetwork_destroy
 .text.ai_mnetwork_get_info
                0x000000000800d3d0       0x36 X-CUBE-AI/App/app_x-cube-ai.o
                0x000000000800d3d0                ai_mnetwork_get_info
 .text.ai_mnetwork_get_error
                0x000000000800d406       0x40 X-CUBE-AI/App/app_x-cube-ai.o
                0x000000000800d406                ai_mnetwork_get_error
 .text.ai_mnetwork_init
                0x000000000800d446       0xa2 X-CUBE-AI/App/app_x-cube-ai.o
                0x000000000800d446                ai_mnetwork_init
 .text.ai_mnetwork_run
                0x000000000800d4e8       0x38 X-CUBE-AI/App/app_x-cube-ai.o
                0x000000000800d4e8                ai_mnetwork_run
 .text.ai_mnetwork_get_private_handle
                0x000000000800d520       0x58 X-CUBE-AI/App/app_x-cube-ai.o
                0x000000000800d520                ai_mnetwork_get_private_handle
 .text.ai_mnetwork_get_ext_data_activations
                0x000000000800d578       0x4a X-CUBE-AI/App/app_x-cube-ai.o
                0x000000000800d578                ai_mnetwork_get_ext_data_activations
 *fill*         0x000000000800d5c2        0x2 
 .text.network_configure_activations
                0x000000000800d5c4       0x9c X-CUBE-AI/App/network.o
 .text.network_configure_weights
                0x000000000800d660       0xf0 X-CUBE-AI/App/network.o
 .text.ai_network_get_info
                0x000000000800d750       0xc8 X-CUBE-AI/App/network.o
                0x000000000800d750                ai_network_get_info
 .text.ai_network_get_error
                0x000000000800d818       0x18 X-CUBE-AI/App/network.o
                0x000000000800d818                ai_network_get_error
 .text.ai_network_create
                0x000000000800d830       0x2c X-CUBE-AI/App/network.o
                0x000000000800d830                ai_network_create
 .text.ai_network_destroy
                0x000000000800d85c       0x18 X-CUBE-AI/App/network.o
                0x000000000800d85c                ai_network_destroy
 .text.ai_network_init
                0x000000000800d874       0x66 X-CUBE-AI/App/network.o
                0x000000000800d874                ai_network_init
 .text.ai_network_run
                0x000000000800d8da       0x20 X-CUBE-AI/App/network.o
                0x000000000800d8da                ai_network_run
 .text.ai_network_forward
                0x000000000800d8fa       0x1e X-CUBE-AI/App/network.o
                0x000000000800d8fa                ai_network_forward
 .text.ai_network_data_weights_get
                0x000000000800d918       0x14 X-CUBE-AI/App/network_data.o
                0x000000000800d918                ai_network_data_weights_get
 .text.pb_field_iter_begin
                0x000000000800d92c       0x6a X-CUBE-AI/App/pb_common.o
                0x000000000800d92c                pb_field_iter_begin
 .text.pb_field_iter_next
                0x000000000800d996      0x10c X-CUBE-AI/App/pb_common.o
                0x000000000800d996                pb_field_iter_next
 .text.pb_field_iter_find
                0x000000000800daa2       0x4c X-CUBE-AI/App/pb_common.o
                0x000000000800daa2                pb_field_iter_find
 .text.buf_read
                0x000000000800daee       0x56 X-CUBE-AI/App/pb_decode.o
 .text.pb_read  0x000000000800db44       0xd0 X-CUBE-AI/App/pb_decode.o
                0x000000000800db44                pb_read
 .text.pb_readbyte
                0x000000000800dc14       0x78 X-CUBE-AI/App/pb_decode.o
 .text.pb_istream_from_buffer
                0x000000000800dc8c       0x3c X-CUBE-AI/App/pb_decode.o
                0x000000000800dc8c                pb_istream_from_buffer
 .text.pb_decode_varint32_eof
                0x000000000800dcc8      0x114 X-CUBE-AI/App/pb_decode.o
 .text.pb_decode_varint32
                0x000000000800dddc       0x1e X-CUBE-AI/App/pb_decode.o
                0x000000000800dddc                pb_decode_varint32
 *fill*         0x000000000800ddfa        0x2 
 .text.pb_decode_varint
                0x000000000800ddfc       0xc4 X-CUBE-AI/App/pb_decode.o
                0x000000000800ddfc                pb_decode_varint
 .text.pb_skip_varint
                0x000000000800dec0       0x38 X-CUBE-AI/App/pb_decode.o
 .text.pb_skip_string
                0x000000000800def8       0x3a X-CUBE-AI/App/pb_decode.o
 .text.pb_decode_tag
                0x000000000800df32       0x6e X-CUBE-AI/App/pb_decode.o
                0x000000000800df32                pb_decode_tag
 .text.pb_skip_field
                0x000000000800dfa0       0x84 X-CUBE-AI/App/pb_decode.o
                0x000000000800dfa0                pb_skip_field
 .text.read_raw_value
                0x000000000800e024       0xb8 X-CUBE-AI/App/pb_decode.o
 .text.pb_make_string_substream
                0x000000000800e0dc       0x74 X-CUBE-AI/App/pb_decode.o
                0x000000000800e0dc                pb_make_string_substream
 .text.pb_close_string_substream
                0x000000000800e150       0x4a X-CUBE-AI/App/pb_decode.o
                0x000000000800e150                pb_close_string_substream
 *fill*         0x000000000800e19a        0x2 
 .text.decode_static_field
                0x000000000800e19c      0x244 X-CUBE-AI/App/pb_decode.o
 .text.decode_pointer_field
                0x000000000800e3e0       0x34 X-CUBE-AI/App/pb_decode.o
 .text.decode_callback_field
                0x000000000800e414      0x110 X-CUBE-AI/App/pb_decode.o
 .text.decode_field
                0x000000000800e524       0x78 X-CUBE-AI/App/pb_decode.o
 .text.iter_from_extension
                0x000000000800e59c       0x4e X-CUBE-AI/App/pb_decode.o
 .text.default_extension_decoder
                0x000000000800e5ea       0x52 X-CUBE-AI/App/pb_decode.o
 .text.decode_extension
                0x000000000800e63c       0x80 X-CUBE-AI/App/pb_decode.o
 .text.find_extension_field
                0x000000000800e6bc       0x3a X-CUBE-AI/App/pb_decode.o
 .text.pb_field_set_to_default
                0x000000000800e6f6      0x156 X-CUBE-AI/App/pb_decode.o
 .text.pb_message_set_to_defaults
                0x000000000800e84c       0x48 X-CUBE-AI/App/pb_decode.o
 .text.pb_decode_noinit
                0x000000000800e894      0x2d4 X-CUBE-AI/App/pb_decode.o
                0x000000000800e894                pb_decode_noinit
 .text.pb_decode
                0x000000000800eb68       0x2c X-CUBE-AI/App/pb_decode.o
                0x000000000800eb68                pb_decode
 .text.pb_decode_delimited
                0x000000000800eb94       0x64 X-CUBE-AI/App/pb_decode.o
                0x000000000800eb94                pb_decode_delimited
 .text.pb_decode_svarint
                0x000000000800ebf8       0x76 X-CUBE-AI/App/pb_decode.o
                0x000000000800ebf8                pb_decode_svarint
 .text.pb_decode_fixed32
                0x000000000800ec6e       0x4c X-CUBE-AI/App/pb_decode.o
                0x000000000800ec6e                pb_decode_fixed32
 .text.pb_decode_fixed64
                0x000000000800ecba      0x10e X-CUBE-AI/App/pb_decode.o
                0x000000000800ecba                pb_decode_fixed64
 .text.pb_dec_varint
                0x000000000800edc8      0x12c X-CUBE-AI/App/pb_decode.o
 .text.pb_dec_uvarint
                0x000000000800eef4      0x10c X-CUBE-AI/App/pb_decode.o
 .text.pb_dec_svarint
                0x000000000800f000      0x110 X-CUBE-AI/App/pb_decode.o
 .text.pb_dec_fixed32
                0x000000000800f110       0x1e X-CUBE-AI/App/pb_decode.o
 .text.pb_dec_fixed64
                0x000000000800f12e       0x1e X-CUBE-AI/App/pb_decode.o
 .text.pb_dec_bytes
                0x000000000800f14c       0xec X-CUBE-AI/App/pb_decode.o
 .text.pb_dec_string
                0x000000000800f238       0xcc X-CUBE-AI/App/pb_decode.o
 .text.pb_dec_submessage
                0x000000000800f304       0xb4 X-CUBE-AI/App/pb_decode.o
 .text.pb_dec_fixed_length_bytes
                0x000000000800f3b8       0xb0 X-CUBE-AI/App/pb_decode.o
 .text.pb_write
                0x000000000800f468       0x8c X-CUBE-AI/App/pb_encode.o
                0x000000000800f468                pb_write
 .text.encode_array
                0x000000000800f4f4      0x21c X-CUBE-AI/App/pb_encode.o
 .text.pb_check_proto3_default_value
                0x000000000800f710      0x19a X-CUBE-AI/App/pb_encode.o
 *fill*         0x000000000800f8aa        0x2 
 .text.encode_basic_field
                0x000000000800f8ac      0x1fc X-CUBE-AI/App/pb_encode.o
 .text.encode_callback_field
                0x000000000800faa8       0x5c X-CUBE-AI/App/pb_encode.o
 .text.encode_field
                0x000000000800fb04       0x60 X-CUBE-AI/App/pb_encode.o
 .text.default_extension_encoder
                0x000000000800fb64       0x48 X-CUBE-AI/App/pb_encode.o
 .text.encode_extension_field
                0x000000000800fbac       0x62 X-CUBE-AI/App/pb_encode.o
 .text.pb_const_cast
                0x000000000800fc0e       0x1a X-CUBE-AI/App/pb_encode.o
 .text.pb_encode
                0x000000000800fc28       0x8e X-CUBE-AI/App/pb_encode.o
                0x000000000800fc28                pb_encode
 .text.pb_encode_varint
                0x000000000800fcb6       0xa6 X-CUBE-AI/App/pb_encode.o
                0x000000000800fcb6                pb_encode_varint
 .text.pb_encode_svarint
                0x000000000800fd5c       0x56 X-CUBE-AI/App/pb_encode.o
                0x000000000800fd5c                pb_encode_svarint
 .text.pb_encode_fixed32
                0x000000000800fdb2       0x46 X-CUBE-AI/App/pb_encode.o
                0x000000000800fdb2                pb_encode_fixed32
 .text.pb_encode_fixed64
                0x000000000800fdf8       0xc8 X-CUBE-AI/App/pb_encode.o
                0x000000000800fdf8                pb_encode_fixed64
 .text.pb_encode_tag
                0x000000000800fec0       0x48 X-CUBE-AI/App/pb_encode.o
                0x000000000800fec0                pb_encode_tag
 .text.pb_encode_tag_for_field
                0x000000000800ff08       0x94 X-CUBE-AI/App/pb_encode.o
                0x000000000800ff08                pb_encode_tag_for_field
 .text.pb_encode_string
                0x000000000800ff9c       0x40 X-CUBE-AI/App/pb_encode.o
                0x000000000800ff9c                pb_encode_string
 .text.pb_encode_submessage
                0x000000000800ffdc      0x11c X-CUBE-AI/App/pb_encode.o
                0x000000000800ffdc                pb_encode_submessage
 .text.pb_enc_varint
                0x00000000080100f8       0xbc X-CUBE-AI/App/pb_encode.o
 .text.pb_enc_uvarint
                0x00000000080101b4       0xb4 X-CUBE-AI/App/pb_encode.o
 .text.pb_enc_svarint
                0x0000000008010268       0xb8 X-CUBE-AI/App/pb_encode.o
 .text.pb_enc_fixed64
                0x0000000008010320       0x1e X-CUBE-AI/App/pb_encode.o
 .text.pb_enc_fixed32
                0x000000000801033e       0x1e X-CUBE-AI/App/pb_encode.o
 .text.pb_enc_bytes
                0x000000000801035c       0x7c X-CUBE-AI/App/pb_encode.o
 .text.pb_enc_string
                0x00000000080103d8       0x6c X-CUBE-AI/App/pb_encode.o
 .text.pb_enc_submessage
                0x0000000008010444       0x4c X-CUBE-AI/App/pb_encode.o
 .text.pb_enc_fixed_length_bytes
                0x0000000008010490       0x28 X-CUBE-AI/App/pb_encode.o
 .text.__aeabi_memclr
                0x00000000080104b8        0x6 c:/st/stm32cubeide_1.3.0/stm32cubeide/plugins/com.st.stm32cube.ide.mcu.externaltools.gnu-tools-for-stm32.7-2018-q2-update.win32_1.0.0.201904181610/tools/bin/../lib/gcc/arm-none-eabi/7.3.1/../../../../arm-none-eabi/lib/thumb/v7e-m/fpv5/hard\libc_nano.a(lib_a-aeabi_memclr.o)
                0x00000000080104b8                __aeabi_memclr
                0x00000000080104b8                __aeabi_memclr4
                0x00000000080104b8                __aeabi_memclr8
 .text.__aeabi_memcpy
                0x00000000080104be        0x4 c:/st/stm32cubeide_1.3.0/stm32cubeide/plugins/com.st.stm32cube.ide.mcu.externaltools.gnu-tools-for-stm32.7-2018-q2-update.win32_1.0.0.201904181610/tools/bin/../lib/gcc/arm-none-eabi/7.3.1/../../../../arm-none-eabi/lib/thumb/v7e-m/fpv5/hard\libc_nano.a(lib_a-aeabi_memcpy.o)
                0x00000000080104be                __aeabi_memcpy4
                0x00000000080104be                __aeabi_memcpy8
                0x00000000080104be                __aeabi_memcpy
 *fill*         0x00000000080104c2        0x2 
 .text.__errno  0x00000000080104c4        0xc c:/st/stm32cubeide_1.3.0/stm32cubeide/plugins/com.st.stm32cube.ide.mcu.externaltools.gnu-tools-for-stm32.7-2018-q2-update.win32_1.0.0.201904181610/tools/bin/../lib/gcc/arm-none-eabi/7.3.1/../../../../arm-none-eabi/lib/thumb/v7e-m/fpv5/hard\libc_nano.a(lib_a-errno.o)
                0x00000000080104c4                __errno
 .text.__libc_init_array
                0x00000000080104d0       0x48 c:/st/stm32cubeide_1.3.0/stm32cubeide/plugins/com.st.stm32cube.ide.mcu.externaltools.gnu-tools-for-stm32.7-2018-q2-update.win32_1.0.0.201904181610/tools/bin/../lib/gcc/arm-none-eabi/7.3.1/../../../../arm-none-eabi/lib/thumb/v7e-m/fpv5/hard\libc_nano.a(lib_a-init.o)
                0x00000000080104d0                __libc_init_array
 .text.malloc   0x0000000008010518       0x10 c:/st/stm32cubeide_1.3.0/stm32cubeide/plugins/com.st.stm32cube.ide.mcu.externaltools.gnu-tools-for-stm32.7-2018-q2-update.win32_1.0.0.201904181610/tools/bin/../lib/gcc/arm-none-eabi/7.3.1/../../../../arm-none-eabi/lib/thumb/v7e-m/fpv5/hard\libc_nano.a(lib_a-malloc.o)
                0x0000000008010518                malloc
 .text.free     0x0000000008010528       0x10 c:/st/stm32cubeide_1.3.0/stm32cubeide/plugins/com.st.stm32cube.ide.mcu.externaltools.gnu-tools-for-stm32.7-2018-q2-update.win32_1.0.0.201904181610/tools/bin/../lib/gcc/arm-none-eabi/7.3.1/../../../../arm-none-eabi/lib/thumb/v7e-m/fpv5/hard\libc_nano.a(lib_a-malloc.o)
                0x0000000008010528                free
 .text.memcmp   0x0000000008010538       0x1e c:/st/stm32cubeide_1.3.0/stm32cubeide/plugins/com.st.stm32cube.ide.mcu.externaltools.gnu-tools-for-stm32.7-2018-q2-update.win32_1.0.0.201904181610/tools/bin/../lib/gcc/arm-none-eabi/7.3.1/../../../../arm-none-eabi/lib/thumb/v7e-m/fpv5/hard\libc_nano.a(lib_a-memcmp.o)
                0x0000000008010538                memcmp
 .text.memcpy   0x0000000008010556       0x16 c:/st/stm32cubeide_1.3.0/stm32cubeide/plugins/com.st.stm32cube.ide.mcu.externaltools.gnu-tools-for-stm32.7-2018-q2-update.win32_1.0.0.201904181610/tools/bin/../lib/gcc/arm-none-eabi/7.3.1/../../../../arm-none-eabi/lib/thumb/v7e-m/fpv5/hard\libc_nano.a(lib_a-memcpy-stub.o)
                0x0000000008010556                memcpy
 .text.memset   0x000000000801056c       0x10 c:/st/stm32cubeide_1.3.0/stm32cubeide/plugins/com.st.stm32cube.ide.mcu.externaltools.gnu-tools-for-stm32.7-2018-q2-update.win32_1.0.0.201904181610/tools/bin/../lib/gcc/arm-none-eabi/7.3.1/../../../../arm-none-eabi/lib/thumb/v7e-m/fpv5/hard\libc_nano.a(lib_a-memset.o)
                0x000000000801056c                memset
 .text._free_r  0x000000000801057c       0x9c c:/st/stm32cubeide_1.3.0/stm32cubeide/plugins/com.st.stm32cube.ide.mcu.externaltools.gnu-tools-for-stm32.7-2018-q2-update.win32_1.0.0.201904181610/tools/bin/../lib/gcc/arm-none-eabi/7.3.1/../../../../arm-none-eabi/lib/thumb/v7e-m/fpv5/hard\libc_nano.a(lib_a-nano-freer.o)
                0x000000000801057c                _free_r
 .text._malloc_r
                0x0000000008010618       0xb4 c:/st/stm32cubeide_1.3.0/stm32cubeide/plugins/com.st.stm32cube.ide.mcu.externaltools.gnu-tools-for-stm32.7-2018-q2-update.win32_1.0.0.201904181610/tools/bin/../lib/gcc/arm-none-eabi/7.3.1/../../../../arm-none-eabi/lib/thumb/v7e-m/fpv5/hard\libc_nano.a(lib_a-nano-mallocr.o)
                0x0000000008010618                _malloc_r
 .text.__cvt    0x00000000080106cc       0xa4 c:/st/stm32cubeide_1.3.0/stm32cubeide/plugins/com.st.stm32cube.ide.mcu.externaltools.gnu-tools-for-stm32.7-2018-q2-update.win32_1.0.0.201904181610/tools/bin/../lib/gcc/arm-none-eabi/7.3.1/../../../../arm-none-eabi/lib/thumb/v7e-m/fpv5/hard\libc_nano.a(lib_a-nano-vfprintf_float.o)
                0x00000000080106cc                __cvt
 .text.__exponent
                0x0000000008010770       0x66 c:/st/stm32cubeide_1.3.0/stm32cubeide/plugins/com.st.stm32cube.ide.mcu.externaltools.gnu-tools-for-stm32.7-2018-q2-update.win32_1.0.0.201904181610/tools/bin/../lib/gcc/arm-none-eabi/7.3.1/../../../../arm-none-eabi/lib/thumb/v7e-m/fpv5/hard\libc_nano.a(lib_a-nano-vfprintf_float.o)
                0x0000000008010770                __exponent
 *fill*         0x00000000080107d6        0x2 
 .text._printf_float
                0x00000000080107d8      0x458 c:/st/stm32cubeide_1.3.0/stm32cubeide/plugins/com.st.stm32cube.ide.mcu.externaltools.gnu-tools-for-stm32.7-2018-q2-update.win32_1.0.0.201904181610/tools/bin/../lib/gcc/arm-none-eabi/7.3.1/../../../../arm-none-eabi/lib/thumb/v7e-m/fpv5/hard\libc_nano.a(lib_a-nano-vfprintf_float.o)
                0x00000000080107d8                _printf_float
 .text._printf_common
                0x0000000008010c30       0xea c:/st/stm32cubeide_1.3.0/stm32cubeide/plugins/com.st.stm32cube.ide.mcu.externaltools.gnu-tools-for-stm32.7-2018-q2-update.win32_1.0.0.201904181610/tools/bin/../lib/gcc/arm-none-eabi/7.3.1/../../../../arm-none-eabi/lib/thumb/v7e-m/fpv5/hard\libc_nano.a(lib_a-nano-vfprintf_i.o)
                0x0000000008010c30                _printf_common
 *fill*         0x0000000008010d1a        0x2 
 .text._printf_i
                0x0000000008010d1c      0x224 c:/st/stm32cubeide_1.3.0/stm32cubeide/plugins/com.st.stm32cube.ide.mcu.externaltools.gnu-tools-for-stm32.7-2018-q2-update.win32_1.0.0.201904181610/tools/bin/../lib/gcc/arm-none-eabi/7.3.1/../../../../arm-none-eabi/lib/thumb/v7e-m/fpv5/hard\libc_nano.a(lib_a-nano-vfprintf_i.o)
                0x0000000008010d1c                _printf_i
 .text.printf   0x0000000008010f40       0x30 c:/st/stm32cubeide_1.3.0/stm32cubeide/plugins/com.st.stm32cube.ide.mcu.externaltools.gnu-tools-for-stm32.7-2018-q2-update.win32_1.0.0.201904181610/tools/bin/../lib/gcc/arm-none-eabi/7.3.1/../../../../arm-none-eabi/lib/thumb/v7e-m/fpv5/hard\libc_nano.a(lib_a-printf.o)
                0x0000000008010f40                iprintf
                0x0000000008010f40                printf
 .text._puts_r  0x0000000008010f70       0xb8 c:/st/stm32cubeide_1.3.0/stm32cubeide/plugins/com.st.stm32cube.ide.mcu.externaltools.gnu-tools-for-stm32.7-2018-q2-update.win32_1.0.0.201904181610/tools/bin/../lib/gcc/arm-none-eabi/7.3.1/../../../../arm-none-eabi/lib/thumb/v7e-m/fpv5/hard\libc_nano.a(lib_a-puts.o)
                0x0000000008010f70                _puts_r
 .text.puts     0x0000000008011028       0x10 c:/st/stm32cubeide_1.3.0/stm32cubeide/plugins/com.st.stm32cube.ide.mcu.externaltools.gnu-tools-for-stm32.7-2018-q2-update.win32_1.0.0.201904181610/tools/bin/../lib/gcc/arm-none-eabi/7.3.1/../../../../arm-none-eabi/lib/thumb/v7e-m/fpv5/hard\libc_nano.a(lib_a-puts.o)
                0x0000000008011028                puts
 .text.realloc  0x0000000008011038       0x10 c:/st/stm32cubeide_1.3.0/stm32cubeide/plugins/com.st.stm32cube.ide.mcu.externaltools.gnu-tools-for-stm32.7-2018-q2-update.win32_1.0.0.201904181610/tools/bin/../lib/gcc/arm-none-eabi/7.3.1/../../../../arm-none-eabi/lib/thumb/v7e-m/fpv5/hard\libc_nano.a(lib_a-realloc.o)
                0x0000000008011038                realloc
 .text._sbrk_r  0x0000000008011048       0x20 c:/st/stm32cubeide_1.3.0/stm32cubeide/plugins/com.st.stm32cube.ide.mcu.externaltools.gnu-tools-for-stm32.7-2018-q2-update.win32_1.0.0.201904181610/tools/bin/../lib/gcc/arm-none-eabi/7.3.1/../../../../arm-none-eabi/lib/thumb/v7e-m/fpv5/hard\libc_nano.a(lib_a-sbrkr.o)
                0x0000000008011048                _sbrk_r
 .text.strncmp  0x0000000008011068       0x24 c:/st/stm32cubeide_1.3.0/stm32cubeide/plugins/com.st.stm32cube.ide.mcu.externaltools.gnu-tools-for-stm32.7-2018-q2-update.win32_1.0.0.201904181610/tools/bin/../lib/gcc/arm-none-eabi/7.3.1/../../../../arm-none-eabi/lib/thumb/v7e-m/fpv5/hard\libc_nano.a(lib_a-strncmp.o)
                0x0000000008011068                strncmp
 .text.__swbuf_r
                0x000000000801108c       0xa4 c:/st/stm32cubeide_1.3.0/stm32cubeide/plugins/com.st.stm32cube.ide.mcu.externaltools.gnu-tools-for-stm32.7-2018-q2-update.win32_1.0.0.201904181610/tools/bin/../lib/gcc/arm-none-eabi/7.3.1/../../../../arm-none-eabi/lib/thumb/v7e-m/fpv5/hard\libc_nano.a(lib_a-wbuf.o)
                0x000000000801108c                __swbuf_r
 .text.__swsetup_r
                0x0000000008011130       0xdc c:/st/stm32cubeide_1.3.0/stm32cubeide/plugins/com.st.stm32cube.ide.mcu.externaltools.gnu-tools-for-stm32.7-2018-q2-update.win32_1.0.0.201904181610/tools/bin/../lib/gcc/arm-none-eabi/7.3.1/../../../../arm-none-eabi/lib/thumb/v7e-m/fpv5/hard\libc_nano.a(lib_a-wsetup.o)
                0x0000000008011130                __swsetup_r
 .text.quorem   0x000000000801120c      0x118 c:/st/stm32cubeide_1.3.0/stm32cubeide/plugins/com.st.stm32cube.ide.mcu.externaltools.gnu-tools-for-stm32.7-2018-q2-update.win32_1.0.0.201904181610/tools/bin/../lib/gcc/arm-none-eabi/7.3.1/../../../../arm-none-eabi/lib/thumb/v7e-m/fpv5/hard\libc_nano.a(lib_a-dtoa.o)
 *fill*         0x0000000008011324        0x4 
 .text._dtoa_r  0x0000000008011328      0xa98 c:/st/stm32cubeide_1.3.0/stm32cubeide/plugins/com.st.stm32cube.ide.mcu.externaltools.gnu-tools-for-stm32.7-2018-q2-update.win32_1.0.0.201904181610/tools/bin/../lib/gcc/arm-none-eabi/7.3.1/../../../../arm-none-eabi/lib/thumb/v7e-m/fpv5/hard\libc_nano.a(lib_a-dtoa.o)
                0x0000000008011328                _dtoa_r
 .text.__sflush_r
                0x0000000008011dc0      0x10c c:/st/stm32cubeide_1.3.0/stm32cubeide/plugins/com.st.stm32cube.ide.mcu.externaltools.gnu-tools-for-stm32.7-2018-q2-update.win32_1.0.0.201904181610/tools/bin/../lib/gcc/arm-none-eabi/7.3.1/../../../../arm-none-eabi/lib/thumb/v7e-m/fpv5/hard\libc_nano.a(lib_a-fflush.o)
                0x0000000008011dc0                __sflush_r
 .text._fflush_r
                0x0000000008011ecc       0x54 c:/st/stm32cubeide_1.3.0/stm32cubeide/plugins/com.st.stm32cube.ide.mcu.externaltools.gnu-tools-for-stm32.7-2018-q2-update.win32_1.0.0.201904181610/tools/bin/../lib/gcc/arm-none-eabi/7.3.1/../../../../arm-none-eabi/lib/thumb/v7e-m/fpv5/hard\libc_nano.a(lib_a-fflush.o)
                0x0000000008011ecc                _fflush_r
 .text.std      0x0000000008011f20       0x48 c:/st/stm32cubeide_1.3.0/stm32cubeide/plugins/com.st.stm32cube.ide.mcu.externaltools.gnu-tools-for-stm32.7-2018-q2-update.win32_1.0.0.201904181610/tools/bin/../lib/gcc/arm-none-eabi/7.3.1/../../../../arm-none-eabi/lib/thumb/v7e-m/fpv5/hard\libc_nano.a(lib_a-findfp.o)
 .text._cleanup_r
                0x0000000008011f68        0xc c:/st/stm32cubeide_1.3.0/stm32cubeide/plugins/com.st.stm32cube.ide.mcu.externaltools.gnu-tools-for-stm32.7-2018-q2-update.win32_1.0.0.201904181610/tools/bin/../lib/gcc/arm-none-eabi/7.3.1/../../../../arm-none-eabi/lib/thumb/v7e-m/fpv5/hard\libc_nano.a(lib_a-findfp.o)
                0x0000000008011f68                _cleanup_r
 .text.__sfmoreglue
                0x0000000008011f74       0x2c c:/st/stm32cubeide_1.3.0/stm32cubeide/plugins/com.st.stm32cube.ide.mcu.externaltools.gnu-tools-for-stm32.7-2018-q2-update.win32_1.0.0.201904181610/tools/bin/../lib/gcc/arm-none-eabi/7.3.1/../../../../arm-none-eabi/lib/thumb/v7e-m/fpv5/hard\libc_nano.a(lib_a-findfp.o)
                0x0000000008011f74                __sfmoreglue
 .text.__sinit  0x0000000008011fa0       0x60 c:/st/stm32cubeide_1.3.0/stm32cubeide/plugins/com.st.stm32cube.ide.mcu.externaltools.gnu-tools-for-stm32.7-2018-q2-update.win32_1.0.0.201904181610/tools/bin/../lib/gcc/arm-none-eabi/7.3.1/../../../../arm-none-eabi/lib/thumb/v7e-m/fpv5/hard\libc_nano.a(lib_a-findfp.o)
                0x0000000008011fa0                __sinit
 .text.__sfp    0x0000000008012000       0x78 c:/st/stm32cubeide_1.3.0/stm32cubeide/plugins/com.st.stm32cube.ide.mcu.externaltools.gnu-tools-for-stm32.7-2018-q2-update.win32_1.0.0.201904181610/tools/bin/../lib/gcc/arm-none-eabi/7.3.1/../../../../arm-none-eabi/lib/thumb/v7e-m/fpv5/hard\libc_nano.a(lib_a-findfp.o)
                0x0000000008012000                __sfp
 .text._fwalk_reent
                0x0000000008012078       0x3c c:/st/stm32cubeide_1.3.0/stm32cubeide/plugins/com.st.stm32cube.ide.mcu.externaltools.gnu-tools-for-stm32.7-2018-q2-update.win32_1.0.0.201904181610/tools/bin/../lib/gcc/arm-none-eabi/7.3.1/../../../../arm-none-eabi/lib/thumb/v7e-m/fpv5/hard\libc_nano.a(lib_a-fwalk.o)
                0x0000000008012078                _fwalk_reent
 .text._localeconv_r
                0x00000000080120b4       0x1c c:/st/stm32cubeide_1.3.0/stm32cubeide/plugins/com.st.stm32cube.ide.mcu.externaltools.gnu-tools-for-stm32.7-2018-q2-update.win32_1.0.0.201904181610/tools/bin/../lib/gcc/arm-none-eabi/7.3.1/../../../../arm-none-eabi/lib/thumb/v7e-m/fpv5/hard\libc_nano.a(lib_a-localeconv.o)
                0x00000000080120b4                _localeconv_r
 .text.__swhatbuf_r
                0x00000000080120d0       0x48 c:/st/stm32cubeide_1.3.0/stm32cubeide/plugins/com.st.stm32cube.ide.mcu.externaltools.gnu-tools-for-stm32.7-2018-q2-update.win32_1.0.0.201904181610/tools/bin/../lib/gcc/arm-none-eabi/7.3.1/../../../../arm-none-eabi/lib/thumb/v7e-m/fpv5/hard\libc_nano.a(lib_a-makebuf.o)
                0x00000000080120d0                __swhatbuf_r
 .text.__smakebuf_r
                0x0000000008012118       0x80 c:/st/stm32cubeide_1.3.0/stm32cubeide/plugins/com.st.stm32cube.ide.mcu.externaltools.gnu-tools-for-stm32.7-2018-q2-update.win32_1.0.0.201904181610/tools/bin/../lib/gcc/arm-none-eabi/7.3.1/../../../../arm-none-eabi/lib/thumb/v7e-m/fpv5/hard\libc_nano.a(lib_a-makebuf.o)
                0x0000000008012118                __smakebuf_r
 .text.__malloc_lock
                0x0000000008012198        0x2 c:/st/stm32cubeide_1.3.0/stm32cubeide/plugins/com.st.stm32cube.ide.mcu.externaltools.gnu-tools-for-stm32.7-2018-q2-update.win32_1.0.0.201904181610/tools/bin/../lib/gcc/arm-none-eabi/7.3.1/../../../../arm-none-eabi/lib/thumb/v7e-m/fpv5/hard\libc_nano.a(lib_a-mlock.o)
                0x0000000008012198                __malloc_lock
 .text.__malloc_unlock
                0x000000000801219a        0x2 c:/st/stm32cubeide_1.3.0/stm32cubeide/plugins/com.st.stm32cube.ide.mcu.externaltools.gnu-tools-for-stm32.7-2018-q2-update.win32_1.0.0.201904181610/tools/bin/../lib/gcc/arm-none-eabi/7.3.1/../../../../arm-none-eabi/lib/thumb/v7e-m/fpv5/hard\libc_nano.a(lib_a-mlock.o)
                0x000000000801219a                __malloc_unlock
 .text._Balloc  0x000000000801219c       0x68 c:/st/stm32cubeide_1.3.0/stm32cubeide/plugins/com.st.stm32cube.ide.mcu.externaltools.gnu-tools-for-stm32.7-2018-q2-update.win32_1.0.0.201904181610/tools/bin/../lib/gcc/arm-none-eabi/7.3.1/../../../../arm-none-eabi/lib/thumb/v7e-m/fpv5/hard\libc_nano.a(lib_a-mprec.o)
                0x000000000801219c                _Balloc
 .text._Bfree   0x0000000008012204       0x2e c:/st/stm32cubeide_1.3.0/stm32cubeide/plugins/com.st.stm32cube.ide.mcu.externaltools.gnu-tools-for-stm32.7-2018-q2-update.win32_1.0.0.201904181610/tools/bin/../lib/gcc/arm-none-eabi/7.3.1/../../../../arm-none-eabi/lib/thumb/v7e-m/fpv5/hard\libc_nano.a(lib_a-mprec.o)
                0x0000000008012204                _Bfree
 .text.__multadd
                0x0000000008012232       0x76 c:/st/stm32cubeide_1.3.0/stm32cubeide/plugins/com.st.stm32cube.ide.mcu.externaltools.gnu-tools-for-stm32.7-2018-q2-update.win32_1.0.0.201904181610/tools/bin/../lib/gcc/arm-none-eabi/7.3.1/../../../../arm-none-eabi/lib/thumb/v7e-m/fpv5/hard\libc_nano.a(lib_a-mprec.o)
                0x0000000008012232                __multadd
 .text.__hi0bits
                0x00000000080122a8       0x3e c:/st/stm32cubeide_1.3.0/stm32cubeide/plugins/com.st.stm32cube.ide.mcu.externaltools.gnu-tools-for-stm32.7-2018-q2-update.win32_1.0.0.201904181610/tools/bin/../lib/gcc/arm-none-eabi/7.3.1/../../../../arm-none-eabi/lib/thumb/v7e-m/fpv5/hard\libc_nano.a(lib_a-mprec.o)
                0x00000000080122a8                __hi0bits
 .text.__lo0bits
                0x00000000080122e6       0x5e c:/st/stm32cubeide_1.3.0/stm32cubeide/plugins/com.st.stm32cube.ide.mcu.externaltools.gnu-tools-for-stm32.7-2018-q2-update.win32_1.0.0.201904181610/tools/bin/../lib/gcc/arm-none-eabi/7.3.1/../../../../arm-none-eabi/lib/thumb/v7e-m/fpv5/hard\libc_nano.a(lib_a-mprec.o)
                0x00000000080122e6                __lo0bits
 .text.__i2b    0x0000000008012344       0x12 c:/st/stm32cubeide_1.3.0/stm32cubeide/plugins/com.st.stm32cube.ide.mcu.externaltools.gnu-tools-for-stm32.7-2018-q2-update.win32_1.0.0.201904181610/tools/bin/../lib/gcc/arm-none-eabi/7.3.1/../../../../arm-none-eabi/lib/thumb/v7e-m/fpv5/hard\libc_nano.a(lib_a-mprec.o)
                0x0000000008012344                __i2b
 .text.__multiply
                0x0000000008012356      0x12c c:/st/stm32cubeide_1.3.0/stm32cubeide/plugins/com.st.stm32cube.ide.mcu.externaltools.gnu-tools-for-stm32.7-2018-q2-update.win32_1.0.0.201904181610/tools/bin/../lib/gcc/arm-none-eabi/7.3.1/../../../../arm-none-eabi/lib/thumb/v7e-m/fpv5/hard\libc_nano.a(lib_a-mprec.o)
                0x0000000008012356                __multiply
 *fill*         0x0000000008012482        0x2 
 .text.__pow5mult
                0x0000000008012484       0x9c c:/st/stm32cubeide_1.3.0/stm32cubeide/plugins/com.st.stm32cube.ide.mcu.externaltools.gnu-tools-for-stm32.7-2018-q2-update.win32_1.0.0.201904181610/tools/bin/../lib/gcc/arm-none-eabi/7.3.1/../../../../arm-none-eabi/lib/thumb/v7e-m/fpv5/hard\libc_nano.a(lib_a-mprec.o)
                0x0000000008012484                __pow5mult
 .text.__lshift
                0x0000000008012520       0xa8 c:/st/stm32cubeide_1.3.0/stm32cubeide/plugins/com.st.stm32cube.ide.mcu.externaltools.gnu-tools-for-stm32.7-2018-q2-update.win32_1.0.0.201904181610/tools/bin/../lib/gcc/arm-none-eabi/7.3.1/../../../../arm-none-eabi/lib/thumb/v7e-m/fpv5/hard\libc_nano.a(lib_a-mprec.o)
                0x0000000008012520                __lshift
 .text.__mcmp   0x00000000080125c8       0x34 c:/st/stm32cubeide_1.3.0/stm32cubeide/plugins/com.st.stm32cube.ide.mcu.externaltools.gnu-tools-for-stm32.7-2018-q2-update.win32_1.0.0.201904181610/tools/bin/../lib/gcc/arm-none-eabi/7.3.1/../../../../arm-none-eabi/lib/thumb/v7e-m/fpv5/hard\libc_nano.a(lib_a-mprec.o)
                0x00000000080125c8                __mcmp
 .text.__mdiff  0x00000000080125fc       0xba c:/st/stm32cubeide_1.3.0/stm32cubeide/plugins/com.st.stm32cube.ide.mcu.externaltools.gnu-tools-for-stm32.7-2018-q2-update.win32_1.0.0.201904181610/tools/bin/../lib/gcc/arm-none-eabi/7.3.1/../../../../arm-none-eabi/lib/thumb/v7e-m/fpv5/hard\libc_nano.a(lib_a-mprec.o)
                0x00000000080125fc                __mdiff
 .text.__d2b    0x00000000080126b6       0x9e c:/st/stm32cubeide_1.3.0/stm32cubeide/plugins/com.st.stm32cube.ide.mcu.externaltools.gnu-tools-for-stm32.7-2018-q2-update.win32_1.0.0.201904181610/tools/bin/../lib/gcc/arm-none-eabi/7.3.1/../../../../arm-none-eabi/lib/thumb/v7e-m/fpv5/hard\libc_nano.a(lib_a-mprec.o)
                0x00000000080126b6                __d2b
 .text._calloc_r
                0x0000000008012754       0x1c c:/st/stm32cubeide_1.3.0/stm32cubeide/plugins/com.st.stm32cube.ide.mcu.externaltools.gnu-tools-for-stm32.7-2018-q2-update.win32_1.0.0.201904181610/tools/bin/../lib/gcc/arm-none-eabi/7.3.1/../../../../arm-none-eabi/lib/thumb/v7e-m/fpv5/hard\libc_nano.a(lib_a-nano-callocr.o)
                0x0000000008012754                _calloc_r
 .text._realloc_r
                0x0000000008012770       0x4c c:/st/stm32cubeide_1.3.0/stm32cubeide/plugins/com.st.stm32cube.ide.mcu.externaltools.gnu-tools-for-stm32.7-2018-q2-update.win32_1.0.0.201904181610/tools/bin/../lib/gcc/arm-none-eabi/7.3.1/../../../../arm-none-eabi/lib/thumb/v7e-m/fpv5/hard\libc_nano.a(lib_a-nano-reallocr.o)
                0x0000000008012770                _realloc_r
 .text.__sfputc_r
                0x00000000080127bc       0x2e c:/st/stm32cubeide_1.3.0/stm32cubeide/plugins/com.st.stm32cube.ide.mcu.externaltools.gnu-tools-for-stm32.7-2018-q2-update.win32_1.0.0.201904181610/tools/bin/../lib/gcc/arm-none-eabi/7.3.1/../../../../arm-none-eabi/lib/thumb/v7e-m/fpv5/hard\libc_nano.a(lib_a-nano-vfprintf.o)
 .text.__sfputs_r
                0x00000000080127ea       0x24 c:/st/stm32cubeide_1.3.0/stm32cubeide/plugins/com.st.stm32cube.ide.mcu.externaltools.gnu-tools-for-stm32.7-2018-q2-update.win32_1.0.0.201904181610/tools/bin/../lib/gcc/arm-none-eabi/7.3.1/../../../../arm-none-eabi/lib/thumb/v7e-m/fpv5/hard\libc_nano.a(lib_a-nano-vfprintf.o)
                0x00000000080127ea                __sfputs_r
 *fill*         0x000000000801280e        0x2 
 .text._vfprintf_r
                0x0000000008012810      0x22c c:/st/stm32cubeide_1.3.0/stm32cubeide/plugins/com.st.stm32cube.ide.mcu.externaltools.gnu-tools-for-stm32.7-2018-q2-update.win32_1.0.0.201904181610/tools/bin/../lib/gcc/arm-none-eabi/7.3.1/../../../../arm-none-eabi/lib/thumb/v7e-m/fpv5/hard\libc_nano.a(lib_a-nano-vfprintf.o)
                0x0000000008012810                _vfprintf_r
                0x0000000008012810                _vfiprintf_r
 .text.__sread  0x0000000008012a3c       0x22 c:/st/stm32cubeide_1.3.0/stm32cubeide/plugins/com.st.stm32cube.ide.mcu.externaltools.gnu-tools-for-stm32.7-2018-q2-update.win32_1.0.0.201904181610/tools/bin/../lib/gcc/arm-none-eabi/7.3.1/../../../../arm-none-eabi/lib/thumb/v7e-m/fpv5/hard\libc_nano.a(lib_a-stdio.o)
                0x0000000008012a3c                __sread
 .text.__swrite
                0x0000000008012a5e       0x38 c:/st/stm32cubeide_1.3.0/stm32cubeide/plugins/com.st.stm32cube.ide.mcu.externaltools.gnu-tools-for-stm32.7-2018-q2-update.win32_1.0.0.201904181610/tools/bin/../lib/gcc/arm-none-eabi/7.3.1/../../../../arm-none-eabi/lib/thumb/v7e-m/fpv5/hard\libc_nano.a(lib_a-stdio.o)
                0x0000000008012a5e                __swrite
 .text.__sseek  0x0000000008012a96       0x24 c:/st/stm32cubeide_1.3.0/stm32cubeide/plugins/com.st.stm32cube.ide.mcu.externaltools.gnu-tools-for-stm32.7-2018-q2-update.win32_1.0.0.201904181610/tools/bin/../lib/gcc/arm-none-eabi/7.3.1/../../../../arm-none-eabi/lib/thumb/v7e-m/fpv5/hard\libc_nano.a(lib_a-stdio.o)
                0x0000000008012a96                __sseek
 .text.__sclose
                0x0000000008012aba        0x8 c:/st/stm32cubeide_1.3.0/stm32cubeide/plugins/com.st.stm32cube.ide.mcu.externaltools.gnu-tools-for-stm32.7-2018-q2-update.win32_1.0.0.201904181610/tools/bin/../lib/gcc/arm-none-eabi/7.3.1/../../../../arm-none-eabi/lib/thumb/v7e-m/fpv5/hard\libc_nano.a(lib_a-stdio.o)
                0x0000000008012aba                __sclose
 *fill*         0x0000000008012ac2        0x2 
 .text._write_r
                0x0000000008012ac4       0x24 c:/st/stm32cubeide_1.3.0/stm32cubeide/plugins/com.st.stm32cube.ide.mcu.externaltools.gnu-tools-for-stm32.7-2018-q2-update.win32_1.0.0.201904181610/tools/bin/../lib/gcc/arm-none-eabi/7.3.1/../../../../arm-none-eabi/lib/thumb/v7e-m/fpv5/hard\libc_nano.a(lib_a-writer.o)
                0x0000000008012ac4                _write_r
 .text._close_r
                0x0000000008012ae8       0x20 c:/st/stm32cubeide_1.3.0/stm32cubeide/plugins/com.st.stm32cube.ide.mcu.externaltools.gnu-tools-for-stm32.7-2018-q2-update.win32_1.0.0.201904181610/tools/bin/../lib/gcc/arm-none-eabi/7.3.1/../../../../arm-none-eabi/lib/thumb/v7e-m/fpv5/hard\libc_nano.a(lib_a-closer.o)
                0x0000000008012ae8                _close_r
 .text._fstat_r
                0x0000000008012b08       0x24 c:/st/stm32cubeide_1.3.0/stm32cubeide/plugins/com.st.stm32cube.ide.mcu.externaltools.gnu-tools-for-stm32.7-2018-q2-update.win32_1.0.0.201904181610/tools/bin/../lib/gcc/arm-none-eabi/7.3.1/../../../../arm-none-eabi/lib/thumb/v7e-m/fpv5/hard\libc_nano.a(lib_a-fstatr.o)
                0x0000000008012b08                _fstat_r
 .text._isatty_r
                0x0000000008012b2c       0x20 c:/st/stm32cubeide_1.3.0/stm32cubeide/plugins/com.st.stm32cube.ide.mcu.externaltools.gnu-tools-for-stm32.7-2018-q2-update.win32_1.0.0.201904181610/tools/bin/../lib/gcc/arm-none-eabi/7.3.1/../../../../arm-none-eabi/lib/thumb/v7e-m/fpv5/hard\libc_nano.a(lib_a-isattyr.o)
                0x0000000008012b2c                _isatty_r
 .text._lseek_r
                0x0000000008012b4c       0x24 c:/st/stm32cubeide_1.3.0/stm32cubeide/plugins/com.st.stm32cube.ide.mcu.externaltools.gnu-tools-for-stm32.7-2018-q2-update.win32_1.0.0.201904181610/tools/bin/../lib/gcc/arm-none-eabi/7.3.1/../../../../arm-none-eabi/lib/thumb/v7e-m/fpv5/hard\libc_nano.a(lib_a-lseekr.o)
                0x0000000008012b4c                _lseek_r
 .text.__ascii_mbtowc
                0x0000000008012b70       0x24 c:/st/stm32cubeide_1.3.0/stm32cubeide/plugins/com.st.stm32cube.ide.mcu.externaltools.gnu-tools-for-stm32.7-2018-q2-update.win32_1.0.0.201904181610/tools/bin/../lib/gcc/arm-none-eabi/7.3.1/../../../../arm-none-eabi/lib/thumb/v7e-m/fpv5/hard\libc_nano.a(lib_a-mbtowc_r.o)
                0x0000000008012b70                __ascii_mbtowc
 .text._malloc_usable_size_r
                0x0000000008012b94       0x10 c:/st/stm32cubeide_1.3.0/stm32cubeide/plugins/com.st.stm32cube.ide.mcu.externaltools.gnu-tools-for-stm32.7-2018-q2-update.win32_1.0.0.201904181610/tools/bin/../lib/gcc/arm-none-eabi/7.3.1/../../../../arm-none-eabi/lib/thumb/v7e-m/fpv5/hard\libc_nano.a(lib_a-nano-msizer.o)
                0x0000000008012b94                _malloc_usable_size_r
 .text._read_r  0x0000000008012ba4       0x24 c:/st/stm32cubeide_1.3.0/stm32cubeide/plugins/com.st.stm32cube.ide.mcu.externaltools.gnu-tools-for-stm32.7-2018-q2-update.win32_1.0.0.201904181610/tools/bin/../lib/gcc/arm-none-eabi/7.3.1/../../../../arm-none-eabi/lib/thumb/v7e-m/fpv5/hard\libc_nano.a(lib_a-readr.o)
                0x0000000008012ba4                _read_r
 .text.__ascii_wctomb
                0x0000000008012bc8       0x1a c:/st/stm32cubeide_1.3.0/stm32cubeide/plugins/com.st.stm32cube.ide.mcu.externaltools.gnu-tools-for-stm32.7-2018-q2-update.win32_1.0.0.201904181610/tools/bin/../lib/gcc/arm-none-eabi/7.3.1/../../../../arm-none-eabi/lib/thumb/v7e-m/fpv5/hard\libc_nano.a(lib_a-wctomb_r.o)
                0x0000000008012bc8                __ascii_wctomb
 *fill*         0x0000000008012be2        0x2 
 .text.asinhf   0x0000000008012be4       0xd0 c:/st/stm32cubeide_1.3.0/stm32cubeide/plugins/com.st.stm32cube.ide.mcu.externaltools.gnu-tools-for-stm32.7-2018-q2-update.win32_1.0.0.201904181610/tools/bin/../lib/gcc/arm-none-eabi/7.3.1/../../../../arm-none-eabi/lib/thumb/v7e-m/fpv5/hard\libm.a(lib_a-sf_asinh.o)
                0x0000000008012be4                asinhf
 .text.atanf    0x0000000008012cb4      0x1a4 c:/st/stm32cubeide_1.3.0/stm32cubeide/plugins/com.st.stm32cube.ide.mcu.externaltools.gnu-tools-for-stm32.7-2018-q2-update.win32_1.0.0.201904181610/tools/bin/../lib/gcc/arm-none-eabi/7.3.1/../../../../arm-none-eabi/lib/thumb/v7e-m/fpv5/hard\libm.a(lib_a-sf_atan.o)
                0x0000000008012cb4                atanf
 .text.ceilf    0x0000000008012e58       0x80 c:/st/stm32cubeide_1.3.0/stm32cubeide/plugins/com.st.stm32cube.ide.mcu.externaltools.gnu-tools-for-stm32.7-2018-q2-update.win32_1.0.0.201904181610/tools/bin/../lib/gcc/arm-none-eabi/7.3.1/../../../../arm-none-eabi/lib/thumb/v7e-m/fpv5/hard\libm.a(lib_a-sf_ceil.o)
                0x0000000008012e58                ceilf
 .text.cosf     0x0000000008012ed8       0x80 c:/st/stm32cubeide_1.3.0/stm32cubeide/plugins/com.st.stm32cube.ide.mcu.externaltools.gnu-tools-for-stm32.7-2018-q2-update.win32_1.0.0.201904181610/tools/bin/../lib/gcc/arm-none-eabi/7.3.1/../../../../arm-none-eabi/lib/thumb/v7e-m/fpv5/hard\libm.a(lib_a-sf_cos.o)
                0x0000000008012ed8                cosf