aiPbMgr.c:37:6:aiPbMgrInit	48	static
aiPbMgr.c:56:5:aiPbMgrWaitAndProcess	24	static
aiPbMgr.c:87:6:aiPbMgrSendResp	24	static
aiPbMgr.c:96:6:aiPbMgrSendAck	24	static
aiPbMgr.c:105:6:aiPbMgrWaitAck	24	static
aiPbMgr.c:114:6:aiPbMgrSendLog	40	static
aiPbMgr.c:144:10:aiPbAiBufferSize	16	static
aiPbMgr.c:153:25:aiPbMsgFmtToAiFmt	16	static
aiPbMgr.c:158:17:aiPbAiFmtToMsgFmt	16	static
aiPbMgr.c:163:15:aiPbBufferGetItemSize	16	static
aiPbMgr.c:168:13:aiPbBuffer_read_cb3	56	static
aiPbMgr.c:222:13:aiPbBuffer_write_cb3	48	static
aiPbMgr.c:252:6:aiPbMgrReceiveAiBuffer3	96	static
aiPbMgr.c:287:13:aiPbMgrSetMetaInfo	24	static
aiPbMgr.c:298:6:aiPbMgrSendAiBuffer3	56	static
aiPbMgr.c:352:6:aiPbCmdSync	24	static
aiPbMgr.c:371:6:aiPbCmdSysInfo	24	static
aiPbMgr.c:384:13:init_aibuffer_msg	24	static
aiPbMgr.c:399:13:nn_shape_w_cb	56	static
aiPbMgr.c:416:13:nn_inputs_w_cb	32	static
aiPbMgr.c:427:13:nn_outputs_w_cb	32	static
aiPbMgr.c:438:6:aiPbStrCopy	40	static
aiPbMgr.c:455:10:aiPbVersionToUint32	16	static
aiPbMgr.c:464:6:aiPbMgrSendNNInfo	24	static
