aiTestUtility.c:77:6:crcIpInit	16	static
aiTestUtility.c:91:6:dwtIpInit	4	static
aiTestUtility.c:103:6:dwtReset	4	static
aiTestUtility.c:108:10:dwtGetCycles	4	static
aiTestUtility.c:113:10:systemCoreClock	8	static
aiTestUtility.c:122:5:dwtCyclesToTime	80	static
aiTestUtility.c:140:7:dwtCyclesToFloatMs	24	static
aiTestUtility.c:149:29:devIdToStr	24	static
aiTestUtility.c:171:29:bitToStr	16	static
aiTestUtility.c:183:10:getFlashCacheConf	4	static
aiTestUtility.c:188:6:logDeviceConf	32	static
aiTestUtility.c:282:10:disableInts	16	static,ignoring_inline_asm
aiTestUtility.c:292:6:restoreInts	24	static,ignoring_inline_asm
aiTestUtility.c:305:6:ioDisableWrite	4	static
aiTestUtility.c:332:5:_write	32	static
aiTestUtility.c:416:7:__wrap_malloc	24	static
aiTestUtility.c:435:6:__wrap_free	16	static
aiTestUtility.c:456:6:aiLogErr	16	static
aiTestUtility.c:465:8:aiBufferSize	16	static
aiTestUtility.c:470:22:aiPrintLayoutBuffer	48	static
aiTestUtility.c:505:6:aiPrintNetworkInfo	32	static
aiTestUtility.c:542:6:aiTestHeader	24	static
aiTestUtility.c:583:13:write_packet	16	static
aiTestUtility.c:593:6:ioFlushWrite	8	static
aiTestUtility.c:600:13:write_callback	32	static
aiTestUtility.c:632:13:read_packet	16	static
aiTestUtility.c:644:6:ioFlushRead	4	static
aiTestUtility.c:650:13:read_callback	40	static
aiTestUtility.c:729:14:pb_ostream_to_uart	48	static
aiTestUtility.c:735:14:pb_istream_from_uart	32	static
