app_x-cube-ai.c:65:6:MX_X_CUBE_AI_Init	8	static
app_x-cube-ai.c:73:6:MX_X_CUBE_AI_Process	8	static
app_x-cube-ai.c:113:9:ai_mnetwork_is_valid	24	static
app_x-cube-ai.c:123:26:ai_mnetwork_handle	24	static
app_x-cube-ai.c:135:6:ai_mnetwork_release_handle	24	static
app_x-cube-ai.c:146:13:ai_mnetwork_find	24	static
app_x-cube-ai.c:163:10:ai_mnetwork_create	48	static
app_x-cube-ai.c:205:11:ai_mnetwork_destroy	24	static
app_x-cube-ai.c:220:9:ai_mnetwork_get_info	24	static
app_x-cube-ai.c:231:10:ai_mnetwork_get_error	24	static
app_x-cube-ai.c:246:9:ai_mnetwork_init	80	static
app_x-cube-ai.c:271:8:ai_mnetwork_run	32	static
app_x-cube-ai.c:283:8:ai_mnetwork_forward	24	static
app_x-cube-ai.c:294:6:ai_mnetwork_get_private_handle	40	static
app_x-cube-ai.c:310:5:ai_mnetwork_get_ext_data_activations	32	static
