app_x-cube-ai.c:65:6:MX_X_CUBE_AI_Init	8	static
app_x-cube-ai.c:73:6:MX_X_CUBE_AI_Process	8	static
app_x-cube-ai.c:115:9:ai_mnetwork_is_valid	24	static
app_x-cube-ai.c:125:26:ai_mnetwork_handle	24	static
app_x-cube-ai.c:137:6:ai_mnetwork_release_handle	24	static
app_x-cube-ai.c:148:13:ai_mnetwork_find	24	static
app_x-cube-ai.c:165:10:ai_mnetwork_create	48	static
app_x-cube-ai.c:207:11:ai_mnetwork_destroy	24	static
app_x-cube-ai.c:222:9:ai_mnetwork_get_info	24	static
app_x-cube-ai.c:233:10:ai_mnetwork_get_error	24	static
app_x-cube-ai.c:248:9:ai_mnetwork_init	80	static
app_x-cube-ai.c:273:8:ai_mnetwork_run	32	static
app_x-cube-ai.c:285:8:ai_mnetwork_forward	24	static
app_x-cube-ai.c:296:6:ai_mnetwork_get_private_handle	40	static
app_x-cube-ai.c:312:5:ai_mnetwork_get_ext_data_activations	32	static
