aiValidation.c:142:13:aiOnExecNode_cb	64	static
aiValidation.c:176:36:aiExecCtx	32	static
aiValidation.c:203:6:aiSetPbContext	24	static
aiValidation.c:215:12:aiBootstrap	80	static
aiValidation.c:277:12:aiInspectorGetReport	24	static
aiValidation.c:295:13:aiInspectorSendReport	40	static
aiValidation.c:317:13:aiInspectorUnBind	16	static
aiValidation.c:332:12:aiInspectorBind	24	static
aiValidation.c:357:12:aiInspectorInitAndBind	96	static
aiValidation.c:406:12:aiInspectorUnbindAndDestroy	16	static
aiValidation.c:418:12:aiInit	40	static
aiValidation.c:457:13:aiDeInit	16	static
aiValidation.c:481:6:aiPbCmdNNInfo	40	static
aiValidation.c:496:6:aiPbCmdNNRun	136	static
aiValidation.c:612:12:aiValidationCore	8	static
aiValidation.c:637:5:aiValidationInit	8	static
aiValidation.c:650:5:aiValidationProcess	16	static
aiValidation.c:681:6:aiValidationDeInit	8	static
