Archive member included to satisfy reference by file (symbol)

../Middlewares/ST/AI/Lib\NetworkRuntime500_CM7_GCC.a(ai_network_inspector.o)
                              X-CUBE-AI/App/aiValidation.o (ai_inspector_bind_network)
../Middlewares/ST/AI/Lib\NetworkRuntime500_CM7_GCC.a(ai_platform_interface.o)
                              X-CUBE-AI/App/network_1582985458502.o (ai_platform_api_get_network_report)
../Middlewares/ST/AI/Lib\NetworkRuntime500_CM7_GCC.a(core_common.o)
                              ../Middlewares/ST/AI/Lib\NetworkRuntime500_CM7_GCC.a(ai_platform_interface.o) (core_get_error)
../Middlewares/ST/AI/Lib\NetworkRuntime500_CM7_GCC.a(core_mem_manager.o)
                              ../Middlewares/ST/AI/Lib\NetworkRuntime500_CM7_GCC.a(ai_network_inspector.o) (core_mem_alloc)
../Middlewares/ST/AI/Lib\NetworkRuntime500_CM7_GCC.a(core_net_inspect.o)
                              ../Middlewares/ST/AI/Lib\NetworkRuntime500_CM7_GCC.a(ai_network_inspector.o) (ai_network_inspect_destroy)
../Middlewares/ST/AI/Lib\NetworkRuntime500_CM7_GCC.a(core_utils.o)
                              ../Middlewares/ST/AI/Lib\NetworkRuntime500_CM7_GCC.a(core_net_inspect.o) (core_utils_generate_network_signature)
../Middlewares/ST/AI/Lib\NetworkRuntime500_CM7_GCC.a(layers.o)
                              ../Middlewares/ST/AI/Lib\NetworkRuntime500_CM7_GCC.a(ai_platform_interface.o) (ai_check_custom_types)
../Middlewares/ST/AI/Lib\NetworkRuntime500_CM7_GCC.a(layers_conv2d_generic_float.o)
                              X-CUBE-AI/App/network_1582985458502.o (forward_dense)
../Middlewares/ST/AI/Lib\NetworkRuntime500_CM7_GCC.a(layers_nl_generic_float.o)
                              X-CUBE-AI/App/network_1582985458502.o (forward_relu)
../Middlewares/ST/AI/Lib\NetworkRuntime500_CM7_GCC.a(ai_datatypes_format.o)
                              ../Middlewares/ST/AI/Lib\NetworkRuntime500_CM7_GCC.a(ai_platform_interface.o) (ai_array_get_byte_size)
../Middlewares/ST/AI/Lib\NetworkRuntime500_CM7_GCC.a(ai_math_helpers.o)
                              ../Middlewares/ST/AI/Lib\NetworkRuntime500_CM7_GCC.a(layers_nl_generic_float.o) (ai_math_sqrt)
../Middlewares/ST/AI/Lib\NetworkRuntime500_CM7_GCC.a(arm_mat_init_f32.o)
                              ../Middlewares/ST/AI/Lib\NetworkRuntime500_CM7_GCC.a(layers_conv2d_generic_float.o) (arm_mat_init_f32)
../Middlewares/ST/AI/Lib\NetworkRuntime500_CM7_GCC.a(core_benchmark.o)
                              ../Middlewares/ST/AI/Lib\NetworkRuntime500_CM7_GCC.a(core_net_inspect.o) (core_timer_init)
c:/st/stm32cubeide_1.3.0/stm32cubeide/plugins/com.st.stm32cube.ide.mcu.externaltools.gnu-tools-for-stm32.7-2018-q2-update.win32_1.0.0.201904181610/tools/bin/../lib/gcc/arm-none-eabi/7.3.1/../../../../arm-none-eabi/lib/thumb/v7e-m/fpv5/hard\libc_nano.a(lib_a-aeabi_memclr.o)
                              ../Middlewares/ST/AI/Lib\NetworkRuntime500_CM7_GCC.a(layers_nl_generic_float.o) (__aeabi_memclr)
c:/st/stm32cubeide_1.3.0/stm32cubeide/plugins/com.st.stm32cube.ide.mcu.externaltools.gnu-tools-for-stm32.7-2018-q2-update.win32_1.0.0.201904181610/tools/bin/../lib/gcc/arm-none-eabi/7.3.1/../../../../arm-none-eabi/lib/thumb/v7e-m/fpv5/hard\libc_nano.a(lib_a-aeabi_memcpy.o)
                              ../Middlewares/ST/AI/Lib\NetworkRuntime500_CM7_GCC.a(ai_platform_interface.o) (__aeabi_memcpy)
c:/st/stm32cubeide_1.3.0/stm32cubeide/plugins/com.st.stm32cube.ide.mcu.externaltools.gnu-tools-for-stm32.7-2018-q2-update.win32_1.0.0.201904181610/tools/bin/../lib/gcc/arm-none-eabi/7.3.1/../../../../arm-none-eabi/lib/thumb/v7e-m/fpv5/hard\libc_nano.a(lib_a-aeabi_memset-soft.o)
                              c:/st/stm32cubeide_1.3.0/stm32cubeide/plugins/com.st.stm32cube.ide.mcu.externaltools.gnu-tools-for-stm32.7-2018-q2-update.win32_1.0.0.201904181610/tools/bin/../lib/gcc/arm-none-eabi/7.3.1/../../../../arm-none-eabi/lib/thumb/v7e-m/fpv5/hard\libc_nano.a(lib_a-aeabi_memclr.o) (__aeabi_memset)
c:/st/stm32cubeide_1.3.0/stm32cubeide/plugins/com.st.stm32cube.ide.mcu.externaltools.gnu-tools-for-stm32.7-2018-q2-update.win32_1.0.0.201904181610/tools/bin/../lib/gcc/arm-none-eabi/7.3.1/../../../../arm-none-eabi/lib/thumb/v7e-m/fpv5/hard\libc_nano.a(lib_a-errno.o)
                              Core/Src/syscalls.o (__errno)
c:/st/stm32cubeide_1.3.0/stm32cubeide/plugins/com.st.stm32cube.ide.mcu.externaltools.gnu-tools-for-stm32.7-2018-q2-update.win32_1.0.0.201904181610/tools/bin/../lib/gcc/arm-none-eabi/7.3.1/../../../../arm-none-eabi/lib/thumb/v7e-m/fpv5/hard\libc_nano.a(lib_a-exit.o)
                              c:/st/stm32cubeide_1.3.0/stm32cubeide/plugins/com.st.stm32cube.ide.mcu.externaltools.gnu-tools-for-stm32.7-2018-q2-update.win32_1.0.0.201904181610/tools/bin/../lib/gcc/arm-none-eabi/7.3.1/../../../../arm-none-eabi/lib/thumb/v7e-m/fpv5/hard/crt0.o (exit)
[...]
Memory Configuration

Name             Origin             Length             Attributes
RAM              0x0000000020000000 0x0000000000080000 xrw
FLASH            0x0000000008000000 0x0000000000200000 xr
*default*        0x0000000000000000 0xffffffffffffffff

Linker script and memory map

LOAD c:/st/stm32cubeide_1.3.0/stm32cubeide/plugins/com.st.stm32cube.ide.mcu.externaltools.gnu-tools-for-stm32.7-2018-q2-update.win32_1.0.0.201904181610/tools/bin/../lib/gcc/arm-none-eabi/7.3.1/thumb/v7e-m/fpv5/hard/crti.o
LOAD c:/st/stm32cubeide_1.3.0/stm32cubeide/plugins/com.st.stm32cube.ide.mcu.externaltools.gnu-tools-for-stm32.7-2018-q2-update.win32_1.0.0.201904181610/tools/bin/../lib/gcc/arm-none-eabi/7.3.1/thumb/v7e-m/fpv5/hard/crtbegin.o
LOAD c:/st/stm32cubeide_1.3.0/stm32cubeide/plugins/com.st.stm32cube.ide.mcu.externaltools.gnu-tools-for-stm32.7-2018-q2-update.win32_1.0.0.201904181610/tools/bin/../lib/gcc/arm-none-eabi/7.3.1/../../../../arm-none-eabi/lib/thumb/v7e-m/fpv5/hard/crt0.o
LOAD Core/Src/main.o
LOAD Core/Src/stm32f7xx_hal_msp.o
LOAD Core/Src/stm32f7xx_it.o
LOAD Core/Src/syscalls.o
LOAD Core/Src/sysmem.o
LOAD Core/Src/system_stm32f7xx.o
LOAD Core/Startup/startup_stm32f767zitx.o
LOAD Drivers/STM32F7xx_HAL_Driver/Src/stm32f7xx_hal.o
LOAD Drivers/STM32F7xx_HAL_Driver/Src/stm32f7xx_hal_cortex.o
LOAD Drivers/STM32F7xx_HAL_Driver/Src/stm32f7xx_hal_crc.o
LOAD Drivers/STM32F7xx_HAL_Driver/Src/stm32f7xx_hal_crc_ex.o
LOAD Drivers/STM32F7xx_HAL_Driver/Src/stm32f7xx_hal_dma.o
LOAD Drivers/STM32F7xx_HAL_Driver/Src/stm32f7xx_hal_dma_ex.o
LOAD Drivers/STM32F7xx_HAL_Driver/Src/stm32f7xx_hal_exti.o
LOAD Drivers/STM32F7xx_HAL_Driver/Src/stm32f7xx_hal_flash.o
LOAD Drivers/STM32F7xx_HAL_Driver/Src/stm32f7xx_hal_flash_ex.o
LOAD Drivers/STM32F7xx_HAL_Driver/Src/stm32f7xx_hal_gpio.o
LOAD Drivers/STM32F7xx_HAL_Driver/Src/stm32f7xx_hal_i2c.o
LOAD Drivers/STM32F7xx_HAL_Driver/Src/stm32f7xx_hal_i2c_ex.o
LOAD Drivers/STM32F7xx_HAL_Driver/Src/stm32f7xx_hal_pwr.o
LOAD Drivers/STM32F7xx_HAL_Driver/Src/stm32f7xx_hal_pwr_ex.o
LOAD Drivers/STM32F7xx_HAL_Driver/Src/stm32f7xx_hal_rcc.o
LOAD Drivers/STM32F7xx_HAL_Driver/Src/stm32f7xx_hal_rcc_ex.o
LOAD Drivers/STM32F7xx_HAL_Driver/Src/stm32f7xx_hal_tim.o
LOAD Drivers/STM32F7xx_HAL_Driver/Src/stm32f7xx_hal_tim_ex.o
LOAD Drivers/STM32F7xx_HAL_Driver/Src/stm32f7xx_hal_uart.o
LOAD Drivers/STM32F7xx_HAL_Driver/Src/stm32f7xx_hal_uart_ex.o
LOAD X-CUBE-AI/App/aiPbMgr.o
LOAD X-CUBE-AI/App/aiTestUtility.o
LOAD X-CUBE-AI/App/aiValidation.o
LOAD X-CUBE-AI/App/app_x-cube-ai.o
LOAD X-CUBE-AI/App/network_1582985458502.o
LOAD X-CUBE-AI/App/network_1582985458502_data.o
LOAD X-CUBE-AI/App/pb_common.o
LOAD X-CUBE-AI/App/pb_decode.o
LOAD X-CUBE-AI/App/pb_encode.o
LOAD X-CUBE-AI/App/stm32msg.pb.o
LOAD ../Middlewares/ST/AI/Lib\NetworkRuntime500_CM7_GCC.a
START GROUP
LOAD c:/st/stm32cubeide_1.3.0/stm32cubeide/plugins/com.st.stm32cube.ide.mcu.externaltools.gnu-tools-for-stm32.7-2018-q2-update.win32_1.0.0.201904181610/tools/bin/../lib/gcc/arm-none-eabi/7.3.1/../../../../arm-none-eabi/lib/thumb/v7e-m/fpv5/hard\libc_nano.a
LOAD c:/st/stm32cubeide_1.3.0/stm32cubeide/plugins/com.st.stm32cube.ide.mcu.externaltools.gnu-tools-for-stm32.7-2018-q2-update.win32_1.0.0.201904181610/tools/bin/../lib/gcc/arm-none-eabi/7.3.1/../../../../arm-none-eabi/lib/thumb/v7e-m/fpv5/hard\libm.a
END GROUP
START GROUP
LOAD c:/st/stm32cubeide_1.3.0/stm32cubeide/plugins/com.st.stm32cube.ide.mcu.externaltools.gnu-tools-for-stm32.7-2018-q2-update.win32_1.0.0.201904181610/tools/bin/../lib/gcc/arm-none-eabi/7.3.1/thumb/v7e-m/fpv5/hard\libgcc.a
LOAD c:/st/stm32cubeide_1.3.0/stm32cubeide/plugins/com.st.stm32cube.ide.mcu.externaltools.gnu-tools-for-stm32.7-2018-q2-update.win32_1.0.0.201904181610/tools/bin/../lib/gcc/arm-none-eabi/7.3.1/../../../../arm-none-eabi/lib/thumb/v7e-m/fpv5/hard\libc_nano.a
END GROUP
START GROUP
LOAD c:/st/stm32cubeide_1.3.0/stm32cubeide/plugins/com.st.stm32cube.ide.mcu.externaltools.gnu-tools-for-stm32.7-2018-q2-update.win32_1.0.0.201904181610/tools/bin/../lib/gcc/arm-none-eabi/7.3.1/thumb/v7e-m/fpv5/hard\libgcc.a
LOAD c:/st/stm32cubeide_1.3.0/stm32cubeide/plugins/com.st.stm32cube.ide.mcu.externaltools.gnu-tools-for-stm32.7-2018-q2-update.win32_1.0.0.201904181610/tools/bin/../lib/gcc/arm-none-eabi/7.3.1/../../../../arm-none-eabi/lib/thumb/v7e-m/fpv5/hard\libc_nano.a
LOAD c:/st/stm32cubeide_1.3.0/stm32cubeide/plugins/com.st.stm32cube.ide.mcu.externaltools.gnu-tools-for-stm32.7-2018-q2-update.win32_1.0.0.201904181610/tools/bin/../lib/gcc/arm-none-eabi/7.3.1/../../../../arm-none-eabi/lib/thumb/v7e-m/fpv5/hard\libnosys.a
END GROUP
START GROUP
LOAD c:/st/stm32cubeide_1.3.0/stm32cubeide/plugins/com.st.stm32cube.ide.mcu.externaltools.gnu-tools-for-stm32.7-2018-q2-update.win32_1.0.0.201904181610/tools/bin/../lib/gcc/arm-none-eabi/7.3.1/thumb/v7e-m/fpv5/hard\libgcc.a
LOAD c:/st/stm32cubeide_1.3.0/stm32cubeide/plugins/com.st.stm32cube.ide.mcu.externaltools.gnu-tools-for-stm32.7-2018-q2-update.win32_1.0.0.201904181610/tools/bin/../lib/gcc/arm-none-eabi/7.3.1/../../../../arm-none-eabi/lib/thumb/v7e-m/fpv5/hard\libc_nano.a
LOAD c:/st/stm32cubeide_1.3.0/stm32cubeide/plugins/com.st.stm32cube.ide.mcu.externaltools.gnu-tools-for-stm32.7-2018-q2-update.win32_1.0.0.201904181610/tools/bin/../lib/gcc/arm-none-eabi/7.3.1/../../../../arm-none-eabi/lib/thumb/v7e-m/fpv5/hard\libnosys.a
END GROUP
LOAD c:/st/stm32cubeide_1.3.0/stm32cubeide/plugins/com.st.stm32cube.ide.mcu.externaltools.gnu-tools-for-stm32.7-2018-q2-update.win32_1.0.0.201904181610/tools/bin/../lib/gcc/arm-none-eabi/7.3.1/thumb/v7e-m/fpv5/hard/crtend.o
LOAD c:/st/stm32cubeide_1.3.0/stm32cubeide/plugins/com.st.stm32cube.ide.mcu.externaltools.gnu-tools-for-stm32.7-2018-q2-update.win32_1.0.0.201904181610/tools/bin/../lib/gcc/arm-none-eabi/7.3.1/thumb/v7e-m/fpv5/hard/crtn.o
                0x0000000020080000                _estack = (ORIGIN (RAM) + LENGTH (RAM))
                0x0000000000002000                _Min_Heap_Size = 0x2000
                0x0000000000000800                _Min_Stack_Size = 0x800

.isr_vector     0x0000000008000000      0x1f8
                0x0000000008000000                . = ALIGN (0x4)
 *(.isr_vector)
 .isr_vector    0x0000000008000000      0x1f8 Core/Startup/startup_stm32f767zitx.o
                0x0000000008000000                g_pfnVectors
                0x00000000080001f8                . = ALIGN (0x4)

.text           0x0000000008000200    0x14d20
                0x0000000008000200                . = ALIGN (0x4)
 *(.text)
 .text          0x0000000008000200       0x40 c:/st/stm32cubeide_1.3.0/stm32cubeide/plugins/com.st.stm32cube.ide.mcu.externaltools.gnu-tools-for-stm32.7-2018-q2-update.win32_1.0.0.201904181610/tools/bin/../lib/gcc/arm-none-eabi/7.3.1/thumb/v7e-m/fpv5/hard/crtbegin.o
 .text          0x0000000008000240      0x2ee ../Middlewares/ST/AI/Lib\NetworkRuntime500_CM7_GCC.a(ai_network_inspector.o)
                0x0000000008000240                ai_inspector_default_config
                0x000000000800026c                ai_inspector_create
                0x00000000080002d0                ai_inspector_destroy
                0x0000000008000326                ai_inspector_bind_network
                0x00000000080003a6                ai_inspector_unbind_network
                0x0000000008000434                ai_inspector_get_report
                0x00000000080004b2                ai_inspector_run
 *fill*         0x000000000800052e        0x2 
 .text          0x0000000008000530      0xd88 ../Middlewares/ST/AI/Lib\NetworkRuntime500_CM7_GCC.a(ai_platform_interface.o)
                0x00000000080006ae                ai_platform_runtime_get_revision
                0x0000000008000748                ai_platform_runtime_get_version
                0x00000000080007e6                ai_platform_api_get_version
                0x0000000008000884                ai_platform_interface_api_get_version
                0x0000000008000922                ai_platform_context_acquire
                0x00000000080009cc                ai_platform_context_release
                0x00000000080009d8                ai_platform_network_get_error
                0x0000000008000a92                ai_platform_network_set_error
                0x0000000008000a9e                ai_platform_api_get_network_report
                0x0000000008000c18                ai_platform_network_create
                0x0000000008000c84                ai_platform_network_destroy
                0x0000000008000d24                ai_platform_network_init
                0x0000000008000e54                ai_platform_network_process
 .text          0x00000000080012b8       0x24 ../Middlewares/ST/AI/Lib\NetworkRuntime500_CM7_GCC.a(core_common.o)
                0x00000000080012b8                core_init
                0x00000000080012bc                core_get_error
                0x00000000080012c6                core_set_error
 .text          0x00000000080012dc       0x7e ../Middlewares/ST/AI/Lib\NetworkRuntime500_CM7_GCC.a(core_mem_manager.o)
                0x00000000080012dc                core_mem_alloc
                0x00000000080012f6                core_mem_free
                0x000000000800131c                core_mem_realloc
 *fill*         0x000000000800135a        0x2 
 .text          0x000000000800135c      0xa68 ../Middlewares/ST/AI/Lib\NetworkRuntime500_CM7_GCC.a(core_net_inspect.o)
                0x00000000080013bc                _core_inspect_forward_validate
                0x0000000008001b94                ai_network_inspect_init
                0x0000000008001d14                ai_network_inspect_get_report
                0x0000000008001d44                ai_network_inspect_destroy
 .text          0x0000000008001dc4      0x3d0 ../Middlewares/ST/AI/Lib\NetworkRuntime500_CM7_GCC.a(core_utils.o)
                0x0000000008001e7c                core_utils_compute_crc32
                0x0000000008001f28                core_utils_generate_network_signature
                0x0000000008001f70                core_get_broadcasted_shape
                0x000000000800201c                core_compute_offsets
                0x00000000080020b4                core_tensor_clone
                0x0000000008002186                core_array_clone
 .text          0x0000000008002194      0x260 ../Middlewares/ST/AI/Lib\NetworkRuntime500_CM7_GCC.a(layers.o)
                0x0000000008002194                ai_layers_forward_layer
                0x00000000080021a8                ai_check_custom_types
                0x00000000080021d0                ai_layer_type_name
                0x00000000080022e0                ai_layer_type_is_valid
                0x00000000080022fc                ai_layers_forward_all
 .text          0x00000000080023f4     0x19c4 ../Middlewares/ST/AI/Lib\NetworkRuntime500_CM7_GCC.a(layers_conv2d_generic_float.o)
                0x00000000080029d8                ai_dict8_dot_array_f32
                0x0000000008002cb8                ai_dict4_dot_array_f32
                0x0000000008002e20                ai_dict_decompress_f32
                0x0000000008002ef6                forward_conv2d
                0x00000000080031ac                forward_conv2d_nl_pool
                0x00000000080036a4                forward_dense
                0x0000000008003954                forward_gemm
                0x0000000008003c18                forward_matmul
 .text          0x0000000008003db8     0x2528 ../Middlewares/ST/AI/Lib\NetworkRuntime500_CM7_GCC.a(layers_nl_generic_float.o)
                0x0000000008003e0c                nl_func_acos_array_f32
                0x0000000008003e3c                forward_acos
                0x0000000008003ef4                nl_func_acosh_array_f32
                0x0000000008003f24                forward_acosh
                0x0000000008003fdc                nl_func_asin_array_f32
                0x000000000800400c                forward_asin
                0x00000000080040c4                nl_func_asinh_array_f32
                0x00000000080040f4                forward_asinh
                0x00000000080041ac                nl_func_atan_array_f32
                0x00000000080041dc                forward_atan
                0x0000000008004294                nl_func_atanh_array_f32
                0x00000000080042c4                forward_atanh
                0x000000000800437c                nl_func_cos_array_f32
                0x00000000080043ac                forward_cos
                0x0000000008004464                nl_func_cosh_array_f32
                0x0000000008004494                forward_cosh
                0x000000000800454c                nl_func_erf_array_f32
                0x000000000800457c                forward_erf
                0x0000000008004634                nl_func_log_array_f32
                0x0000000008004664                forward_log
                0x000000000800471c                nl_func_rsqrt_array_f32
                0x0000000008004754                forward_rsqrt
                0x0000000008004818                nl_func_sin_array_f32
                0x0000000008004848                forward_sin
                0x0000000008004900                nl_func_sinh_array_f32
                0x0000000008004930                forward_sinh
                0x00000000080049e8                nl_func_tan_array_f32
                0x0000000008004a18                forward_tan
                0x0000000008004ad0                nl_func_abs_array_f32
                0x0000000008004af8                forward_abs
                0x0000000008004ba8                nl_func_ceil_array_f32
                0x0000000008004bd8                forward_ceil
                0x0000000008004c90                nl_func_floor_array_f32
                0x0000000008004cc0                forward_floor
                0x0000000008004d78                nl_func_round_array_f32
                0x0000000008004da8                forward_round
                0x0000000008004e60                nl_func_neg_array_f32
                0x0000000008004ed0                forward_neg
                0x0000000008004fc8                nl_func_reciprocal_array_f32
                0x0000000008005044                forward_reciprocal
                0x0000000008005148                nl_func_exp_array_f32
                0x0000000008005178                forward_exp
                0x0000000008005230                nl_func_sigmoid_array_f32
                0x0000000008005274                forward_sigmoid
                0x0000000008005340                nl_func_sign_array_f32
                0x0000000008005380                forward_sign
                0x0000000008005450                nl_func_sqrt_array_f32
                0x0000000008005480                forward_sqrt
                0x000000000800553c                nl_func_soft_plus_array_f32
                0x0000000008005578                forward_soft_plus
                0x000000000800563c                nl_func_soft_sign_array_f32
                0x0000000008005674                forward_soft_sign
                0x0000000008005734                nl_func_tanh_array_f32
                0x0000000008005764                forward_tanh
                0x000000000800581c                nl_func_relu_array_f32
                0x0000000008005850                nl_func_sm_channel_f32
                0x0000000008005974                nl_func_sm_array_f32
                0x00000000080059d4                nl_func_hard_sigmoid_array_f32
                0x0000000008005a34                nl_func_clip_array_f32
                0x0000000008005a80                nl_func_hardmax_array_f32
                0x0000000008005b68                nl_func_relu_generic_array_f32
                0x0000000008005c24                nl_func_relu_thresholded_array_f32
                0x0000000008005c5c                nl_func_elu_array_f32
                0x0000000008005ce0                nl_func_selu_array_f32
                0x0000000008005d64                nl_func_prelu_array_f32
                0x0000000008005dc4                forward_relu
                0x0000000008005e78                forward_relu_thresholded
                0x0000000008005f44                forward_elu
                0x0000000008005f94                forward_selu
                0x0000000008005fe4                forward_prelu
                0x0000000008006104                forward_clip
                0x0000000008006154                forward_hard_sigmoid
                0x0000000008006244                forward_sm
                0x0000000008006298                forward_hardmax
 .text          0x00000000080062e0      0x8f0 ../Middlewares/ST/AI/Lib\NetworkRuntime500_CM7_GCC.a(ai_datatypes_format.o)
                0x00000000080062e0                ai_array_fmt_name
                0x000000000800648a                ai_array_fmt_exported
                0x000000000800656e                ai_array_fmt_valid
                0x0000000008006654                ai_array_fmt_get_formats
                0x0000000008006664                ai_buffer_fmt_name
                0x000000000800672a                ai_buffer_fmt_valid
                0x0000000008006798                ai_buffer_fmt_get_formats
                0x00000000080067a0                ai_array_to_buffer_fmt
                0x000000000800684c                ai_buffer_to_array_fmt
                0x0000000008006950                ai_array_get_byte_size
                0x00000000080069a6                ai_array_get_data_byte_size
                0x00000000080069ce                ai_array_get_elems_from_size
 .text          0x0000000008006bd0      0x10c ../Middlewares/ST/AI/Lib\NetworkRuntime500_CM7_GCC.a(ai_math_helpers.o)
                0x0000000008006bd0                ai_math_sqrt
                0x0000000008006be8                ai_math_exp
                0x0000000008006bec                ai_math_pow
                0x0000000008006bf0                ai_math_tanh
                0x0000000008006bf4                ai_math_cosh
                0x0000000008006bf8                ai_math_relu
                0x0000000008006c08                ai_math_prelu
                0x0000000008006c18                ai_math_sigmoid
                0x0000000008006c38                ai_math_hard_sigmoid
                0x0000000008006c6c                ai_math_sign
                0x0000000008006c98                ai_div
                0x0000000008006c9e                ai_floor_div
                0x0000000008006ca6                ai_floor_mod
                0x0000000008006caa                ai_max
                0x0000000008006cba                ai_min
                0x0000000008006cca                ai_mul
                0x0000000008006cd0                ai_sub
                0x0000000008006cd6                ai_sum
 .text          0x0000000008006cdc        0x8 ../Middlewares/ST/AI/Lib\NetworkRuntime500_CM7_GCC.a(arm_mat_init_f32.o)
                0x0000000008006cdc                arm_mat_init_f32
 .text          0x0000000008006ce4        0x2 ../Middlewares/ST/AI/Lib\NetworkRuntime500_CM7_GCC.a(core_benchmark.o)
                0x0000000008006ce4                core_timer_init_
 .text          0x0000000008006ce6        0x4 ../Middlewares/ST/AI/Lib\NetworkRuntime500_CM7_GCC.a(core_benchmark.o)
                0x0000000008006ce6                core_timer_ticks_
 *fill*         0x0000000008006cea        0x2 
 .text          0x0000000008006cec       0xe0 ../Middlewares/ST/AI/Lib\NetworkRuntime500_CM7_GCC.a(core_benchmark.o)
                0x0000000008006cec                core_timer_init
                0x0000000008006d16                core_timer_reset
                0x0000000008006d22                core_timer_start
                0x0000000008006d36                core_timer_stop
                0x0000000008006d50                core_timer_main_test_unit
 .text          0x0000000008006dcc       0x9a c:/st/stm32cubeide_1.3.0/stm32cubeide/plugins/com.st.stm32cube.ide.mcu.externaltools.gnu-tools-for-stm32.7-2018-q2-update.win32_1.0.0.201904181610/tools/bin/../lib/gcc/arm-none-eabi/7.3.1/../../../../arm-none-eabi/lib/thumb/v7e-m/fpv5/hard\libc_nano.a(lib_a-aeabi_memset-soft.o)
                0x0000000008006dcc                __aeabi_memset8
                0x0000000008006dcc                __aeabi_memset4
                0x0000000008006dcc                __aeabi_memset
 .text          0x0000000008006e66       0x10 c:/st/stm32cubeide_1.3.0/stm32cubeide/plugins/com.st.stm32cube.ide.mcu.externaltools.gnu-tools-for-stm32.7-2018-q2-update.win32_1.0.0.201904181610/tools/bin/../lib/gcc/arm-none-eabi/7.3.1/../../../../arm-none-eabi/lib/thumb/v7e-m/fpv5/hard\libc_nano.a(lib_a-strlen.o)
                0x0000000008006e66                strlen
 *fill*         0x0000000008006e76        0xa 
 .text          0x0000000008006e80       0xa0 c:/st/stm32cubeide_1.3.0/stm32cubeide/plugins/com.st.stm32cube.ide.mcu.externaltools.gnu-tools-for-stm32.7-2018-q2-update.win32_1.0.0.201904181610/tools/bin/../lib/gcc/arm-none-eabi/7.3.1/../../../../arm-none-eabi/lib/thumb/v7e-m/fpv5/hard\libc_nano.a(lib_a-memchr.o)
                0x0000000008006e80                memchr
 .text          0x0000000008006f20      0x378 c:/st/stm32cubeide_1.3.0/stm32cubeide/plugins/com.st.stm32cube.ide.mcu.externaltools.gnu-tools-for-stm32.7-2018-q2-update.win32_1.0.0.201904181610/tools/bin/../lib/gcc/arm-none-eabi/7.3.1/thumb/v7e-m/fpv5/hard\libgcc.a(_arm_addsubdf3.o)
                0x0000000008006f20                __aeabi_drsub
                0x0000000008006f28                __aeabi_dsub
                0x0000000008006f28                __subdf3
                0x0000000008006f2c                __aeabi_dadd
                0x0000000008006f2c                __adddf3
                0x00000000080071a4                __floatunsidf
                0x00000000080071a4                __aeabi_ui2d
                0x00000000080071c4                __floatsidf
                0x00000000080071c4                __aeabi_i2d
                0x00000000080071e8                __aeabi_f2d
                0x00000000080071e8                __extendsfdf2
                0x000000000800722c                __floatundidf
                0x000000000800722c                __aeabi_ul2d
                0x000000000800723c                __floatdidf
                0x000000000800723c                __aeabi_l2d
 .text          0x0000000008007298      0x21c c:/st/stm32cubeide_1.3.0/stm32cubeide/plugins/com.st.stm32cube.ide.mcu.externaltools.gnu-tools-for-stm32.7-2018-q2-update.win32_1.0.0.201904181610/tools/bin/../lib/gcc/arm-none-eabi/7.3.1/thumb/v7e-m/fpv5/hard\libgcc.a(_arm_addsubsf3.o)
                0x0000000008007298                __aeabi_frsub
                0x00000000080072a0                __subsf3
                0x00000000080072a0                __aeabi_fsub
                0x00000000080072a4                __aeabi_fadd
                0x00000000080072a4                __addsf3
                0x0000000008007404                __aeabi_ui2f
                0x0000000008007404                __floatunsisf
                0x000000000800740c                __aeabi_i2f
                0x000000000800740c                __floatsisf
                0x0000000008007428                __aeabi_ul2f
                0x0000000008007428                __floatundisf
                0x0000000008007438                __aeabi_l2f
                0x0000000008007438                __floatdisf
 .text          0x00000000080074b4       0x30 c:/st/stm32cubeide_1.3.0/stm32cubeide/plugins/com.st.stm32cube.ide.mcu.externaltools.gnu-tools-for-stm32.7-2018-q2-update.win32_1.0.0.201904181610/tools/bin/../lib/gcc/arm-none-eabi/7.3.1/thumb/v7e-m/fpv5/hard\libgcc.a(_aeabi_uldivmod.o)
                0x00000000080074b4                __aeabi_uldivmod
 .text          0x00000000080074e4      0x2cc c:/st/stm32cubeide_1.3.0/stm32cubeide/plugins/com.st.stm32cube.ide.mcu.externaltools.gnu-tools-for-stm32.7-2018-q2-update.win32_1.0.0.201904181610/tools/bin/../lib/gcc/arm-none-eabi/7.3.1/thumb/v7e-m/fpv5/hard\libgcc.a(_udivmoddi4.o)
                0x00000000080074e4                __udivmoddi4
 .text          0x00000000080077b0        0x4 c:/st/stm32cubeide_1.3.0/stm32cubeide/plugins/com.st.stm32cube.ide.mcu.externaltools.gnu-tools-for-stm32.7-2018-q2-update.win32_1.0.0.201904181610/tools/bin/../lib/gcc/arm-none-eabi/7.3.1/thumb/v7e-m/fpv5/hard\libgcc.a(_dvmd_tls.o)
                0x00000000080077b0                __aeabi_idiv0
                0x00000000080077b0                __aeabi_ldiv0
 *(.text*)
 .text.SCB_EnableICache
                0x00000000080077b4       0x40 Core/Src/main.o
 .text.SCB_EnableDCache
                0x00000000080077f4       0x80 Core/Src/main.o
 .text.main     0x0000000008007874       0x54 Core/Src/main.o
                0x0000000008007874                main
 .text.SystemClock_Config
                0x00000000080078c8      0x120 Core/Src/main.o
                0x00000000080078c8                SystemClock_Config
 .text.MX_CRC_Init
                0x00000000080079e8       0x44 Core/Src/main.o
 .text.MX_USART3_UART_Init
                0x0000000008007a2c       0x60 Core/Src/main.o
                0x0000000008007a2c                MX_USART3_UART_Init
 .text.MX_GPIO_Init
                0x0000000008007a8c       0x30 Core/Src/main.o
 .text.Error_Handler
                0x0000000008007abc        0xe Core/Src/main.o
                0x0000000008007abc                Error_Handler
 *fill*         0x0000000008007aca        0x2 
 .text.HAL_MspInit
                0x0000000008007acc       0x48 Core/Src/stm32f7xx_hal_msp.o
                0x0000000008007acc                HAL_MspInit
 .text.HAL_CRC_MspInit
                0x0000000008007b14       0x40 Core/Src/stm32f7xx_hal_msp.o
                0x0000000008007b14                HAL_CRC_MspInit
 .text.HAL_UART_MspInit
                0x0000000008007b54       0x88 Core/Src/stm32f7xx_hal_msp.o
                0x0000000008007b54                HAL_UART_MspInit
 .text.NMI_Handler
                0x0000000008007bdc        0xe Core/Src/stm32f7xx_it.o
                0x0000000008007bdc                NMI_Handler
 .text.HardFault_Handler
                0x0000000008007bea        0x6 Core/Src/stm32f7xx_it.o
                0x0000000008007bea                HardFault_Handler
 .text.MemManage_Handler
                0x0000000008007bf0        0x6 Core/Src/stm32f7xx_it.o
                0x0000000008007bf0                MemManage_Handler
 .text.BusFault_Handler
                0x0000000008007bf6        0x6 Core/Src/stm32f7xx_it.o
                0x0000000008007bf6                BusFault_Handler
 .text.UsageFault_Handler
                0x0000000008007bfc        0x6 Core/Src/stm32f7xx_it.o
                0x0000000008007bfc                UsageFault_Handler
 .text.SVC_Handler
                0x0000000008007c02        0xe Core/Src/stm32f7xx_it.o
                0x0000000008007c02                SVC_Handler
 .text.DebugMon_Handler
                0x0000000008007c10        0xe Core/Src/stm32f7xx_it.o
                0x0000000008007c10                DebugMon_Handler
 .text.PendSV_Handler
                0x0000000008007c1e        0xe Core/Src/stm32f7xx_it.o
                0x0000000008007c1e                PendSV_Handler
 .text.SysTick_Handler
                0x0000000008007c2c        0xc Core/Src/stm32f7xx_it.o
                0x0000000008007c2c                SysTick_Handler
 .text._read    0x0000000008007c38       0x3a Core/Src/syscalls.o
                0x0000000008007c38                _read
 .text._close   0x0000000008007c72       0x18 Core/Src/syscalls.o
                0x0000000008007c72                _close
 .text._fstat   0x0000000008007c8a       0x20 Core/Src/syscalls.o
                0x0000000008007c8a                _fstat
 .text._isatty  0x0000000008007caa       0x16 Core/Src/syscalls.o
                0x0000000008007caa                _isatty
 .text._lseek   0x0000000008007cc0       0x1a Core/Src/syscalls.o
                0x0000000008007cc0                _lseek
 *fill*         0x0000000008007cda        0x2 
 .text._sbrk    0x0000000008007cdc       0x58 Core/Src/sysmem.o
                0x0000000008007cdc                _sbrk
 .text.SystemInit
                0x0000000008007d34       0x2c Core/Src/system_stm32f7xx.o
                0x0000000008007d34                SystemInit
 .text.Reset_Handler
                0x0000000008007d60       0x50 Core/Startup/startup_stm32f767zitx.o
                0x0000000008007d60                Reset_Handler
 .text.Default_Handler
                0x0000000008007db0        0x2 Core/Startup/startup_stm32f767zitx.o
                0x0000000008007db0                RTC_Alarm_IRQHandler
                0x0000000008007db0                EXTI2_IRQHandler
                0x0000000008007db0                TIM8_CC_IRQHandler
                0x0000000008007db0                UART8_IRQHandler
                0x0000000008007db0                SPI4_IRQHandler
                0x0000000008007db0                TIM1_CC_IRQHandler
                0x0000000008007db0                DMA2_Stream5_IRQHandler
                0x0000000008007db0                JPEG_IRQHandler
                0x0000000008007db0                DMA1_Stream5_IRQHandler
                0x0000000008007db0                CAN3_RX1_IRQHandler
                0x0000000008007db0                PVD_IRQHandler
                0x0000000008007db0                TAMP_STAMP_IRQHandler
                0x0000000008007db0                CAN2_RX1_IRQHandler
                0x0000000008007db0                EXTI3_IRQHandler
                0x0000000008007db0                TIM8_TRG_COM_TIM14_IRQHandler
                0x0000000008007db0                DFSDM1_FLT1_IRQHandler
                0x0000000008007db0                TIM1_UP_TIM10_IRQHandler
                0x0000000008007db0                TIM8_UP_TIM13_IRQHandler
                0x0000000008007db0                I2C3_ER_IRQHandler
                0x0000000008007db0                DFSDM1_FLT2_IRQHandler
                0x0000000008007db0                EXTI0_IRQHandler
                0x0000000008007db0                I2C2_EV_IRQHandler
                0x0000000008007db0                DMA1_Stream2_IRQHandler
                0x0000000008007db0                CAN1_RX0_IRQHandler
                0x0000000008007db0                FPU_IRQHandler
                0x0000000008007db0                OTG_HS_WKUP_IRQHandler
                0x0000000008007db0                CAN3_SCE_IRQHandler
                0x0000000008007db0                LTDC_ER_IRQHandler
                0x0000000008007db0                CAN2_SCE_IRQHandler
                0x0000000008007db0                DMA2_Stream2_IRQHandler
                0x0000000008007db0                SPI1_IRQHandler
                0x0000000008007db0                TIM6_DAC_IRQHandler
                0x0000000008007db0                TIM1_BRK_TIM9_IRQHandler
                0x0000000008007db0                DCMI_IRQHandler
                0x0000000008007db0                CAN2_RX0_IRQHandler
                0x0000000008007db0                DMA2_Stream3_IRQHandler
                0x0000000008007db0                SAI2_IRQHandler
                0x0000000008007db0                DFSDM1_FLT3_IRQHandler
                0x0000000008007db0                USART6_IRQHandler
                0x0000000008007db0                CAN3_RX0_IRQHandler
                0x0000000008007db0                USART3_IRQHandler
                0x0000000008007db0                CAN1_RX1_IRQHandler
                0x0000000008007db0                UART5_IRQHandler
                0x0000000008007db0                DMA2_Stream0_IRQHandler
                0x0000000008007db0                TIM4_IRQHandler
                0x0000000008007db0                QUADSPI_IRQHandler
                0x0000000008007db0                I2C1_EV_IRQHandler
                0x0000000008007db0                DMA1_Stream6_IRQHandler
                0x0000000008007db0                DMA1_Stream1_IRQHandler
                0x0000000008007db0                UART4_IRQHandler
                0x0000000008007db0                TIM3_IRQHandler
                0x0000000008007db0                RCC_IRQHandler
                0x0000000008007db0                TIM8_BRK_TIM12_IRQHandler
                0x0000000008007db0                Default_Handler
                0x0000000008007db0                CEC_IRQHandler
                0x0000000008007db0                EXTI15_10_IRQHandler
                0x0000000008007db0                ADC_IRQHandler
                0x0000000008007db0                DMA1_Stream7_IRQHandler
                0x0000000008007db0                SPI5_IRQHandler
                0x0000000008007db0                TIM7_IRQHandler
                0x0000000008007db0                SDMMC1_IRQHandler
                0x0000000008007db0                CAN2_TX_IRQHandler
                0x0000000008007db0                TIM5_IRQHandler
                0x0000000008007db0                DMA2_Stream7_IRQHandler
                0x0000000008007db0                I2C3_EV_IRQHandler
                0x0000000008007db0                EXTI9_5_IRQHandler
                0x0000000008007db0                RTC_WKUP_IRQHandler
                0x0000000008007db0                LTDC_IRQHandler
                0x0000000008007db0                ETH_WKUP_IRQHandler
                0x0000000008007db0                SPDIF_RX_IRQHandler
                0x0000000008007db0                SPI2_IRQHandler
                0x0000000008007db0                OTG_HS_EP1_IN_IRQHandler
                0x0000000008007db0                DMA1_Stream0_IRQHandler
                0x0000000008007db0                CAN1_TX_IRQHandler
                0x0000000008007db0                EXTI4_IRQHandler
                0x0000000008007db0                RNG_IRQHandler
                0x0000000008007db0                ETH_IRQHandler
                0x0000000008007db0                OTG_HS_EP1_OUT_IRQHandler
                0x0000000008007db0                WWDG_IRQHandler
                0x0000000008007db0                SPI6_IRQHandler
                0x0000000008007db0                MDIOS_IRQHandler
                0x0000000008007db0                I2C4_EV_IRQHandler
                0x0000000008007db0                CAN3_TX_IRQHandler
                0x0000000008007db0                TIM2_IRQHandler
                0x0000000008007db0                OTG_FS_WKUP_IRQHandler
                0x0000000008007db0                TIM1_TRG_COM_TIM11_IRQHandler
                0x0000000008007db0                OTG_HS_IRQHandler
                0x0000000008007db0                DMA2D_IRQHandler
                0x0000000008007db0                EXTI1_IRQHandler
                0x0000000008007db0                SDMMC2_IRQHandler
                0x0000000008007db0                UART7_IRQHandler
                0x0000000008007db0                USART2_IRQHandler
                0x0000000008007db0                DFSDM1_FLT0_IRQHandler
                0x0000000008007db0                I2C2_ER_IRQHandler
                0x0000000008007db0                DMA2_Stream1_IRQHandler
                0x0000000008007db0                CAN1_SCE_IRQHandler
                0x0000000008007db0                FLASH_IRQHandler
                0x0000000008007db0                DMA2_Stream4_IRQHandler
                0x0000000008007db0                USART1_IRQHandler
                0x0000000008007db0                OTG_FS_IRQHandler
                0x0000000008007db0                SPI3_IRQHandler
                0x0000000008007db0                DMA1_Stream4_IRQHandler
                0x0000000008007db0                I2C1_ER_IRQHandler
                0x0000000008007db0                FMC_IRQHandler
                0x0000000008007db0                LPTIM1_IRQHandler
                0x0000000008007db0                I2C4_ER_IRQHandler
                0x0000000008007db0                DMA2_Stream6_IRQHandler
                0x0000000008007db0                SAI1_IRQHandler
                0x0000000008007db0                DMA1_Stream3_IRQHandler
 .text.HAL_Init
                0x0000000008007db2       0x1a Drivers/STM32F7xx_HAL_Driver/Src/stm32f7xx_hal.o
                0x0000000008007db2                HAL_Init
 .text.HAL_InitTick
                0x0000000008007dcc       0x60 Drivers/STM32F7xx_HAL_Driver/Src/stm32f7xx_hal.o
                0x0000000008007dcc                HAL_InitTick
 .text.HAL_IncTick
                0x0000000008007e2c       0x28 Drivers/STM32F7xx_HAL_Driver/Src/stm32f7xx_hal.o
                0x0000000008007e2c                HAL_IncTick
 .text.HAL_GetTick
                0x0000000008007e54       0x18 Drivers/STM32F7xx_HAL_Driver/Src/stm32f7xx_hal.o
                0x0000000008007e54                HAL_GetTick
 .text.HAL_GetHalVersion
                0x0000000008007e6c       0x14 Drivers/STM32F7xx_HAL_Driver/Src/stm32f7xx_hal.o
                0x0000000008007e6c                HAL_GetHalVersion
 .text.HAL_GetREVID
                0x0000000008007e80       0x18 Drivers/STM32F7xx_HAL_Driver/Src/stm32f7xx_hal.o
                0x0000000008007e80                HAL_GetREVID
 .text.HAL_GetDEVID
                0x0000000008007e98       0x1c Drivers/STM32F7xx_HAL_Driver/Src/stm32f7xx_hal.o
                0x0000000008007e98                HAL_GetDEVID
 .text.__NVIC_SetPriorityGrouping
                0x0000000008007eb4       0x48 Drivers/STM32F7xx_HAL_Driver/Src/stm32f7xx_hal_cortex.o
 .text.__NVIC_GetPriorityGrouping
                0x0000000008007efc       0x1c Drivers/STM32F7xx_HAL_Driver/Src/stm32f7xx_hal_cortex.o
 .text.__NVIC_SetPriority
                0x0000000008007f18       0x54 Drivers/STM32F7xx_HAL_Driver/Src/stm32f7xx_hal_cortex.o
 .text.NVIC_EncodePriority
                0x0000000008007f6c       0x66 Drivers/STM32F7xx_HAL_Driver/Src/stm32f7xx_hal_cortex.o
 *fill*         0x0000000008007fd2        0x2 
 .text.SysTick_Config
                0x0000000008007fd4       0x44 Drivers/STM32F7xx_HAL_Driver/Src/stm32f7xx_hal_cortex.o
 .text.HAL_NVIC_SetPriorityGrouping
                0x0000000008008018       0x16 Drivers/STM32F7xx_HAL_Driver/Src/stm32f7xx_hal_cortex.o
                0x0000000008008018                HAL_NVIC_SetPriorityGrouping
 .text.HAL_NVIC_SetPriority
                0x000000000800802e       0x38 Drivers/STM32F7xx_HAL_Driver/Src/stm32f7xx_hal_cortex.o
                0x000000000800802e                HAL_NVIC_SetPriority
 .text.HAL_SYSTICK_Config
                0x0000000008008066       0x18 Drivers/STM32F7xx_HAL_Driver/Src/stm32f7xx_hal_cortex.o
                0x0000000008008066                HAL_SYSTICK_Config
 *fill*         0x000000000800807e        0x2 
 .text.HAL_CRC_Init
                0x0000000008008080       0xc8 Drivers/STM32F7xx_HAL_Driver/Src/stm32f7xx_hal_crc.o
                0x0000000008008080                HAL_CRC_Init
 .text.HAL_CRCEx_Polynomial_Set
                0x0000000008008148      0x10c Drivers/STM32F7xx_HAL_Driver/Src/stm32f7xx_hal_crc_ex.o
                0x0000000008008148                HAL_CRCEx_Polynomial_Set
 .text.HAL_GPIO_Init
                0x0000000008008254      0x354 Drivers/STM32F7xx_HAL_Driver/Src/stm32f7xx_hal_gpio.o
                0x0000000008008254                HAL_GPIO_Init
 .text.HAL_PWREx_EnableOverDrive
                0x00000000080085a8       0xa0 Drivers/STM32F7xx_HAL_Driver/Src/stm32f7xx_hal_pwr_ex.o
                0x00000000080085a8                HAL_PWREx_EnableOverDrive
 .text.HAL_RCC_OscConfig
                0x0000000008008648      0x55c Drivers/STM32F7xx_HAL_Driver/Src/stm32f7xx_hal_rcc.o
                0x0000000008008648                HAL_RCC_OscConfig
 .text.HAL_RCC_ClockConfig
                0x0000000008008ba4      0x1d8 Drivers/STM32F7xx_HAL_Driver/Src/stm32f7xx_hal_rcc.o
                0x0000000008008ba4                HAL_RCC_ClockConfig
 .text.HAL_RCC_GetSysClockFreq
                0x0000000008008d7c      0x164 Drivers/STM32F7xx_HAL_Driver/Src/stm32f7xx_hal_rcc.o
                0x0000000008008d7c                HAL_RCC_GetSysClockFreq
 .text.HAL_RCC_GetHCLKFreq
                0x0000000008008ee0       0x18 Drivers/STM32F7xx_HAL_Driver/Src/stm32f7xx_hal_rcc.o
                0x0000000008008ee0                HAL_RCC_GetHCLKFreq
 .text.HAL_RCC_GetPCLK1Freq
                0x0000000008008ef8       0x28 Drivers/STM32F7xx_HAL_Driver/Src/stm32f7xx_hal_rcc.o
                0x0000000008008ef8                HAL_RCC_GetPCLK1Freq
 .text.HAL_RCC_GetPCLK2Freq
                0x0000000008008f20       0x28 Drivers/STM32F7xx_HAL_Driver/Src/stm32f7xx_hal_rcc.o
                0x0000000008008f20                HAL_RCC_GetPCLK2Freq
 .text.HAL_RCCEx_PeriphCLKConfig
                0x0000000008008f48      0x84c Drivers/STM32F7xx_HAL_Driver/Src/stm32f7xx_hal_rcc_ex.o
                0x0000000008008f48                HAL_RCCEx_PeriphCLKConfig
 .text.HAL_UART_Init
                0x0000000008009794       0x9c Drivers/STM32F7xx_HAL_Driver/Src/stm32f7xx_hal_uart.o
                0x0000000008009794                HAL_UART_Init
 .text.HAL_UART_Transmit
                0x0000000008009830      0x122 Drivers/STM32F7xx_HAL_Driver/Src/stm32f7xx_hal_uart.o
                0x0000000008009830                HAL_UART_Transmit
 .text.HAL_UART_Receive
                0x0000000008009952      0x198 Drivers/STM32F7xx_HAL_Driver/Src/stm32f7xx_hal_uart.o
                0x0000000008009952                HAL_UART_Receive
 *fill*         0x0000000008009aea        0x2 
 .text.UART_SetConfig
                0x0000000008009aec      0x554 Drivers/STM32F7xx_HAL_Driver/Src/stm32f7xx_hal_uart.o
                0x0000000008009aec                UART_SetConfig
 .text.UART_AdvFeatureConfig
                0x000000000800a040      0x144 Drivers/STM32F7xx_HAL_Driver/Src/stm32f7xx_hal_uart.o
                0x000000000800a040                UART_AdvFeatureConfig
 .text.UART_CheckIdleState
                0x000000000800a184       0x8a Drivers/STM32F7xx_HAL_Driver/Src/stm32f7xx_hal_uart.o
                0x000000000800a184                UART_CheckIdleState
 .text.UART_WaitOnFlagUntilTimeout
                0x000000000800a20e       0xf6 Drivers/STM32F7xx_HAL_Driver/Src/stm32f7xx_hal_uart.o
                0x000000000800a20e                UART_WaitOnFlagUntilTimeout
 .text.aiPbMgrInit
                0x000000000800a304       0x78 X-CUBE-AI/App/aiPbMgr.o
                0x000000000800a304                aiPbMgrInit
 .text.aiPbMgrSendResp
                0x000000000800a37c       0x3c X-CUBE-AI/App/aiPbMgr.o
                0x000000000800a37c                aiPbMgrSendResp
 .text.aiPbMgrSendAck
                0x000000000800a3b8       0x36 X-CUBE-AI/App/aiPbMgr.o
                0x000000000800a3b8                aiPbMgrSendAck
 *fill*         0x000000000800a3ee        0x2 
 .text.aiPbMgrWaitAck
                0x000000000800a3f0       0x34 X-CUBE-AI/App/aiPbMgr.o
                0x000000000800a3f0                aiPbMgrWaitAck
 .text.aiPbAiBufferSize
                0x000000000800a424       0x3a X-CUBE-AI/App/aiPbMgr.o
                0x000000000800a424                aiPbAiBufferSize
 .text.aiPbMsgFmtToAiFmt
                0x000000000800a45e       0x16 X-CUBE-AI/App/aiPbMgr.o
 .text.aiPbAiFmtToMsgFmt
                0x000000000800a474       0x16 X-CUBE-AI/App/aiPbMgr.o
 .text.aiPbBufferGetItemSize
                0x000000000800a48a       0x20 X-CUBE-AI/App/aiPbMgr.o
 .text.aiPbBuffer_read_cb3
                0x000000000800a4aa      0x11e X-CUBE-AI/App/aiPbMgr.o
 .text.aiPbBuffer_write_cb3
                0x000000000800a5c8       0x8c X-CUBE-AI/App/aiPbMgr.o
 .text.aiPbMgrReceiveAiBuffer3
                0x000000000800a654       0xac X-CUBE-AI/App/aiPbMgr.o
                0x000000000800a654                aiPbMgrReceiveAiBuffer3
 .text.aiPbMgrSetMetaInfo
                0x000000000800a700      0x26a X-CUBE-AI/App/aiPbMgr.o
 *fill*         0x000000000800a96a        0x2 
 .text.aiPbMgrSendAiBuffer3
                0x000000000800a96c       0xd8 X-CUBE-AI/App/aiPbMgr.o
                0x000000000800a96c                aiPbMgrSendAiBuffer3
 .text.aiPbCmdSync
                0x000000000800aa44       0x44 X-CUBE-AI/App/aiPbMgr.o
                0x000000000800aa44                aiPbCmdSync
 .text.aiPbCmdSysInfo
                0x000000000800aa88       0x4c X-CUBE-AI/App/aiPbMgr.o
                0x000000000800aa88                aiPbCmdSysInfo
 .text.init_aibuffer_msg
                0x000000000800aad4       0x66 X-CUBE-AI/App/aiPbMgr.o
 *fill*         0x000000000800ab3a        0x2 
 .text.nn_shape_w_cb
                0x000000000800ab3c       0x84 X-CUBE-AI/App/aiPbMgr.o
 .text.nn_inputs_w_cb
                0x000000000800abc0       0x36 X-CUBE-AI/App/aiPbMgr.o
 .text.nn_outputs_w_cb
                0x000000000800abf6       0x36 X-CUBE-AI/App/aiPbMgr.o
 .text.aiPbStrCopy
                0x000000000800ac2c       0x78 X-CUBE-AI/App/aiPbMgr.o
                0x000000000800ac2c                aiPbStrCopy
 .text.aiPbVersionToUint32
                0x000000000800aca4       0x3a X-CUBE-AI/App/aiPbMgr.o
                0x000000000800aca4                aiPbVersionToUint32
 *fill*         0x000000000800acde        0x2 
 .text.aiPbMgrSendNNInfo
                0x000000000800ace0      0x170 X-CUBE-AI/App/aiPbMgr.o
                0x000000000800ace0                aiPbMgrSendNNInfo
 .text.crcIpInit
                0x000000000800ae50       0x40 X-CUBE-AI/App/aiTestUtility.o
                0x000000000800ae50                crcIpInit
 .text.dwtIpInit
                0x000000000800ae90       0x44 X-CUBE-AI/App/aiTestUtility.o
                0x000000000800ae90                dwtIpInit
 .text.dwtReset
                0x000000000800aed4       0x18 X-CUBE-AI/App/aiTestUtility.o
                0x000000000800aed4                dwtReset
 .text.dwtGetCycles
                0x000000000800aeec       0x18 X-CUBE-AI/App/aiTestUtility.o
                0x000000000800aeec                dwtGetCycles
 .text.systemCoreClock
                0x000000000800af04        0xe X-CUBE-AI/App/aiTestUtility.o
                0x000000000800af04                systemCoreClock
 *fill*         0x000000000800af12        0x2 
 .text.dwtCyclesToFloatMs
                0x000000000800af14       0x50 X-CUBE-AI/App/aiTestUtility.o
                0x000000000800af14                dwtCyclesToFloatMs
 .text.devIdToStr
                0x000000000800af64      0x218 X-CUBE-AI/App/aiTestUtility.o
 .text.bitToStr
                0x000000000800b17c       0x28 X-CUBE-AI/App/aiTestUtility.o
 .text.getFlashCacheConf
                0x000000000800b1a4       0x18 X-CUBE-AI/App/aiTestUtility.o
                0x000000000800b1a4                getFlashCacheConf
 .text.logDeviceConf
                0x000000000800b1bc      0x188 X-CUBE-AI/App/aiTestUtility.o
                0x000000000800b1bc                logDeviceConf
 .text.disableInts
                0x000000000800b344       0x20 X-CUBE-AI/App/aiTestUtility.o
                0x000000000800b344                disableInts
 .text.restoreInts
                0x000000000800b364       0x1e X-CUBE-AI/App/aiTestUtility.o
                0x000000000800b364                restoreInts
 *fill*         0x000000000800b382        0x2 
 .text._write   0x000000000800b384       0x6c X-CUBE-AI/App/aiTestUtility.o
                0x000000000800b384                _write
 .text.aiLogErr
                0x000000000800b3f0       0x48 X-CUBE-AI/App/aiTestUtility.o
                0x000000000800b3f0                aiLogErr
 .text.aiBufferSize
                0x000000000800b438       0x2c X-CUBE-AI/App/aiTestUtility.o
                0x000000000800b438                aiBufferSize
 .text.aiPrintLayoutBuffer
                0x000000000800b464      0x3e8 X-CUBE-AI/App/aiTestUtility.o
 .text.aiPrintNetworkInfo
                0x000000000800b84c      0x17c X-CUBE-AI/App/aiTestUtility.o
                0x000000000800b84c                aiPrintNetworkInfo
 .text.aiTestHeader
                0x000000000800b9c8       0x48 X-CUBE-AI/App/aiTestUtility.o
                0x000000000800b9c8                aiTestHeader
 .text.write_packet
                0x000000000800ba10       0x34 X-CUBE-AI/App/aiTestUtility.o
 .text.ioFlushWrite
                0x000000000800ba44       0x24 X-CUBE-AI/App/aiTestUtility.o
                0x000000000800ba44                ioFlushWrite
 .text.write_callback
                0x000000000800ba68       0x78 X-CUBE-AI/App/aiTestUtility.o
 .text.read_packet
                0x000000000800bae0       0x40 X-CUBE-AI/App/aiTestUtility.o
 .text.ioFlushRead
                0x000000000800bb20       0x24 X-CUBE-AI/App/aiTestUtility.o
                0x000000000800bb20                ioFlushRead
 .text.read_callback
                0x000000000800bb44       0xc0 X-CUBE-AI/App/aiTestUtility.o
 .text.pb_ostream_to_uart
                0x000000000800bc04       0x48 X-CUBE-AI/App/aiTestUtility.o
                0x000000000800bc04                pb_ostream_to_uart
 .text.pb_istream_from_uart
                0x000000000800bc4c       0x44 X-CUBE-AI/App/aiTestUtility.o
                0x000000000800bc4c                pb_istream_from_uart
 .text.aiOnExecNode_cb
                0x000000000800bc90      0x106 X-CUBE-AI/App/aiValidation.o
 *fill*         0x000000000800bd96        0x2 
 .text.aiExecCtx
                0x000000000800bd98       0xb8 X-CUBE-AI/App/aiValidation.o
 .text.aiSetPbContext
                0x000000000800be50       0x30 X-CUBE-AI/App/aiValidation.o
 .text.aiBootstrap
                0x000000000800be80      0x214 X-CUBE-AI/App/aiValidation.o
 .text.aiInspectorGetReport
                0x000000000800c094       0x5a X-CUBE-AI/App/aiValidation.o
 .text.aiInspectorSendReport
                0x000000000800c0ee       0x7e X-CUBE-AI/App/aiValidation.o
 .text.aiInspectorUnBind
                0x000000000800c16c       0x44 X-CUBE-AI/App/aiValidation.o
 .text.aiInspectorBind
                0x000000000800c1b0       0x68 X-CUBE-AI/App/aiValidation.o
 .text.aiInspectorInitAndBind
                0x000000000800c218       0xac X-CUBE-AI/App/aiValidation.o
 .text.aiInspectorUnbindAndDestroy
                0x000000000800c2c4       0x30 X-CUBE-AI/App/aiValidation.o
 .text.aiInit   0x000000000800c2f4       0xc4 X-CUBE-AI/App/aiValidation.o
 .text.aiPbCmdNNInfo
                0x000000000800c3b8       0x4e X-CUBE-AI/App/aiValidation.o
                0x000000000800c3b8                aiPbCmdNNInfo
 *fill*         0x000000000800c406        0x2 
 .text.aiPbCmdNNRun
                0x000000000800c408      0x37c X-CUBE-AI/App/aiValidation.o
                0x000000000800c408                aiPbCmdNNRun
 .text.aiValidationInit
                0x000000000800c784       0x30 X-CUBE-AI/App/aiValidation.o
                0x000000000800c784                aiValidationInit
 .text.prj_AI_init
                0x000000000800c7b4        0xc X-CUBE-AI/App/aiValidation.o
                0x000000000800c7b4                prj_AI_init
 .text.prj_AI_process
                0x000000000800c7c0      0x154 X-CUBE-AI/App/aiValidation.o
                0x000000000800c7c0                prj_AI_process
 .text.MX_X_CUBE_AI_Init
                0x000000000800c914       0x10 X-CUBE-AI/App/app_x-cube-ai.o
                0x000000000800c914                MX_X_CUBE_AI_Init
 .text.ai_mnetwork_is_valid
                0x000000000800c924       0x56 X-CUBE-AI/App/app_x-cube-ai.o
 *fill*         0x000000000800c97a        0x2 
 .text.ai_mnetwork_handle
                0x000000000800c97c       0x74 X-CUBE-AI/App/app_x-cube-ai.o
 .text.ai_mnetwork_release_handle
                0x000000000800c9f0       0x58 X-CUBE-AI/App/app_x-cube-ai.o
 .text.ai_mnetwork_find
                0x000000000800ca48       0x60 X-CUBE-AI/App/app_x-cube-ai.o
                0x000000000800ca48                ai_mnetwork_find
 .text.ai_mnetwork_create
                0x000000000800caa8       0xd8 X-CUBE-AI/App/app_x-cube-ai.o
                0x000000000800caa8                ai_mnetwork_create
 .text.ai_mnetwork_destroy
                0x000000000800cb80       0x44 X-CUBE-AI/App/app_x-cube-ai.o
                0x000000000800cb80                ai_mnetwork_destroy
 .text.ai_mnetwork_get_info
                0x000000000800cbc4       0x36 X-CUBE-AI/App/app_x-cube-ai.o
                0x000000000800cbc4                ai_mnetwork_get_info
 .text.ai_mnetwork_get_error
                0x000000000800cbfa       0x40 X-CUBE-AI/App/app_x-cube-ai.o
                0x000000000800cbfa                ai_mnetwork_get_error
 .text.ai_mnetwork_init
                0x000000000800cc3a       0xa2 X-CUBE-AI/App/app_x-cube-ai.o
                0x000000000800cc3a                ai_mnetwork_init
 .text.ai_mnetwork_run
                0x000000000800ccdc       0x38 X-CUBE-AI/App/app_x-cube-ai.o
                0x000000000800ccdc                ai_mnetwork_run
 .text.ai_mnetwork_get_private_handle
                0x000000000800cd14       0x58 X-CUBE-AI/App/app_x-cube-ai.o
                0x000000000800cd14                ai_mnetwork_get_private_handle
 .text.ai_mnetwork_get_ext_data_activations
                0x000000000800cd6c       0x4a X-CUBE-AI/App/app_x-cube-ai.o
                0x000000000800cd6c                ai_mnetwork_get_ext_data_activations
 *fill*         0x000000000800cdb6        0x2 
 .text.network_1582985458502_configure_activations
                0x000000000800cdb8       0x9c X-CUBE-AI/App/network_1582985458502.o
 .text.network_1582985458502_configure_weights
                0x000000000800ce54       0xf0 X-CUBE-AI/App/network_1582985458502.o
 .text.ai_network_1582985458502_get_info
                0x000000000800cf44       0xc8 X-CUBE-AI/App/network_1582985458502.o
                0x000000000800cf44                ai_network_1582985458502_get_info
 .text.ai_network_1582985458502_get_error
                0x000000000800d00c       0x18 X-CUBE-AI/App/network_1582985458502.o
                0x000000000800d00c                ai_network_1582985458502_get_error
 .text.ai_network_1582985458502_create
                0x000000000800d024       0x2c X-CUBE-AI/App/network_1582985458502.o
                0x000000000800d024                ai_network_1582985458502_create
 .text.ai_network_1582985458502_destroy
                0x000000000800d050       0x18 X-CUBE-AI/App/network_1582985458502.o
                0x000000000800d050                ai_network_1582985458502_destroy
 .text.ai_network_1582985458502_init
                0x000000000800d068       0x66 X-CUBE-AI/App/network_1582985458502.o
                0x000000000800d068                ai_network_1582985458502_init
 .text.ai_network_1582985458502_run
                0x000000000800d0ce       0x20 X-CUBE-AI/App/network_1582985458502.o
                0x000000000800d0ce                ai_network_1582985458502_run
 .text.ai_network_1582985458502_forward
                0x000000000800d0ee       0x1e X-CUBE-AI/App/network_1582985458502.o
                0x000000000800d0ee                ai_network_1582985458502_forward
 .text.ai_network_1582985458502_data_weights_get
                0x000000000800d10c       0x14 X-CUBE-AI/App/network_1582985458502_data.o
                0x000000000800d10c                ai_network_1582985458502_data_weights_get
 .text.pb_field_iter_begin
                0x000000000800d120       0x6a X-CUBE-AI/App/pb_common.o
                0x000000000800d120                pb_field_iter_begin
 .text.pb_field_iter_next
                0x000000000800d18a      0x10c X-CUBE-AI/App/pb_common.o
                0x000000000800d18a                pb_field_iter_next
 .text.pb_field_iter_find
                0x000000000800d296       0x4c X-CUBE-AI/App/pb_common.o
                0x000000000800d296                pb_field_iter_find
 .text.buf_read
                0x000000000800d2e2       0x56 X-CUBE-AI/App/pb_decode.o
 .text.pb_read  0x000000000800d338       0xd0 X-CUBE-AI/App/pb_decode.o
                0x000000000800d338                pb_read
 .text.pb_readbyte
                0x000000000800d408       0x78 X-CUBE-AI/App/pb_decode.o
 .text.pb_istream_from_buffer
                0x000000000800d480       0x3c X-CUBE-AI/App/pb_decode.o
                0x000000000800d480                pb_istream_from_buffer
 .text.pb_decode_varint32_eof
                0x000000000800d4bc      0x114 X-CUBE-AI/App/pb_decode.o
 .text.pb_decode_varint32
                0x000000000800d5d0       0x1e X-CUBE-AI/App/pb_decode.o
                0x000000000800d5d0                pb_decode_varint32
 *fill*         0x000000000800d5ee        0x2 
 .text.pb_decode_varint
                0x000000000800d5f0       0xc4 X-CUBE-AI/App/pb_decode.o
                0x000000000800d5f0                pb_decode_varint
 .text.pb_skip_varint
                0x000000000800d6b4       0x38 X-CUBE-AI/App/pb_decode.o
 .text.pb_skip_string
                0x000000000800d6ec       0x3a X-CUBE-AI/App/pb_decode.o
 .text.pb_decode_tag
                0x000000000800d726       0x6e X-CUBE-AI/App/pb_decode.o
                0x000000000800d726                pb_decode_tag
 .text.pb_skip_field
                0x000000000800d794       0x84 X-CUBE-AI/App/pb_decode.o
                0x000000000800d794                pb_skip_field
 .text.read_raw_value
                0x000000000800d818       0xb8 X-CUBE-AI/App/pb_decode.o
 .text.pb_make_string_substream
                0x000000000800d8d0       0x74 X-CUBE-AI/App/pb_decode.o
                0x000000000800d8d0                pb_make_string_substream
 .text.pb_close_string_substream
                0x000000000800d944       0x4a X-CUBE-AI/App/pb_decode.o
                0x000000000800d944                pb_close_string_substream
 *fill*         0x000000000800d98e        0x2 
 .text.decode_static_field
                0x000000000800d990      0x244 X-CUBE-AI/App/pb_decode.o
 .text.decode_pointer_field
                0x000000000800dbd4       0x34 X-CUBE-AI/App/pb_decode.o
 .text.decode_callback_field
                0x000000000800dc08      0x110 X-CUBE-AI/App/pb_decode.o
 .text.decode_field
                0x000000000800dd18       0x78 X-CUBE-AI/App/pb_decode.o
 .text.iter_from_extension
                0x000000000800dd90       0x4e X-CUBE-AI/App/pb_decode.o
 .text.default_extension_decoder
                0x000000000800ddde       0x52 X-CUBE-AI/App/pb_decode.o
 .text.decode_extension
                0x000000000800de30       0x80 X-CUBE-AI/App/pb_decode.o
 .text.find_extension_field
                0x000000000800deb0       0x3a X-CUBE-AI/App/pb_decode.o
 .text.pb_field_set_to_default
                0x000000000800deea      0x156 X-CUBE-AI/App/pb_decode.o
 .text.pb_message_set_to_defaults
                0x000000000800e040       0x48 X-CUBE-AI/App/pb_decode.o
 .text.pb_decode_noinit
                0x000000000800e088      0x2d4 X-CUBE-AI/App/pb_decode.o
                0x000000000800e088                pb_decode_noinit
 .text.pb_decode
                0x000000000800e35c       0x2c X-CUBE-AI/App/pb_decode.o
                0x000000000800e35c                pb_decode
 .text.pb_decode_delimited
                0x000000000800e388       0x64 X-CUBE-AI/App/pb_decode.o
                0x000000000800e388                pb_decode_delimited
 .text.pb_decode_svarint
                0x000000000800e3ec       0x76 X-CUBE-AI/App/pb_decode.o
                0x000000000800e3ec                pb_decode_svarint
 .text.pb_decode_fixed32
                0x000000000800e462       0x4c X-CUBE-AI/App/pb_decode.o
                0x000000000800e462                pb_decode_fixed32
 .text.pb_decode_fixed64
                0x000000000800e4ae      0x10e X-CUBE-AI/App/pb_decode.o
                0x000000000800e4ae                pb_decode_fixed64
 .text.pb_dec_varint
                0x000000000800e5bc      0x12c X-CUBE-AI/App/pb_decode.o
 .text.pb_dec_uvarint
                0x000000000800e6e8      0x10c X-CUBE-AI/App/pb_decode.o
 .text.pb_dec_svarint
                0x000000000800e7f4      0x110 X-CUBE-AI/App/pb_decode.o
 .text.pb_dec_fixed32
                0x000000000800e904       0x1e X-CUBE-AI/App/pb_decode.o
 .text.pb_dec_fixed64
                0x000000000800e922       0x1e X-CUBE-AI/App/pb_decode.o
 .text.pb_dec_bytes
                0x000000000800e940       0xec X-CUBE-AI/App/pb_decode.o
 .text.pb_dec_string
                0x000000000800ea2c       0xcc X-CUBE-AI/App/pb_decode.o
 .text.pb_dec_submessage
                0x000000000800eaf8       0xb4 X-CUBE-AI/App/pb_decode.o
 .text.pb_dec_fixed_length_bytes
                0x000000000800ebac       0xb0 X-CUBE-AI/App/pb_decode.o
 .text.pb_write
                0x000000000800ec5c       0x8c X-CUBE-AI/App/pb_encode.o
                0x000000000800ec5c                pb_write
 .text.encode_array
                0x000000000800ece8      0x21c X-CUBE-AI/App/pb_encode.o
 .text.pb_check_proto3_default_value
                0x000000000800ef04      0x19a X-CUBE-AI/App/pb_encode.o
 *fill*         0x000000000800f09e        0x2 
 .text.encode_basic_field
                0x000000000800f0a0      0x1fc X-CUBE-AI/App/pb_encode.o
 .text.encode_callback_field
                0x000000000800f29c       0x5c X-CUBE-AI/App/pb_encode.o
 .text.encode_field
                0x000000000800f2f8       0x60 X-CUBE-AI/App/pb_encode.o
 .text.default_extension_encoder
                0x000000000800f358       0x48 X-CUBE-AI/App/pb_encode.o
 .text.encode_extension_field
                0x000000000800f3a0       0x62 X-CUBE-AI/App/pb_encode.o
 .text.pb_const_cast
                0x000000000800f402       0x1a X-CUBE-AI/App/pb_encode.o
 .text.pb_encode
                0x000000000800f41c       0x8e X-CUBE-AI/App/pb_encode.o
                0x000000000800f41c                pb_encode
 .text.pb_encode_varint
                0x000000000800f4aa       0xa6 X-CUBE-AI/App/pb_encode.o
                0x000000000800f4aa                pb_encode_varint
 .text.pb_encode_svarint
                0x000000000800f550       0x56 X-CUBE-AI/App/pb_encode.o
                0x000000000800f550                pb_encode_svarint
 .text.pb_encode_fixed32
                0x000000000800f5a6       0x46 X-CUBE-AI/App/pb_encode.o
                0x000000000800f5a6                pb_encode_fixed32
 .text.pb_encode_fixed64
                0x000000000800f5ec       0xc8 X-CUBE-AI/App/pb_encode.o
                0x000000000800f5ec                pb_encode_fixed64
 .text.pb_encode_tag
                0x000000000800f6b4       0x48 X-CUBE-AI/App/pb_encode.o
                0x000000000800f6b4                pb_encode_tag
 .text.pb_encode_tag_for_field
                0x000000000800f6fc       0x94 X-CUBE-AI/App/pb_encode.o
                0x000000000800f6fc                pb_encode_tag_for_field
 .text.pb_encode_string
                0x000000000800f790       0x40 X-CUBE-AI/App/pb_encode.o
                0x000000000800f790                pb_encode_string
 .text.pb_encode_submessage
                0x000000000800f7d0      0x11c X-CUBE-AI/App/pb_encode.o
                0x000000000800f7d0                pb_encode_submessage
 .text.pb_enc_varint
                0x000000000800f8ec       0xbc X-CUBE-AI/App/pb_encode.o
 .text.pb_enc_uvarint
                0x000000000800f9a8       0xb4 X-CUBE-AI/App/pb_encode.o
 .text.pb_enc_svarint
                0x000000000800fa5c       0xb8 X-CUBE-AI/App/pb_encode.o
 .text.pb_enc_fixed64
                0x000000000800fb14       0x1e X-CUBE-AI/App/pb_encode.o
 .text.pb_enc_fixed32
                0x000000000800fb32       0x1e X-CUBE-AI/App/pb_encode.o
 .text.pb_enc_bytes
                0x000000000800fb50       0x7c X-CUBE-AI/App/pb_encode.o
 .text.pb_enc_string
                0x000000000800fbcc       0x6c X-CUBE-AI/App/pb_encode.o
 .text.pb_enc_submessage
                0x000000000800fc38       0x4c X-CUBE-AI/App/pb_encode.o
 .text.pb_enc_fixed_length_bytes
                0x000000000800fc84       0x28 X-CUBE-AI/App/pb_encode.o
 .text.__aeabi_memclr
                0x000000000800fcac        0x6 c:/st/stm32cubeide_1.3.0/stm32cubeide/plugins/com.st.stm32cube.ide.mcu.externaltools.gnu-tools-for-stm32.7-2018-q2-update.win32_1.0.0.201904181610/tools/bin/../lib/gcc/arm-none-eabi/7.3.1/../../../../arm-none-eabi/lib/thumb/v7e-m/fpv5/hard\libc_nano.a(lib_a-aeabi_memclr.o)
                0x000000000800fcac                __aeabi_memclr
                0x000000000800fcac                __aeabi_memclr4
                0x000000000800fcac                __aeabi_memclr8
 .text.__aeabi_memcpy
                0x000000000800fcb2        0x4 c:/st/stm32cubeide_1.3.0/stm32cubeide/plugins/com.st.stm32cube.ide.mcu.externaltools.gnu-tools-for-stm32.7-2018-q2-update.win32_1.0.0.201904181610/tools/bin/../lib/gcc/arm-none-eabi/7.3.1/../../../../arm-none-eabi/lib/thumb/v7e-m/fpv5/hard\libc_nano.a(lib_a-aeabi_memcpy.o)
                0x000000000800fcb2                __aeabi_memcpy4
                0x000000000800fcb2                __aeabi_memcpy8
                0x000000000800fcb2                __aeabi_memcpy
 *fill*         0x000000000800fcb6        0x2 
 .text.__errno  0x000000000800fcb8        0xc c:/st/stm32cubeide_1.3.0/stm32cubeide/plugins/com.st.stm32cube.ide.mcu.externaltools.gnu-tools-for-stm32.7-2018-q2-update.win32_1.0.0.201904181610/tools/bin/../lib/gcc/arm-none-eabi/7.3.1/../../../../arm-none-eabi/lib/thumb/v7e-m/fpv5/hard\libc_nano.a(lib_a-errno.o)
                0x000000000800fcb8                __errno
 .text.__libc_init_array
                0x000000000800fcc4       0x48 c:/st/stm32cubeide_1.3.0/stm32cubeide/plugins/com.st.stm32cube.ide.mcu.externaltools.gnu-tools-for-stm32.7-2018-q2-update.win32_1.0.0.201904181610/tools/bin/../lib/gcc/arm-none-eabi/7.3.1/../../../../arm-none-eabi/lib/thumb/v7e-m/fpv5/hard\libc_nano.a(lib_a-init.o)
                0x000000000800fcc4                __libc_init_array
 .text.malloc   0x000000000800fd0c       0x10 c:/st/stm32cubeide_1.3.0/stm32cubeide/plugins/com.st.stm32cube.ide.mcu.externaltools.gnu-tools-for-stm32.7-2018-q2-update.win32_1.0.0.201904181610/tools/bin/../lib/gcc/arm-none-eabi/7.3.1/../../../../arm-none-eabi/lib/thumb/v7e-m/fpv5/hard\libc_nano.a(lib_a-malloc.o)
                0x000000000800fd0c                malloc
 .text.free     0x000000000800fd1c       0x10 c:/st/stm32cubeide_1.3.0/stm32cubeide/plugins/com.st.stm32cube.ide.mcu.externaltools.gnu-tools-for-stm32.7-2018-q2-update.win32_1.0.0.201904181610/tools/bin/../lib/gcc/arm-none-eabi/7.3.1/../../../../arm-none-eabi/lib/thumb/v7e-m/fpv5/hard\libc_nano.a(lib_a-malloc.o)
                0x000000000800fd1c                free
 .text.memcmp   0x000000000800fd2c       0x1e c:/st/stm32cubeide_1.3.0/stm32cubeide/plugins/com.st.stm32cube.ide.mcu.externaltools.gnu-tools-for-stm32.7-2018-q2-update.win32_1.0.0.201904181610/tools/bin/../lib/gcc/arm-none-eabi/7.3.1/../../../../arm-none-eabi/lib/thumb/v7e-m/fpv5/hard\libc_nano.a(lib_a-memcmp.o)
                0x000000000800fd2c                memcmp
 .text.memcpy   0x000000000800fd4a       0x16 c:/st/stm32cubeide_1.3.0/stm32cubeide/plugins/com.st.stm32cube.ide.mcu.externaltools.gnu-tools-for-stm32.7-2018-q2-update.win32_1.0.0.201904181610/tools/bin/../lib/gcc/arm-none-eabi/7.3.1/../../../../arm-none-eabi/lib/thumb/v7e-m/fpv5/hard\libc_nano.a(lib_a-memcpy-stub.o)
                0x000000000800fd4a                memcpy
 .text.memset   0x000000000800fd60       0x10 c:/st/stm32cubeide_1.3.0/stm32cubeide/plugins/com.st.stm32cube.ide.mcu.externaltools.gnu-tools-for-stm32.7-2018-q2-update.win32_1.0.0.201904181610/tools/bin/../lib/gcc/arm-none-eabi/7.3.1/../../../../arm-none-eabi/lib/thumb/v7e-m/fpv5/hard\libc_nano.a(lib_a-memset.o)
                0x000000000800fd60                memset
 .text._free_r  0x000000000800fd70       0x9c c:/st/stm32cubeide_1.3.0/stm32cubeide/plugins/com.st.stm32cube.ide.mcu.externaltools.gnu-tools-for-stm32.7-2018-q2-update.win32_1.0.0.201904181610/tools/bin/../lib/gcc/arm-none-eabi/7.3.1/../../../../arm-none-eabi/lib/thumb/v7e-m/fpv5/hard\libc_nano.a(lib_a-nano-freer.o)
                0x000000000800fd70                _free_r
 .text._malloc_r
                0x000000000800fe0c       0xb4 c:/st/stm32cubeide_1.3.0/stm32cubeide/plugins/com.st.stm32cube.ide.mcu.externaltools.gnu-tools-for-stm32.7-2018-q2-update.win32_1.0.0.201904181610/tools/bin/../lib/gcc/arm-none-eabi/7.3.1/../../../../arm-none-eabi/lib/thumb/v7e-m/fpv5/hard\libc_nano.a(lib_a-nano-mallocr.o)
                0x000000000800fe0c                _malloc_r
 .text.__cvt    0x000000000800fec0       0xa4 c:/st/stm32cubeide_1.3.0/stm32cubeide/plugins/com.st.stm32cube.ide.mcu.externaltools.gnu-tools-for-stm32.7-2018-q2-update.win32_1.0.0.201904181610/tools/bin/../lib/gcc/arm-none-eabi/7.3.1/../../../../arm-none-eabi/lib/thumb/v7e-m/fpv5/hard\libc_nano.a(lib_a-nano-vfprintf_float.o)
                0x000000000800fec0                __cvt
 .text.__exponent
                0x000000000800ff64       0x66 c:/st/stm32cubeide_1.3.0/stm32cubeide/plugins/com.st.stm32cube.ide.mcu.externaltools.gnu-tools-for-stm32.7-2018-q2-update.win32_1.0.0.201904181610/tools/bin/../lib/gcc/arm-none-eabi/7.3.1/../../../../arm-none-eabi/lib/thumb/v7e-m/fpv5/hard\libc_nano.a(lib_a-nano-vfprintf_float.o)
                0x000000000800ff64                __exponent
 *fill*         0x000000000800ffca        0x6 
 .text._printf_float
                0x000000000800ffd0      0x458 c:/st/stm32cubeide_1.3.0/stm32cubeide/plugins/com.st.stm32cube.ide.mcu.externaltools.gnu-tools-for-stm32.7-2018-q2-update.win32_1.0.0.201904181610/tools/bin/../lib/gcc/arm-none-eabi/7.3.1/../../../../arm-none-eabi/lib/thumb/v7e-m/fpv5/hard\libc_nano.a(lib_a-nano-vfprintf_float.o)
                0x000000000800ffd0                _printf_float
 .text._printf_common
                0x0000000008010428       0xea c:/st/stm32cubeide_1.3.0/stm32cubeide/plugins/com.st.stm32cube.ide.mcu.externaltools.gnu-tools-for-stm32.7-2018-q2-update.win32_1.0.0.201904181610/tools/bin/../lib/gcc/arm-none-eabi/7.3.1/../../../../arm-none-eabi/lib/thumb/v7e-m/fpv5/hard\libc_nano.a(lib_a-nano-vfprintf_i.o)
                0x0000000008010428                _printf_common
 *fill*         0x0000000008010512        0x2 
 .text._printf_i
                0x0000000008010514      0x224 c:/st/stm32cubeide_1.3.0/stm32cubeide/plugins/com.st.stm32cube.ide.mcu.externaltools.gnu-tools-for-stm32.7-2018-q2-update.win32_1.0.0.201904181610/tools/bin/../lib/gcc/arm-none-eabi/7.3.1/../../../../arm-none-eabi/lib/thumb/v7e-m/fpv5/hard\libc_nano.a(lib_a-nano-vfprintf_i.o)
                0x0000000008010514                _printf_i
 .text.printf   0x0000000008010738       0x30 c:/st/stm32cubeide_1.3.0/stm32cubeide/plugins/com.st.stm32cube.ide.mcu.externaltools.gnu-tools-for-stm32.7-2018-q2-update.win32_1.0.0.201904181610/tools/bin/../lib/gcc/arm-none-eabi/7.3.1/../../../../arm-none-eabi/lib/thumb/v7e-m/fpv5/hard\libc_nano.a(lib_a-printf.o)
                0x0000000008010738                iprintf
                0x0000000008010738                printf
 .text._puts_r  0x0000000008010768       0xb8 c:/st/stm32cubeide_1.3.0/stm32cubeide/plugins/com.st.stm32cube.ide.mcu.externaltools.gnu-tools-for-stm32.7-2018-q2-update.win32_1.0.0.201904181610/tools/bin/../lib/gcc/arm-none-eabi/7.3.1/../../../../arm-none-eabi/lib/thumb/v7e-m/fpv5/hard\libc_nano.a(lib_a-puts.o)
                0x0000000008010768                _puts_r
 .text.puts     0x0000000008010820       0x10 c:/st/stm32cubeide_1.3.0/stm32cubeide/plugins/com.st.stm32cube.ide.mcu.externaltools.gnu-tools-for-stm32.7-2018-q2-update.win32_1.0.0.201904181610/tools/bin/../lib/gcc/arm-none-eabi/7.3.1/../../../../arm-none-eabi/lib/thumb/v7e-m/fpv5/hard\libc_nano.a(lib_a-puts.o)
                0x0000000008010820                puts
 .text.realloc  0x0000000008010830       0x10 c:/st/stm32cubeide_1.3.0/stm32cubeide/plugins/com.st.stm32cube.ide.mcu.externaltools.gnu-tools-for-stm32.7-2018-q2-update.win32_1.0.0.201904181610/tools/bin/../lib/gcc/arm-none-eabi/7.3.1/../../../../arm-none-eabi/lib/thumb/v7e-m/fpv5/hard\libc_nano.a(lib_a-realloc.o)
                0x0000000008010830                realloc
 .text._sbrk_r  0x0000000008010840       0x20 c:/st/stm32cubeide_1.3.0/stm32cubeide/plugins/com.st.stm32cube.ide.mcu.externaltools.gnu-tools-for-stm32.7-2018-q2-update.win32_1.0.0.201904181610/tools/bin/../lib/gcc/arm-none-eabi/7.3.1/../../../../arm-none-eabi/lib/thumb/v7e-m/fpv5/hard\libc_nano.a(lib_a-sbrkr.o)
                0x0000000008010840                _sbrk_r
 .text.strncmp  0x0000000008010860       0x24 c:/st/stm32cubeide_1.3.0/stm32cubeide/plugins/com.st.stm32cube.ide.mcu.externaltools.gnu-tools-for-stm32.7-2018-q2-update.win32_1.0.0.201904181610/tools/bin/../lib/gcc/arm-none-eabi/7.3.1/../../../../arm-none-eabi/lib/thumb/v7e-m/fpv5/hard\libc_nano.a(lib_a-strncmp.o)
                0x0000000008010860                strncmp
 .text.__swbuf_r
                0x0000000008010884       0xa4 c:/st/stm32cubeide_1.3.0/stm32cubeide/plugins/com.st.stm32cube.ide.mcu.externaltools.gnu-tools-for-stm32.7-2018-q2-update.win32_1.0.0.201904181610/tools/bin/../lib/gcc/arm-none-eabi/7.3.1/../../../../arm-none-eabi/lib/thumb/v7e-m/fpv5/hard\libc_nano.a(lib_a-wbuf.o)
                0x0000000008010884                __swbuf_r
 .text.__swsetup_r
                0x0000000008010928       0xdc c:/st/stm32cubeide_1.3.0/stm32cubeide/plugins/com.st.stm32cube.ide.mcu.externaltools.gnu-tools-for-stm32.7-2018-q2-update.win32_1.0.0.201904181610/tools/bin/../lib/gcc/arm-none-eabi/7.3.1/../../../../arm-none-eabi/lib/thumb/v7e-m/fpv5/hard\libc_nano.a(lib_a-wsetup.o)
                0x0000000008010928                __swsetup_r
 .text.quorem   0x0000000008010a04      0x118 c:/st/stm32cubeide_1.3.0/stm32cubeide/plugins/com.st.stm32cube.ide.mcu.externaltools.gnu-tools-for-stm32.7-2018-q2-update.win32_1.0.0.201904181610/tools/bin/../lib/gcc/arm-none-eabi/7.3.1/../../../../arm-none-eabi/lib/thumb/v7e-m/fpv5/hard\libc_nano.a(lib_a-dtoa.o)
 *fill*         0x0000000008010b1c        0x4 
 .text._dtoa_r  0x0000000008010b20      0xa98 c:/st/stm32cubeide_1.3.0/stm32cubeide/plugins/com.st.stm32cube.ide.mcu.externaltools.gnu-tools-for-stm32.7-2018-q2-update.win32_1.0.0.201904181610/tools/bin/../lib/gcc/arm-none-eabi/7.3.1/../../../../arm-none-eabi/lib/thumb/v7e-m/fpv5/hard\libc_nano.a(lib_a-dtoa.o)
                0x0000000008010b20                _dtoa_r
 .text.__sflush_r
                0x00000000080115b8      0x10c c:/st/stm32cubeide_1.3.0/stm32cubeide/plugins/com.st.stm32cube.ide.mcu.externaltools.gnu-tools-for-stm32.7-2018-q2-update.win32_1.0.0.201904181610/tools/bin/../lib/gcc/arm-none-eabi/7.3.1/../../../../arm-none-eabi/lib/thumb/v7e-m/fpv5/hard\libc_nano.a(lib_a-fflush.o)
                0x00000000080115b8                __sflush_r
 .text._fflush_r
                0x00000000080116c4       0x54 c:/st/stm32cubeide_1.3.0/stm32cubeide/plugins/com.st.stm32cube.ide.mcu.externaltools.gnu-tools-for-stm32.7-2018-q2-update.win32_1.0.0.201904181610/tools/bin/../lib/gcc/arm-none-eabi/7.3.1/../../../../arm-none-eabi/lib/thumb/v7e-m/fpv5/hard\libc_nano.a(lib_a-fflush.o)
                0x00000000080116c4                _fflush_r
 .text.std      0x0000000008011718       0x48 c:/st/stm32cubeide_1.3.0/stm32cubeide/plugins/com.st.stm32cube.ide.mcu.externaltools.gnu-tools-for-stm32.7-2018-q2-update.win32_1.0.0.201904181610/tools/bin/../lib/gcc/arm-none-eabi/7.3.1/../../../../arm-none-eabi/lib/thumb/v7e-m/fpv5/hard\libc_nano.a(lib_a-findfp.o)
 .text._cleanup_r
                0x0000000008011760        0xc c:/st/stm32cubeide_1.3.0/stm32cubeide/plugins/com.st.stm32cube.ide.mcu.externaltools.gnu-tools-for-stm32.7-2018-q2-update.win32_1.0.0.201904181610/tools/bin/../lib/gcc/arm-none-eabi/7.3.1/../../../../arm-none-eabi/lib/thumb/v7e-m/fpv5/hard\libc_nano.a(lib_a-findfp.o)
                0x0000000008011760                _cleanup_r
 .text.__sfmoreglue
                0x000000000801176c       0x2c c:/st/stm32cubeide_1.3.0/stm32cubeide/plugins/com.st.stm32cube.ide.mcu.externaltools.gnu-tools-for-stm32.7-2018-q2-update.win32_1.0.0.201904181610/tools/bin/../lib/gcc/arm-none-eabi/7.3.1/../../../../arm-none-eabi/lib/thumb/v7e-m/fpv5/hard\libc_nano.a(lib_a-findfp.o)
                0x000000000801176c                __sfmoreglue
 .text.__sinit  0x0000000008011798       0x60 c:/st/stm32cubeide_1.3.0/stm32cubeide/plugins/com.st.stm32cube.ide.mcu.externaltools.gnu-tools-for-stm32.7-2018-q2-update.win32_1.0.0.201904181610/tools/bin/../lib/gcc/arm-none-eabi/7.3.1/../../../../arm-none-eabi/lib/thumb/v7e-m/fpv5/hard\libc_nano.a(lib_a-findfp.o)
                0x0000000008011798                __sinit
 .text.__sfp    0x00000000080117f8       0x78 c:/st/stm32cubeide_1.3.0/stm32cubeide/plugins/com.st.stm32cube.ide.mcu.externaltools.gnu-tools-for-stm32.7-2018-q2-update.win32_1.0.0.201904181610/tools/bin/../lib/gcc/arm-none-eabi/7.3.1/../../../../arm-none-eabi/lib/thumb/v7e-m/fpv5/hard\libc_nano.a(lib_a-findfp.o)
                0x00000000080117f8                __sfp
 .text._fwalk_reent
                0x0000000008011870       0x3c c:/st/stm32cubeide_1.3.0/stm32cubeide/plugins/com.st.stm32cube.ide.mcu.externaltools.gnu-tools-for-stm32.7-2018-q2-update.win32_1.0.0.201904181610/tools/bin/../lib/gcc/arm-none-eabi/7.3.1/../../../../arm-none-eabi/lib/thumb/v7e-m/fpv5/hard\libc_nano.a(lib_a-fwalk.o)
                0x0000000008011870                _fwalk_reent
 .text._localeconv_r
                0x00000000080118ac       0x1c c:/st/stm32cubeide_1.3.0/stm32cubeide/plugins/com.st.stm32cube.ide.mcu.externaltools.gnu-tools-for-stm32.7-2018-q2-update.win32_1.0.0.201904181610/tools/bin/../lib/gcc/arm-none-eabi/7.3.1/../../../../arm-none-eabi/lib/thumb/v7e-m/fpv5/hard\libc_nano.a(lib_a-localeconv.o)
                0x00000000080118ac                _localeconv_r
 .text.__swhatbuf_r
                0x00000000080118c8       0x48 c:/st/stm32cubeide_1.3.0/stm32cubeide/plugins/com.st.stm32cube.ide.mcu.externaltools.gnu-tools-for-stm32.7-2018-q2-update.win32_1.0.0.201904181610/tools/bin/../lib/gcc/arm-none-eabi/7.3.1/../../../../arm-none-eabi/lib/thumb/v7e-m/fpv5/hard\libc_nano.a(lib_a-makebuf.o)
                0x00000000080118c8                __swhatbuf_r
 .text.__smakebuf_r
                0x0000000008011910       0x80 c:/st/stm32cubeide_1.3.0/stm32cubeide/plugins/com.st.stm32cube.ide.mcu.externaltools.gnu-tools-for-stm32.7-2018-q2-update.win32_1.0.0.201904181610/tools/bin/../lib/gcc/arm-none-eabi/7.3.1/../../../../arm-none-eabi/lib/thumb/v7e-m/fpv5/hard\libc_nano.a(lib_a-makebuf.o)
                0x0000000008011910                __smakebuf_r
 .text.__malloc_lock
                0x0000000008011990        0x2 c:/st/stm32cubeide_1.3.0/stm32cubeide/plugins/com.st.stm32cube.ide.mcu.externaltools.gnu-tools-for-stm32.7-2018-q2-update.win32_1.0.0.201904181610/tools/bin/../lib/gcc/arm-none-eabi/7.3.1/../../../../arm-none-eabi/lib/thumb/v7e-m/fpv5/hard\libc_nano.a(lib_a-mlock.o)
                0x0000000008011990                __malloc_lock
 .text.__malloc_unlock
                0x0000000008011992        0x2 c:/st/stm32cubeide_1.3.0/stm32cubeide/plugins/com.st.stm32cube.ide.mcu.externaltools.gnu-tools-for-stm32.7-2018-q2-update.win32_1.0.0.201904181610/tools/bin/../lib/gcc/arm-none-eabi/7.3.1/../../../../arm-none-eabi/lib/thumb/v7e-m/fpv5/hard\libc_nano.a(lib_a-mlock.o)
                0x0000000008011992                __malloc_unlock
 .text._Balloc  0x0000000008011994       0x68 c:/st/stm32cubeide_1.3.0/stm32cubeide/plugins/com.st.stm32cube.ide.mcu.externaltools.gnu-tools-for-stm32.7-2018-q2-update.win32_1.0.0.201904181610/tools/bin/../lib/gcc/arm-none-eabi/7.3.1/../../../../arm-none-eabi/lib/thumb/v7e-m/fpv5/hard\libc_nano.a(lib_a-mprec.o)
                0x0000000008011994                _Balloc
 .text._Bfree   0x00000000080119fc       0x2e c:/st/stm32cubeide_1.3.0/stm32cubeide/plugins/com.st.stm32cube.ide.mcu.externaltools.gnu-tools-for-stm32.7-2018-q2-update.win32_1.0.0.201904181610/tools/bin/../lib/gcc/arm-none-eabi/7.3.1/../../../../arm-none-eabi/lib/thumb/v7e-m/fpv5/hard\libc_nano.a(lib_a-mprec.o)
                0x00000000080119fc                _Bfree
 .text.__multadd
                0x0000000008011a2a       0x76 c:/st/stm32cubeide_1.3.0/stm32cubeide/plugins/com.st.stm32cube.ide.mcu.externaltools.gnu-tools-for-stm32.7-2018-q2-update.win32_1.0.0.201904181610/tools/bin/../lib/gcc/arm-none-eabi/7.3.1/../../../../arm-none-eabi/lib/thumb/v7e-m/fpv5/hard\libc_nano.a(lib_a-mprec.o)
                0x0000000008011a2a                __multadd
 .text.__hi0bits
                0x0000000008011aa0       0x3e c:/st/stm32cubeide_1.3.0/stm32cubeide/plugins/com.st.stm32cube.ide.mcu.externaltools.gnu-tools-for-stm32.7-2018-q2-update.win32_1.0.0.201904181610/tools/bin/../lib/gcc/arm-none-eabi/7.3.1/../../../../arm-none-eabi/lib/thumb/v7e-m/fpv5/hard\libc_nano.a(lib_a-mprec.o)
                0x0000000008011aa0                __hi0bits
 .text.__lo0bits
                0x0000000008011ade       0x5e c:/st/stm32cubeide_1.3.0/stm32cubeide/plugins/com.st.stm32cube.ide.mcu.externaltools.gnu-tools-for-stm32.7-2018-q2-update.win32_1.0.0.201904181610/tools/bin/../lib/gcc/arm-none-eabi/7.3.1/../../../../arm-none-eabi/lib/thumb/v7e-m/fpv5/hard\libc_nano.a(lib_a-mprec.o)
                0x0000000008011ade                __lo0bits
 .text.__i2b    0x0000000008011b3c       0x12 c:/st/stm32cubeide_1.3.0/stm32cubeide/plugins/com.st.stm32cube.ide.mcu.externaltools.gnu-tools-for-stm32.7-2018-q2-update.win32_1.0.0.201904181610/tools/bin/../lib/gcc/arm-none-eabi/7.3.1/../../../../arm-none-eabi/lib/thumb/v7e-m/fpv5/hard\libc_nano.a(lib_a-mprec.o)
                0x0000000008011b3c                __i2b
 .text.__multiply
                0x0000000008011b4e      0x12c c:/st/stm32cubeide_1.3.0/stm32cubeide/plugins/com.st.stm32cube.ide.mcu.externaltools.gnu-tools-for-stm32.7-2018-q2-update.win32_1.0.0.201904181610/tools/bin/../lib/gcc/arm-none-eabi/7.3.1/../../../../arm-none-eabi/lib/thumb/v7e-m/fpv5/hard\libc_nano.a(lib_a-mprec.o)
                0x0000000008011b4e                __multiply
 *fill*         0x0000000008011c7a        0x2 
 .text.__pow5mult
                0x0000000008011c7c       0x9c c:/st/stm32cubeide_1.3.0/stm32cubeide/plugins/com.st.stm32cube.ide.mcu.externaltools.gnu-tools-for-stm32.7-2018-q2-update.win32_1.0.0.201904181610/tools/bin/../lib/gcc/arm-none-eabi/7.3.1/../../../../arm-none-eabi/lib/thumb/v7e-m/fpv5/hard\libc_nano.a(lib_a-mprec.o)
                0x0000000008011c7c                __pow5mult
 .text.__lshift
                0x0000000008011d18       0xa8 c:/st/stm32cubeide_1.3.0/stm32cubeide/plugins/com.st.stm32cube.ide.mcu.externaltools.gnu-tools-for-stm32.7-2018-q2-update.win32_1.0.0.201904181610/tools/bin/../lib/gcc/arm-none-eabi/7.3.1/../../../../arm-none-eabi/lib/thumb/v7e-m/fpv5/hard\libc_nano.a(lib_a-mprec.o)
                0x0000000008011d18                __lshift
 .text.__mcmp   0x0000000008011dc0       0x34 c:/st/stm32cubeide_1.3.0/stm32cubeide/plugins/com.st.stm32cube.ide.mcu.externaltools.gnu-tools-for-stm32.7-2018-q2-update.win32_1.0.0.201904181610/tools/bin/../lib/gcc/arm-none-eabi/7.3.1/../../../../arm-none-eabi/lib/thumb/v7e-m/fpv5/hard\libc_nano.a(lib_a-mprec.o)
                0x0000000008011dc0                __mcmp
 .text.__mdiff  0x0000000008011df4       0xba c:/st/stm32cubeide_1.3.0/stm32cubeide/plugins/com.st.stm32cube.ide.mcu.externaltools.gnu-tools-for-stm32.7-2018-q2-update.win32_1.0.0.201904181610/tools/bin/../lib/gcc/arm-none-eabi/7.3.1/../../../../arm-none-eabi/lib/thumb/v7e-m/fpv5/hard\libc_nano.a(lib_a-mprec.o)
                0x0000000008011df4                __mdiff
 .text.__d2b    0x0000000008011eae       0x9e c:/st/stm32cubeide_1.3.0/stm32cubeide/plugins/com.st.stm32cube.ide.mcu.externaltools.gnu-tools-for-stm32.7-2018-q2-update.win32_1.0.0.201904181610/tools/bin/../lib/gcc/arm-none-eabi/7.3.1/../../../../arm-none-eabi/lib/thumb/v7e-m/fpv5/hard\libc_nano.a(lib_a-mprec.o)
                0x0000000008011eae                __d2b
 .text._calloc_r
                0x0000000008011f4c       0x1c c:/st/stm32cubeide_1.3.0/stm32cubeide/plugins/com.st.stm32cube.ide.mcu.externaltools.gnu-tools-for-stm32.7-2018-q2-update.win32_1.0.0.201904181610/tools/bin/../lib/gcc/arm-none-eabi/7.3.1/../../../../arm-none-eabi/lib/thumb/v7e-m/fpv5/hard\libc_nano.a(lib_a-nano-callocr.o)
                0x0000000008011f4c                _calloc_r
 .text._realloc_r
                0x0000000008011f68       0x4c c:/st/stm32cubeide_1.3.0/stm32cubeide/plugins/com.st.stm32cube.ide.mcu.externaltools.gnu-tools-for-stm32.7-2018-q2-update.win32_1.0.0.201904181610/tools/bin/../lib/gcc/arm-none-eabi/7.3.1/../../../../arm-none-eabi/lib/thumb/v7e-m/fpv5/hard\libc_nano.a(lib_a-nano-reallocr.o)
                0x0000000008011f68                _realloc_r
 .text.__sfputc_r
                0x0000000008011fb4       0x2e c:/st/stm32cubeide_1.3.0/stm32cubeide/plugins/com.st.stm32cube.ide.mcu.externaltools.gnu-tools-for-stm32.7-2018-q2-update.win32_1.0.0.201904181610/tools/bin/../lib/gcc/arm-none-eabi/7.3.1/../../../../arm-none-eabi/lib/thumb/v7e-m/fpv5/hard\libc_nano.a(lib_a-nano-vfprintf.o)
 .text.__sfputs_r
                0x0000000008011fe2       0x24 c:/st/stm32cubeide_1.3.0/stm32cubeide/plugins/com.st.stm32cube.ide.mcu.externaltools.gnu-tools-for-stm32.7-2018-q2-update.win32_1.0.0.201904181610/tools/bin/../lib/gcc/arm-none-eabi/7.3.1/../../../../arm-none-eabi/lib/thumb/v7e-m/fpv5/hard\libc_nano.a(lib_a-nano-vfprintf.o)
                0x0000000008011fe2                __sfputs_r
 *fill*         0x0000000008012006        0x2 
 .text._vfprintf_r
                0x0000000008012008      0x22c c:/st/stm32cubeide_1.3.0/stm32cubeide/plugins/com.st.stm32cube.ide.mcu.externaltools.gnu-tools-for-stm32.7-2018-q2-update.win32_1.0.0.201904181610/tools/bin/../lib/gcc/arm-none-eabi/7.3.1/../../../../arm-none-eabi/lib/thumb/v7e-m/fpv5/hard\libc_nano.a(lib_a-nano-vfprintf.o)
                0x0000000008012008                _vfprintf_r
                0x0000000008012008                _vfiprintf_r
 .text.__sread  0x0000000008012234       0x22 c:/st/stm32cubeide_1.3.0/stm32cubeide/plugins/com.st.stm32cube.ide.mcu.externaltools.gnu-tools-for-stm32.7-2018-q2-update.win32_1.0.0.201904181610/tools/bin/../lib/gcc/arm-none-eabi/7.3.1/../../../../arm-none-eabi/lib/thumb/v7e-m/fpv5/hard\libc_nano.a(lib_a-stdio.o)
                0x0000000008012234                __sread
 .text.__swrite
                0x0000000008012256       0x38 c:/st/stm32cubeide_1.3.0/stm32cubeide/plugins/com.st.stm32cube.ide.mcu.externaltools.gnu-tools-for-stm32.7-2018-q2-update.win32_1.0.0.201904181610/tools/bin/../lib/gcc/arm-none-eabi/7.3.1/../../../../arm-none-eabi/lib/thumb/v7e-m/fpv5/hard\libc_nano.a(lib_a-stdio.o)
                0x0000000008012256                __swrite
 .text.__sseek  0x000000000801228e       0x24 c:/st/stm32cubeide_1.3.0/stm32cubeide/plugins/com.st.stm32cube.ide.mcu.externaltools.gnu-tools-for-stm32.7-2018-q2-update.win32_1.0.0.201904181610/tools/bin/../lib/gcc/arm-none-eabi/7.3.1/../../../../arm-none-eabi/lib/thumb/v7e-m/fpv5/hard\libc_nano.a(lib_a-stdio.o)
                0x000000000801228e                __sseek
 .text.__sclose
                0x00000000080122b2        0x8 c:/st/stm32cubeide_1.3.0/stm32cubeide/plugins/com.st.stm32cube.ide.mcu.externaltools.gnu-tools-for-stm32.7-2018-q2-update.win32_1.0.0.201904181610/tools/bin/../lib/gcc/arm-none-eabi/7.3.1/../../../../arm-none-eabi/lib/thumb/v7e-m/fpv5/hard\libc_nano.a(lib_a-stdio.o)
                0x00000000080122b2                __sclose
 *fill*         0x00000000080122ba        0x2 
 .text._write_r
                0x00000000080122bc       0x24 c:/st/stm32cubeide_1.3.0/stm32cubeide/plugins/com.st.stm32cube.ide.mcu.externaltools.gnu-tools-for-stm32.7-2018-q2-update.win32_1.0.0.201904181610/tools/bin/../lib/gcc/arm-none-eabi/7.3.1/../../../../arm-none-eabi/lib/thumb/v7e-m/fpv5/hard\libc_nano.a(lib_a-writer.o)
                0x00000000080122bc                _write_r
 .text._close_r
                0x00000000080122e0       0x20 c:/st/stm32cubeide_1.3.0/stm32cubeide/plugins/com.st.stm32cube.ide.mcu.externaltools.gnu-tools-for-stm32.7-2018-q2-update.win32_1.0.0.201904181610/tools/bin/../lib/gcc/arm-none-eabi/7.3.1/../../../../arm-none-eabi/lib/thumb/v7e-m/fpv5/hard\libc_nano.a(lib_a-closer.o)
                0x00000000080122e0                _close_r
 .text._fstat_r
                0x0000000008012300       0x24 c:/st/stm32cubeide_1.3.0/stm32cubeide/plugins/com.st.stm32cube.ide.mcu.externaltools.gnu-tools-for-stm32.7-2018-q2-update.win32_1.0.0.201904181610/tools/bin/../lib/gcc/arm-none-eabi/7.3.1/../../../../arm-none-eabi/lib/thumb/v7e-m/fpv5/hard\libc_nano.a(lib_a-fstatr.o)
                0x0000000008012300                _fstat_r
 .text._isatty_r
                0x0000000008012324       0x20 c:/st/stm32cubeide_1.3.0/stm32cubeide/plugins/com.st.stm32cube.ide.mcu.externaltools.gnu-tools-for-stm32.7-2018-q2-update.win32_1.0.0.201904181610/tools/bin/../lib/gcc/arm-none-eabi/7.3.1/../../../../arm-none-eabi/lib/thumb/v7e-m/fpv5/hard\libc_nano.a(lib_a-isattyr.o)
                0x0000000008012324                _isatty_r
 .text._lseek_r
                0x0000000008012344       0x24 c:/st/stm32cubeide_1.3.0/stm32cubeide/plugins/com.st.stm32cube.ide.mcu.externaltools.gnu-tools-for-stm32.7-2018-q2-update.win32_1.0.0.201904181610/tools/bin/../lib/gcc/arm-none-eabi/7.3.1/../../../../arm-none-eabi/lib/thumb/v7e-m/fpv5/hard\libc_nano.a(lib_a-lseekr.o)
                0x0000000008012344                _lseek_r
 .text.__ascii_mbtowc
                0x0000000008012368       0x24 c:/st/stm32cubeide_1.3.0/stm32cubeide/plugins/com.st.stm32cube.ide.mcu.externaltools.gnu-tools-for-stm32.7-2018-q2-update.win32_1.0.0.201904181610/tools/bin/../lib/gcc/arm-none-eabi/7.3.1/../../../../arm-none-eabi/lib/thumb/v7e-m/fpv5/hard\libc_nano.a(lib_a-mbtowc_r.o)
                0x0000000008012368                __ascii_mbtowc
 .text._malloc_usable_size_r
                0x000000000801238c       0x10 c:/st/stm32cubeide_1.3.0/stm32cubeide/plugins/com.st.stm32cube.ide.mcu.externaltools.gnu-tools-for-stm32.7-2018-q2-update.win32_1.0.0.201904181610/tools/bin/../lib/gcc/arm-none-eabi/7.3.1/../../../../arm-none-eabi/lib/thumb/v7e-m/fpv5/hard\libc_nano.a(lib_a-nano-msizer.o)
                0x000000000801238c                _malloc_usable_size_r
 .text._read_r  0x000000000801239c       0x24 c:/st/stm32cubeide_1.3.0/stm32cubeide/plugins/com.st.stm32cube.ide.mcu.externaltools.gnu-tools-for-stm32.7-2018-q2-update.win32_1.0.0.201904181610/tools/bin/../lib/gcc/arm-none-eabi/7.3.1/../../../../arm-none-eabi/lib/thumb/v7e-m/fpv5/hard\libc_nano.a(lib_a-readr.o)
                0x000000000801239c                _read_r
 .text.__ascii_wctomb
                0x00000000080123c0       0x1a c:/st/stm32cubeide_1.3.0/stm32cubeide/plugins/com.st.stm32cube.ide.mcu.externaltools.gnu-tools-for-stm32.7-2018-q2-update.win32_1.0.0.201904181610/tools/bin/../lib/gcc/arm-none-eabi/7.3.1/../../../../arm-none-eabi/lib/thumb/v7e-m/fpv5/hard\libc_nano.a(lib_a-wctomb_r.o)
                0x00000000080123c0                __ascii_wctomb
 *fill*         0x00000000080123da        0x2 
 .text.asinhf   0x00000000080123dc       0xd0 c:/st/stm32cubeide_1.3.0/stm32cubeide/plugins/com.st.stm32cube.ide.mcu.externaltools.gnu-tools-for-stm32.7-2018-q2-update.win32_1.0.0.201904181610/tools/bin/../lib/gcc/arm-none-eabi/7.3.1/../../../../arm-none-eabi/lib/thumb/v7e-m/fpv5/hard\libm.a(lib_a-sf_asinh.o)
                0x00000000080123dc                asinhf
 .text.atanf    0x00000000080124ac      0x1a4 c:/st/stm32cubeide_1.3.0/stm32cubeide/plugins/com.st.stm32cube.ide.mcu.externaltools.gnu-tools-for-stm32.7-2018-q2-update.win32_1.0.0.201904181610/tools/bin/../lib/gcc/arm-none-eabi/7.3.1/../../../../arm-none-eabi/lib/thumb/v7e-m/fpv5/hard\libm.a(lib_a-sf_atan.o)
                0x00000000080124ac                atanf
 .text.ceilf    0x0000000008012650       0x80 c:/st/stm32cubeide_1.3.0/stm32cubeide/plugins/com.st.stm32cube.ide.mcu.externaltools.gnu-tools-for-stm32.7-2018-q2-update.win32_1.0.0.201904181610/tools/bin/../lib/gcc/arm-none-eabi/7.3.1/../../../../arm-none-eabi/lib/thumb/v7e-m/fpv5/hard\libm.a(lib_a-sf_ceil.o)
                0x0000000008012650                ceilf
 .text.cosf     0x00000000080126d0       0x80 c:/st/stm32cubeide_1.3.0/stm32cubeide/plugins/com.st.stm32cube.ide.mcu.externaltools.gnu-tools-for-stm32.7-2018-q2-update.win32_1.0.0.201904181610/tools/bin/../lib/gcc/arm-none-eabi/7.3.1/../../../../arm-none-eabi/lib/thumb/v7e-m/fpv5/hard\libm.a(lib_a-sf_cos.o)
                0x00000000080126d0                cosf
 .text.erff     0x0000000008012750      0x3c0 c:/st/stm32cubeide_1.3.0/stm32cubeide/plugins/com.st.stm32cube.ide.mcu.externaltools.gnu-tools-for-stm32.7-2018-q2-update.win32_1.0.0.201904181610/tools/bin/../lib/gcc/arm-none-eabi/7.3.1/../../../../arm-none-eabi/lib/thumb/v7e-m/fpv5/hard\libm.a(lib_a-sf_erf.o)
                0x0000000008012750                erff
 .text.expf     0x0000000008012b10       0xfc c:/st/stm32cubeide_1.3.0/stm32cubeide/plugins/com.st.stm32cube.ide.mcu.externaltools.gnu-tools-for-stm32.7-2018-q2-update.win32_1.0.0.201904181610/tools/bin/../lib/gcc/arm-none-eabi/7.3.1/../../../../arm-none-eabi/lib/thumb/v7e-m/fpv5/hard\libm.a(lib_a-sf_exp.o)
                0x0000000008012b10                expf
 .text.fabsf    0x0000000008012c0c        0xe c:/st/stm32cubeide_1.3.0/stm32cubeide/plugins/com.st.stm32cube.ide.mcu.externaltools.gnu-tools-for-stm32.7-2018-q2-update.win32_1.0.0.201904181610/tools/bin/../lib/gcc/arm-none-eabi/7.3.1/../../../../arm-none-eabi/lib/thumb/v7e-m/fpv5/hard\libm.a(lib_a-sf_fabs.o)
                0x0000000008012c0c                fabsf
 *fill*         0x0000000008012c1a        0x2 
 .text.floorf   0x0000000008012c1c       0x84 c:/st/stm32cubeide_1.3.0/stm32cubeide/plugins/com.st.stm32cube.ide.mcu.externaltools.gnu-tools-for-stm32.7-2018-q2-update.win32_1.0.0.201904181610/tools/bin/../lib/gcc/arm-none-eabi/7.3.1/../../../../arm-none-eabi/lib/thumb/v7e-m/fpv5/hard\libm.a(lib_a-sf_floor.o)
                0x0000000008012c1c                floorf
 .text.logf     0x0000000008012ca0       0xd0 c:/st/stm32cubeide_1.3.0/stm32cubeide/plugins/com.st.stm32cube.ide.mcu.externaltools.gnu-tools-for-stm32.7-2018-q2-update.win32_1.0.0.201904181610/tools/bin/../lib/gcc/arm-none-eabi/7.3.1/../../../../arm-none-eabi/lib/thumb/v7e-m/fpv5/hard\libm.a(lib_a-sf_log.o)
                0x0000000008012ca0                logf